mission_command=START
[YDLIDAR] SDK initializing
[YDLIDAR] SDK has been initialized
[YDLIDAR] SDK Version: 1.2.7
[YDLIDAR] Lidar successfully connected [/dev/ttyS3:230400]
[YDLIDAR] Lidar running correctly! The health status: good
Current Lidar Model Code 151
[YDLIDAR] Baseplate device info
Firmware version: 1.2
Hardware version: 1
Model: Tmini Plus
Serial: 2025042300090381
[YDLIDAR] Current scan frequency: 10.00Hz
[YDLIDAR] Current scan frequency: 10.00Hz
[YDLIDAR] Lidar init success, Elapsed time 1009 ms
[YDLIDAR] Create thread 0xA695E4C0
[YDLIDAR] Successed to start scan mode, Elapsed time 2098 ms
[YDLIDAR] Scan Frequency: 10.00Hz
[YDLIDAR] Fixed Size: 400
[YDLIDAR] Sample Rate: 4.00K
[YDLIDAR] Successed to check the lidar, Elapsed time 0 ms
[2026-07-25 01:37:17][info] [YDLIDAR] Now lidar is scanning...
lidar_state=RUNNING
x=3.95 y=4.45 yaw=-0.0436336 score=0.996621 valid=1 mode=global state=RECOVERED evaluated=15444 execution_us=894810 reason=initial_global_pose_accepted
x=3.95 y=4.45 yaw=-0.0620211 score=0.988664 valid=1 mode=tracking state=RECOVERED evaluated=807 execution_us=49805 reason=recovery_confirmation_pending
x=3.95 y=4.45 yaw=-0.0629552 score=0.988175 valid=1 mode=tracking state=RECOVERED evaluated=789 execution_us=47482 reason=recovery_confirmation_pending
x=3.95 y=4.45 yaw=-0.0638894 score=0.98784 valid=1 mode=tracking state=TRACKING evaluated=789 execution_us=55982 reason=recovery_confirmed
x=3.95 y=4.45 yaw=-0.0473703 score=0.989916 valid=1 mode=tracking state=TRACKING evaluated=789 execution_us=52449 reason=tracking_pose_accepted
x=3.95 y=4.45 yaw=-0.0483045 score=0.992228 valid=1 mode=tracking state=TRACKING evaluated=789 execution_us=96541 reason=tracking_pose_accepted
x=3.95 y=4.45 yaw=-0.0492386 score=0.995404 valid=1 mode=tracking state=TRACKING evaluated=789 execution_us=79850 reason=tracking_pose_accepted
x=3.95 y=4.45 yaw=-0.0501728 score=0.992268 valid=1 mode=tracking state=TRACKING evaluated=789 execution_us=46589 reason=tracking_pose_accepted
x=3.95 y=4.45 yaw=-0.051107 score=0.995711 valid=1 mode=tracking state=TRACKING evaluated=789 execution_us=55501 reason=tracking_pose_accepted
x=3.95 y=4.45 yaw=-0.0520412 score=0.993719 valid=1 mode=tracking state=TRACKING evaluated=789 execution_us=56781 reason=tracking_pose_accepted
x=3.95 y=4.45 yaw=-0.0529754 score=0.995452 valid=1 mode=tracking state=TRACKING evaluated=789 execution_us=57066 reason=tracking_pose_accepted
x=3.95 y=4.45 yaw=-0.0539096 score=0.995733 valid=1 mode=tracking state=TRACKING evaluated=789 execution_us=55924 reason=tracking_pose_accepted
x=3.95 y=4.45 yaw=-0.0548437 score=0.995098 valid=1 mode=tracking state=TRACKING evaluated=789 execution_us=59169 reason=tracking_pose_accepted
x=3.95 y=4.45 yaw=-0.0557779 score=0.995416 valid=1 mode=tracking state=TRACKING evaluated=789 execution_us=57682 reason=tracking_pose_accepted
x=3.95 y=4.45 yaw=-0.0567121 score=0.991662 valid=1 mode=tracking state=TRACKING evaluated=789 execution_us=50522 reason=tracking_pose_accepted
x=3.95 y=4.45 yaw=-0.0576463 score=0.992781 valid=1 mode=tracking state=TRACKING evaluated=789 execution_us=49939 reason=tracking_pose_accepted
x=3.95 y=4.45 yaw=-0.0585805 score=0.992856 valid=1 mode=tracking state=TRACKING evaluated=789 execution_us=50086 reason=tracking_pose_accepted
x=3.95 y=4.45 yaw=-0.0595147 score=0.991381 valid=1 mode=tracking state=TRACKING evaluated=789 execution_us=82690 reason=tracking_pose_accepted
x=3.95 y=4.45 yaw=-0.0604488 score=0.988942 valid=1 mode=tracking state=TRACKING evaluated=789 execution_us=65950 reason=tracking_pose_accepted
x=3.95 y=4.45 yaw=-0.061383 score=0.992513 valid=1 mode=tracking state=TRACKING evaluated=789 execution_us=55956 reason=tracking_pose_accepted
x=3.95 y=4.45 yaw=-0.0448639 score=0.987559 valid=1 mode=tracking state=TRACKING evaluated=789 execution_us=56449 reason=tracking_pose_accepted
x=3.95 y=4.45 yaw=-0.0457981 score=0.995344 valid=1 mode=tracking state=TRACKING evaluated=789 execution_us=55233 reason=tracking_pose_accepted
x=3.95 y=4.45 yaw=-0.0467323 score=0.990904 valid=1 mode=tracking state=TRACKING evaluated=789 execution_us=56072 reason=tracking_pose_accepted
x=3.95 y=4.45 yaw=-0.0476664 score=0.99316 valid=1 mode=tracking state=TRACKING evaluated=789 execution_us=56609 reason=tracking_pose_accepted
x=3.95 y=4.45 yaw=-0.0486006 score=0.989691 valid=1 mode=tracking state=TRACKING evaluated=789 execution_us=59227 reason=tracking_pose_accepted
x=4 y=4.45 yaw=-0.0669881 score=0.98024 valid=1 mode=tracking state=TRACKING evaluated=789 execution_us=59598 reason=tracking_pose_accepted
x=4 y=4.45 yaw=-0.0330157 score=0.986776 valid=1 mode=tracking state=TRACKING evaluated=789 execution_us=50574 reason=tracking_pose_accepted
x=4.05 y=4.45 yaw=-0.0339498 score=0.977022 valid=1 mode=tracking state=TRACKING evaluated=789 execution_us=49680 reason=tracking_pose_accepted
x=4.1 y=4.4 yaw=-0.0523373 score=0.968444 valid=1 mode=tracking state=TRACKING evaluated=789 execution_us=60807 reason=tracking_pose_accepted
x=4.15 y=4.4 yaw=-0.088178 score=0.976804 valid=1 mode=tracking state=TRACKING evaluated=789 execution_us=60805 reason=tracking_pose_accepted
x=4.2 y=4.4 yaw=-0.106565 score=0.959568 valid=1 mode=tracking state=TRACKING evaluated=789 execution_us=56914 reason=tracking_pose_accepted
x=4.25 y=4.35 yaw=-0.142406 score=0.951387 valid=1 mode=tracking state=TRACKING evaluated=789 execution_us=58035 reason=tracking_pose_accepted
x=4.35 y=4.35 yaw=-0.160794 score=0.940396 valid=1 mode=tracking state=TRACKING evaluated=789 execution_us=56732 reason=tracking_pose_accepted
x=4.45 y=4.3 yaw=-0.179181 score=0.937081 valid=1 mode=tracking state=TRACKING evaluated=789 execution_us=57369 reason=tracking_pose_accepted
x=4.5 y=4.25 yaw=-0.197569 score=0.935509 valid=1 mode=tracking state=TRACKING evaluated=789 execution_us=58363 reason=tracking_pose_accepted
x=4.55 y=4.2 yaw=-0.198503 score=0.954739 valid=1 mode=tracking state=TRACKING evaluated=789 execution_us=58319 reason=tracking_pose_accepted
x=4.6 y=4.2 yaw=-0.199437 score=0.959768 valid=1 mode=tracking state=TRACKING evaluated=789 execution_us=51748 reason=tracking_pose_accepted
x=4.7 y=4.15 yaw=-0.235278 score=0.967609 valid=1 mode=tracking state=TRACKING evaluated=789 execution_us=52213 reason=tracking_pose_accepted
x=4.75 y=4.15 yaw=-0.253665 score=0.965282 valid=1 mode=tracking state=TRACKING evaluated=789 execution_us=51968 reason=tracking_pose_accepted
x=4.8 y=4.1 yaw=-0.272053 score=0.970059 valid=1 mode=tracking state=TRACKING evaluated=789 execution_us=53111 reason=tracking_pose_accepted
x=4.85 y=4.1 yaw=-0.29044 score=0.969521 valid=1 mode=tracking state=TRACKING evaluated=789 execution_us=51217 reason=tracking_pose_accepted
x=4.9 y=4.1 yaw=-0.291374 score=0.972498 valid=1 mode=tracking state=TRACKING evaluated=789 execution_us=52018 reason=tracking_pose_accepted
x=4.95 y=4.05 yaw=-0.309762 score=0.97516 valid=1 mode=tracking state=TRACKING evaluated=789 execution_us=56794 reason=tracking_pose_accepted
x=5 y=4.05 yaw=-0.293243 score=0.96401 valid=1 mode=tracking state=TRACKING evaluated=789 execution_us=56501 reason=tracking_pose_accepted
x=5 y=4 yaw=-0.276723 score=0.976956 valid=1 mode=tracking state=TRACKING evaluated=789 execution_us=56745 reason=tracking_pose_accepted
x=5.05 y=4 yaw=-0.277658 score=0.957724 valid=1 mode=tracking state=TRACKING evaluated=789 execution_us=57217 reason=tracking_pose_accepted
x=5.05 y=3.95 yaw=-0.243685 score=0.975248 valid=1 mode=tracking state=TRACKING evaluated=789 execution_us=56880 reason=tracking_pose_accepted
x=5.1 y=3.95 yaw=-0.227166 score=0.966838 valid=1 mode=tracking state=TRACKING evaluated=789 execution_us=54449 reason=tracking_pose_accepted
x=5.1 y=3.9 yaw=-0.2281 score=0.983542 valid=1 mode=tracking state=TRACKING evaluated=789 execution_us=53450 reason=tracking_pose_accepted
x=5.15 y=3.9 yaw=-0.229034 score=0.970816 valid=1 mode=tracking state=TRACKING evaluated=789 execution_us=53743 reason=tracking_pose_accepted
x=5.15 y=3.85 yaw=-0.212515 score=0.986124 valid=1 mode=tracking state=TRACKING evaluated=807 execution_us=56159 reason=tracking_pose_accepted
x=5.15 y=3.85 yaw=-0.195996 score=0.974093 valid=1 mode=tracking state=TRACKING evaluated=789 execution_us=53787 reason=tracking_pose_accepted
x=5.15 y=3.85 yaw=-0.19693 score=0.974134 valid=1 mode=tracking state=TRACKING evaluated=789 execution_us=54305 reason=tracking_pose_accepted
x=5.15 y=3.85 yaw=-0.180411 score=0.975859 valid=1 mode=tracking state=TRACKING evaluated=789 execution_us=58273 reason=tracking_pose_accepted
x=5.15 y=3.85 yaw=-0.181345 score=0.966384 valid=1 mode=tracking state=TRACKING evaluated=789 execution_us=58676 reason=tracking_pose_accepted
x=5.15 y=3.8 yaw=-0.164826 score=0.969414 valid=1 mode=tracking state=TRACKING evaluated=807 execution_us=59419 reason=tracking_pose_accepted
x=5.15 y=3.8 yaw=-0.130854 score=0.970385 valid=1 mode=tracking state=TRACKING evaluated=789 execution_us=58545 reason=tracking_pose_accepted
x=5.14999 y=3.8 yaw=-0.114334 score=0.981408 valid=1 mode=tracking state=TRACKING evaluated=789 execution_us=59212 reason=tracking_pose_accepted
x=5.14999 y=3.8 yaw=-0.115269 score=0.989084 valid=1 mode=tracking state=TRACKING evaluated=789 execution_us=60047 reason=tracking_pose_accepted
x=5.14999 y=3.8 yaw=-0.116203 score=0.98989 valid=1 mode=tracking state=TRACKING evaluated=789 execution_us=55378 reason=tracking_pose_accepted
x=5.14999 y=3.8 yaw=-0.117137 score=0.989277 valid=1 mode=tracking state=TRACKING evaluated=789 execution_us=55511 reason=tracking_pose_accepted
x=5.14999 y=3.8 yaw=-0.118071 score=0.989763 valid=1 mode=tracking state=TRACKING evaluated=789 execution_us=56908 reason=tracking_pose_accepted
x=5.14999 y=3.8 yaw=-0.119005 score=0.984304 valid=1 mode=tracking state=TRACKING evaluated=789 execution_us=56274 reason=tracking_pose_accepted
x=5.14999 y=3.8 yaw=-0.102486 score=0.978208 valid=1 mode=tracking state=TRACKING evaluated=789 execution_us=56787 reason=tracking_pose_accepted
x=5.14999 y=3.8 yaw=-0.0859671 score=0.984608 valid=1 mode=tracking state=TRACKING evaluated=789 execution_us=57258 reason=tracking_pose_accepted
x=5.14999 y=3.8 yaw=-0.069448 score=0.986624 valid=1 mode=tracking state=TRACKING evaluated=789 execution_us=50500 reason=tracking_pose_accepted
x=5.14999 y=3.8 yaw=-0.0703821 score=0.990527 valid=1 mode=tracking state=TRACKING evaluated=789 execution_us=50913 reason=tracking_pose_accepted
x=5.14999 y=3.8 yaw=-0.0713163 score=0.995111 valid=1 mode=tracking state=TRACKING evaluated=789 execution_us=50959 reason=tracking_pose_accepted
x=5.14999 y=3.8 yaw=-0.0722505 score=0.995085 valid=1 mode=tracking state=TRACKING evaluated=789 execution_us=50156 reason=tracking_pose_accepted
x=5.14999 y=3.8 yaw=-0.0731847 score=0.989067 valid=1 mode=tracking state=TRACKING evaluated=789 execution_us=50745 reason=tracking_pose_accepted
x=5.14999 y=3.8 yaw=-0.0741189 score=0.992096 valid=1 mode=tracking state=TRACKING evaluated=789 execution_us=57010 reason=tracking_pose_accepted
x=5.14999 y=3.8 yaw=-0.0750531 score=0.977771 valid=1 mode=tracking state=TRACKING evaluated=789 execution_us=56971 reason=tracking_pose_accepted
x=5.09999 y=3.8 yaw=-0.0585339 score=0.973276 valid=1 mode=tracking state=TRACKING evaluated=789 execution_us=57054 reason=tracking_pose_accepted
x=5.09999 y=3.8 yaw=-0.0594681 score=0.984846 valid=1 mode=tracking state=TRACKING evaluated=807 execution_us=58066 reason=tracking_pose_accepted
x=5.09999 y=3.8 yaw=-0.0604023 score=0.986793 valid=1 mode=tracking state=TRACKING evaluated=789 execution_us=57879 reason=tracking_pose_accepted
x=5.09999 y=3.8 yaw=-0.0613365 score=0.985488 valid=1 mode=tracking state=TRACKING evaluated=789 execution_us=57005 reason=tracking_pose_accepted
x=5.09999 y=3.8 yaw=-0.0622707 score=0.981916 valid=1 mode=tracking state=TRACKING evaluated=789 execution_us=59994 reason=tracking_pose_accepted
x=5.09999 y=3.8 yaw=-0.0632048 score=0.984569 valid=1 mode=tracking state=TRACKING evaluated=789 execution_us=50445 reason=tracking_pose_accepted
x=5.09998 y=3.8 yaw=-0.064139 score=0.986707 valid=1 mode=tracking state=TRACKING evaluated=789 execution_us=49919 reason=tracking_pose_accepted
x=5.09998 y=3.8 yaw=-0.0476199 score=0.980739 valid=1 mode=tracking state=TRACKING evaluated=789 execution_us=50067 reason=tracking_pose_accepted
x=5.09998 y=3.8 yaw=-0.0485541 score=0.976267 valid=1 mode=tracking state=TRACKING evaluated=789 execution_us=50669 reason=tracking_pose_accepted
x=5.14998 y=3.8 yaw=-0.0669416 score=0.974703 valid=1 mode=tracking state=TRACKING evaluated=789 execution_us=51998 reason=tracking_pose_accepted
x=5.09998 y=3.8 yaw=-0.0504224 score=0.973192 valid=1 mode=tracking state=TRACKING evaluated=789 execution_us=57717 reason=tracking_pose_accepted
x=5.14998 y=3.8 yaw=-0.0688099 score=0.971807 valid=1 mode=tracking state=TRACKING evaluated=807 execution_us=59460 reason=tracking_pose_accepted
x=5.09998 y=3.8 yaw=-0.0522907 score=0.982271 valid=1 mode=tracking state=TRACKING evaluated=789 execution_us=58356 reason=tracking_pose_accepted
x=5.09998 y=3.8 yaw=-0.0532249 score=0.97886 valid=1 mode=tracking state=TRACKING evaluated=789 execution_us=59203 reason=tracking_pose_accepted
x=5.09998 y=3.8 yaw=-0.0541591 score=0.984293 valid=1 mode=tracking state=TRACKING evaluated=789 execution_us=58258 reason=tracking_pose_accepted
x=5.09998 y=3.8 yaw=-0.0550932 score=0.983215 valid=1 mode=tracking state=TRACKING evaluated=789 execution_us=57784 reason=tracking_pose_accepted
x=5.09998 y=3.8 yaw=-0.0560274 score=0.985796 valid=1 mode=tracking state=TRACKING evaluated=789 execution_us=51762 reason=tracking_pose_accepted
x=5.09998 y=3.8 yaw=-0.0569616 score=0.981207 valid=1 mode=tracking state=TRACKING evaluated=789 execution_us=51485 reason=tracking_pose_accepted
x=5.09998 y=3.8 yaw=-0.0578958 score=0.979779 valid=1 mode=tracking state=TRACKING evaluated=789 execution_us=51626 reason=tracking_pose_accepted
x=5.14998 y=3.8 yaw=-0.05883 score=0.978513 valid=1 mode=tracking state=TRACKING evaluated=789 execution_us=51976 reason=tracking_pose_accepted
x=5.09998 y=3.8 yaw=-0.0597642 score=0.978145 valid=1 mode=tracking state=TRACKING evaluated=789 execution_us=51384 reason=tracking_pose_accepted
x=5.09998 y=3.8 yaw=-0.0606983 score=0.979298 valid=1 mode=tracking state=TRACKING evaluated=789 execution_us=58441 reason=tracking_pose_accepted
x=5.09998 y=3.8 yaw=-0.0616325 score=0.984755 valid=1 mode=tracking state=TRACKING evaluated=807 execution_us=59569 reason=tracking_pose_accepted
x=5.09998 y=3.8 yaw=-0.0451134 score=0.97644 valid=1 mode=tracking state=TRACKING evaluated=789 execution_us=58730 reason=tracking_pose_accepted
x=5.14998 y=3.8 yaw=-0.0635009 score=0.97455 valid=1 mode=tracking state=TRACKING evaluated=789 execution_us=56791 reason=tracking_pose_accepted
x=5.14998 y=3.8 yaw=-0.064435 score=0.982184 valid=1 mode=tracking state=TRACKING evaluated=789 execution_us=55923 reason=tracking_pose_accepted
x=5.14998 y=3.8 yaw=-0.0653692 score=0.975467 valid=1 mode=tracking state=TRACKING evaluated=789 execution_us=56181 reason=tracking_pose_accepted
x=5.14997 y=3.8 yaw=-0.0663034 score=0.970487 valid=1 mode=tracking state=TRACKING evaluated=789 execution_us=54085 reason=tracking_pose_accepted
x=5.09997 y=3.8 yaw=-0.0497843 score=0.97754 valid=1 mode=tracking state=TRACKING evaluated=807 execution_us=54256 reason=tracking_pose_accepted
x=5.09997 y=3.8 yaw=-0.0507184 score=0.980646 valid=1 mode=tracking state=TRACKING evaluated=789 execution_us=54227 reason=tracking_pose_accepted
x=5.09997 y=3.8 yaw=-0.0516526 score=0.977998 valid=1 mode=tracking state=TRACKING evaluated=789 execution_us=54293 reason=tracking_pose_accepted
x=5.14997 y=3.8 yaw=-0.0700401 score=0.976115 valid=1 mode=tracking state=TRACKING evaluated=789 execution_us=54129 reason=tracking_pose_accepted
x=5.09997 y=3.8 yaw=-0.053521 score=0.973415 valid=1 mode=tracking state=TRACKING evaluated=789 execution_us=55154 reason=tracking_pose_accepted
x=5.09997 y=3.8 yaw=-0.0544551 score=0.979275 valid=1 mode=tracking state=TRACKING evaluated=807 execution_us=59381 reason=tracking_pose_accepted
x=5.09997 y=3.8 yaw=-0.0553893 score=0.98269 valid=1 mode=tracking state=TRACKING evaluated=789 execution_us=58297 reason=tracking_pose_accepted
x=5.09997 y=3.8 yaw=-0.0563235 score=0.981771 valid=1 mode=tracking state=TRACKING evaluated=789 execution_us=59351 reason=tracking_pose_accepted
x=5.14997 y=3.8 yaw=-0.0572577 score=0.97544 valid=1 mode=tracking state=TRACKING evaluated=789 execution_us=58792 reason=tracking_pose_accepted
x=5.14997 y=3.8 yaw=-0.0581919 score=0.97923 valid=1 mode=tracking state=TRACKING evaluated=789 execution_us=59090 reason=tracking_pose_accepted
x=5.09997 y=3.8 yaw=-0.059126 score=0.983215 valid=1 mode=tracking state=TRACKING evaluated=789 execution_us=55701 reason=tracking_pose_accepted
x=5.09997 y=3.8 yaw=-0.0600602 score=0.979873 valid=1 mode=tracking state=TRACKING evaluated=789 execution_us=54937 reason=tracking_pose_accepted
x=5.09997 y=3.8 yaw=-0.0609944 score=0.980546 valid=1 mode=tracking state=TRACKING evaluated=789 execution_us=56068 reason=tracking_pose_accepted
x=5.09997 y=3.8 yaw=-0.0619286 score=0.976471 valid=1 mode=tracking state=TRACKING evaluated=789 execution_us=55428 reason=tracking_pose_accepted
x=5.14997 y=3.8 yaw=-0.0628628 score=0.982888 valid=1 mode=tracking state=TRACKING evaluated=789 execution_us=55712 reason=tracking_pose_accepted
x=5.14997 y=3.8 yaw=-0.063797 score=0.978242 valid=1 mode=tracking state=TRACKING evaluated=789 execution_us=56314 reason=tracking_pose_accepted
x=5.14997 y=3.8 yaw=-0.0472778 score=0.971126 valid=1 mode=tracking state=TRACKING evaluated=789 execution_us=59257 reason=tracking_pose_accepted
x=5.09997 y=3.8 yaw=-0.048212 score=0.974067 valid=1 mode=tracking state=TRACKING evaluated=789 execution_us=60535 reason=tracking_pose_accepted
x=5.09997 y=3.8 yaw=-0.0491462 score=0.975658 valid=1 mode=tracking state=TRACKING evaluated=789 execution_us=50183 reason=tracking_pose_accepted
x=5.09997 y=3.8 yaw=-0.0500804 score=0.973941 valid=1 mode=tracking state=TRACKING evaluated=789 execution_us=50051 reason=tracking_pose_accepted
x=5.09996 y=3.8 yaw=-0.0510146 score=0.977635 valid=1 mode=tracking state=TRACKING evaluated=789 execution_us=50298 reason=tracking_pose_accepted
x=5.09996 y=3.8 yaw=-0.0519487 score=0.978055 valid=1 mode=tracking state=TRACKING evaluated=789 execution_us=50395 reason=tracking_pose_accepted
x=5.09996 y=3.8 yaw=-0.0528829 score=0.974724 valid=1 mode=tracking state=TRACKING evaluated=789 execution_us=58352 reason=tracking_pose_accepted
x=5.09996 y=3.8 yaw=-0.0538171 score=0.978665 valid=1 mode=tracking state=TRACKING evaluated=789 execution_us=56641 reason=tracking_pose_accepted
x=5.09996 y=3.8 yaw=-0.0547513 score=0.985332 valid=1 mode=tracking state=TRACKING evaluated=789 execution_us=57268 reason=tracking_pose_accepted
x=5.09996 y=3.8 yaw=-0.0556855 score=0.979366 valid=1 mode=tracking state=TRACKING evaluated=789 execution_us=57258 reason=tracking_pose_accepted
x=5.09996 y=3.8 yaw=-0.0566197 score=0.979024 valid=1 mode=tracking state=TRACKING evaluated=789 execution_us=58708 reason=tracking_pose_accepted
x=5.09996 y=3.8 yaw=-0.0575538 score=0.977846 valid=1 mode=tracking state=TRACKING evaluated=789 execution_us=58395 reason=tracking_pose_accepted
x=5.09996 y=3.8 yaw=-0.058488 score=0.980905 valid=1 mode=tracking state=TRACKING evaluated=789 execution_us=51120 reason=tracking_pose_accepted
x=5.09996 y=3.8 yaw=-0.0594222 score=0.982077 valid=1 mode=tracking state=TRACKING evaluated=789 execution_us=51508 reason=tracking_pose_accepted
x=5.09996 y=3.8 yaw=-0.0603564 score=0.977788 valid=1 mode=tracking state=TRACKING evaluated=789 execution_us=51575 reason=tracking_pose_accepted
x=5.09996 y=3.8 yaw=-0.0612906 score=0.980544 valid=1 mode=tracking state=TRACKING evaluated=789 execution_us=52677 reason=tracking_pose_accepted
x=5.14996 y=3.8 yaw=-0.0622248 score=0.97932 valid=1 mode=tracking state=TRACKING evaluated=789 execution_us=51681 reason=tracking_pose_accepted
x=5.14996 y=3.8 yaw=-0.0631589 score=0.976902 valid=1 mode=tracking state=TRACKING evaluated=789 execution_us=57841 reason=tracking_pose_accepted
x=5.14996 y=3.8 yaw=-0.0640931 score=0.973846 valid=1 mode=tracking state=TRACKING evaluated=789 execution_us=59324 reason=tracking_pose_accepted
x=5.09996 y=3.8 yaw=-0.0650273 score=0.97323 valid=1 mode=tracking state=TRACKING evaluated=789 execution_us=58987 reason=tracking_pose_accepted
x=5.09996 y=3.8 yaw=-0.0659614 score=0.971668 valid=1 mode=tracking state=TRACKING evaluated=789 execution_us=56359 reason=tracking_pose_accepted
x=5.09996 y=3.8 yaw=-0.0494423 score=0.977576 valid=1 mode=tracking state=TRACKING evaluated=807 execution_us=57123 reason=tracking_pose_accepted
x=5.09996 y=3.8 yaw=-0.0503765 score=0.977504 valid=1 mode=tracking state=TRACKING evaluated=789 execution_us=53204 reason=tracking_pose_accepted
x=5.09996 y=3.8 yaw=-0.0513107 score=0.977576 valid=1 mode=tracking state=TRACKING evaluated=789 execution_us=53225 reason=tracking_pose_accepted
x=5.09996 y=3.8 yaw=-0.0522449 score=0.976256 valid=1 mode=tracking state=TRACKING evaluated=789 execution_us=52942 reason=tracking_pose_accepted
x=5.09995 y=3.8 yaw=-0.053179 score=0.982077 valid=1 mode=tracking state=TRACKING evaluated=789 execution_us=53378 reason=tracking_pose_accepted
x=5.09995 y=3.8 yaw=-0.0541132 score=0.981319 valid=1 mode=tracking state=TRACKING evaluated=789 execution_us=53765 reason=tracking_pose_accepted
x=5.09995 y=3.8 yaw=-0.0550474 score=0.979473 valid=1 mode=tracking state=TRACKING evaluated=789 execution_us=53835 reason=tracking_pose_accepted
x=5.09995 y=3.8 yaw=-0.0559816 score=0.979419 valid=1 mode=tracking state=TRACKING evaluated=789 execution_us=57649 reason=tracking_pose_accepted
x=5.14995 y=3.8 yaw=-0.0569158 score=0.973027 valid=1 mode=tracking state=TRACKING evaluated=789 execution_us=58313 reason=tracking_pose_accepted
x=5.09995 y=3.8 yaw=-0.05785 score=0.980855 valid=1 mode=tracking state=TRACKING evaluated=789 execution_us=57323 reason=tracking_pose_accepted
x=5.09995 y=3.8 yaw=-0.0587841 score=0.979832 valid=1 mode=tracking state=TRACKING evaluated=789 execution_us=58802 reason=tracking_pose_accepted
x=5.09995 y=3.8 yaw=-0.0597183 score=0.980086 valid=1 mode=tracking state=TRACKING evaluated=789 execution_us=58184 reason=tracking_pose_accepted
x=5.09995 y=3.8 yaw=-0.0606525 score=0.981005 valid=1 mode=tracking state=TRACKING evaluated=789 execution_us=58375 reason=tracking_pose_accepted
x=5.14995 y=3.8 yaw=-0.0615867 score=0.979626 valid=1 mode=tracking state=TRACKING evaluated=789 execution_us=55696 reason=tracking_pose_accepted
x=5.09995 y=3.8 yaw=-0.0625209 score=0.98029 valid=1 mode=tracking state=TRACKING evaluated=789 execution_us=54937 reason=tracking_pose_accepted
x=5.09995 y=3.8 yaw=-0.0634551 score=0.975123 valid=1 mode=tracking state=TRACKING evaluated=789 execution_us=55039 reason=tracking_pose_accepted
x=5.14995 y=3.8 yaw=-0.0643892 score=0.972508 valid=1 mode=tracking state=TRACKING evaluated=789 execution_us=55412 reason=tracking_pose_accepted
x=5.14995 y=3.79999 yaw=-0.0653234 score=0.974265 valid=1 mode=tracking state=TRACKING evaluated=807 execution_us=56213 reason=tracking_pose_accepted
x=5.09995 y=3.79999 yaw=-0.0488043 score=0.978344 valid=1 mode=tracking state=TRACKING evaluated=789 execution_us=61918 reason=tracking_pose_accepted
x=5.09995 y=3.79999 yaw=-0.0497385 score=0.974111 valid=1 mode=tracking state=TRACKING evaluated=807 execution_us=60428 reason=tracking_pose_accepted
x=5.09995 y=3.79999 yaw=-0.0506727 score=0.975963 valid=1 mode=tracking state=TRACKING evaluated=789 execution_us=59252 reason=tracking_pose_accepted
x=5.09995 y=3.79999 yaw=-0.0516068 score=0.976841 valid=1 mode=tracking state=TRACKING evaluated=789 execution_us=59223 reason=tracking_pose_accepted
x=5.09995 y=3.79999 yaw=-0.052541 score=0.980751 valid=1 mode=tracking state=TRACKING evaluated=789 execution_us=58934 reason=tracking_pose_accepted
x=5.09995 y=3.79999 yaw=-0.0534752 score=0.980545 valid=1 mode=tracking state=TRACKING evaluated=789 execution_us=59195 reason=tracking_pose_accepted
x=5.09995 y=3.79999 yaw=-0.0544094 score=0.977998 valid=1 mode=tracking state=TRACKING evaluated=789 execution_us=56141 reason=tracking_pose_accepted
x=5.09994 y=3.79999 yaw=-0.0553436 score=0.980893 valid=1 mode=tracking state=TRACKING evaluated=789 execution_us=55450 reason=tracking_pose_accepted
x=5.09994 y=3.79999 yaw=-0.0562778 score=0.978554 valid=1 mode=tracking state=TRACKING evaluated=789 execution_us=55188 reason=tracking_pose_accepted
x=5.09994 y=3.79999 yaw=-0.057212 score=0.979727 valid=1 mode=tracking state=TRACKING evaluated=789 execution_us=55912 reason=tracking_pose_accepted
x=5.09994 y=3.79999 yaw=-0.0581461 score=0.979982 valid=1 mode=tracking state=TRACKING evaluated=789 execution_us=53100 reason=tracking_pose_accepted
x=5.09994 y=3.79999 yaw=-0.0590803 score=0.982599 valid=1 mode=tracking state=TRACKING evaluated=789 execution_us=53760 reason=tracking_pose_accepted
x=5.09994 y=3.79999 yaw=-0.0600145 score=0.977846 valid=1 mode=tracking state=TRACKING evaluated=789 execution_us=60049 reason=tracking_pose_accepted
x=5.09994 y=3.79999 yaw=-0.0609487 score=0.984139 valid=1 mode=tracking state=TRACKING evaluated=789 execution_us=49481 reason=tracking_pose_accepted
x=5.14994 y=3.79999 yaw=-0.0618829 score=0.979573 valid=1 mode=tracking state=TRACKING evaluated=789 execution_us=50459 reason=tracking_pose_accepted
x=5.09994 y=3.79999 yaw=-0.0628171 score=0.978401 valid=1 mode=tracking state=TRACKING evaluated=789 execution_us=50218 reason=tracking_pose_accepted
x=5.14994 y=3.79999 yaw=-0.0637512 score=0.973262 valid=1 mode=tracking state=TRACKING evaluated=789 execution_us=49867 reason=tracking_pose_accepted
x=5.14994 y=3.79999 yaw=-0.0646854 score=0.978037 valid=1 mode=tracking state=TRACKING evaluated=789 execution_us=51573 reason=tracking_pose_accepted
x=5.09994 y=3.79999 yaw=-0.0481663 score=0.974947 valid=1 mode=tracking state=TRACKING evaluated=789 execution_us=57617 reason=tracking_pose_accepted
x=5.14994 y=3.79999 yaw=-0.0665538 score=0.97182 valid=1 mode=tracking state=TRACKING evaluated=807 execution_us=58179 reason=tracking_pose_accepted
x=5.09994 y=3.79999 yaw=-0.0500346 score=0.976185 valid=1 mode=tracking state=TRACKING evaluated=789 execution_us=57927 reason=tracking_pose_accepted
x=5.09994 y=3.79999 yaw=-0.0509688 score=0.979014 valid=1 mode=tracking state=TRACKING evaluated=789 execution_us=57643 reason=tracking_pose_accepted
x=5.09994 y=3.79999 yaw=-0.051903 score=0.978959 valid=1 mode=tracking state=TRACKING evaluated=789 execution_us=58484 reason=tracking_pose_accepted
x=5.09994 y=3.79999 yaw=-0.0528371 score=0.979674 valid=1 mode=tracking state=TRACKING evaluated=789 execution_us=57757 reason=tracking_pose_accepted
x=5.09994 y=3.79999 yaw=-0.0537713 score=0.984988 valid=1 mode=tracking state=TRACKING evaluated=789 execution_us=51411 reason=tracking_pose_accepted
x=5.09994 y=3.79999 yaw=-0.0547055 score=0.97577 valid=1 mode=tracking state=TRACKING evaluated=789 execution_us=52607 reason=tracking_pose_accepted
x=5.09994 y=3.79999 yaw=-0.0556397 score=0.975031 valid=1 mode=tracking state=TRACKING evaluated=789 execution_us=51975 reason=tracking_pose_accepted
x=5.09994 y=3.79999 yaw=-0.0565739 score=0.979221 valid=1 mode=tracking state=TRACKING evaluated=789 execution_us=52477 reason=tracking_pose_accepted
x=5.09993 y=3.79999 yaw=-0.0575081 score=0.983041 valid=1 mode=tracking state=TRACKING evaluated=789 execution_us=52668 reason=tracking_pose_accepted
x=5.09993 y=3.79999 yaw=-0.0584422 score=0.980086 valid=1 mode=tracking state=TRACKING evaluated=789 execution_us=58802 reason=tracking_pose_accepted
x=5.09993 y=3.79999 yaw=-0.0593764 score=0.980648 valid=1 mode=tracking state=TRACKING evaluated=789 execution_us=56652 reason=tracking_pose_accepted
x=5.09993 y=3.79999 yaw=-0.0603106 score=0.983128 valid=1 mode=tracking state=TRACKING evaluated=789 execution_us=56981 reason=tracking_pose_accepted
x=5.09993 y=3.79999 yaw=-0.0612448 score=0.972121 valid=1 mode=tracking state=TRACKING evaluated=789 execution_us=56464 reason=tracking_pose_accepted
x=5.14993 y=3.79999 yaw=-0.062179 score=0.97018 valid=1 mode=tracking state=TRACKING evaluated=789 execution_us=57231 reason=tracking_pose_accepted
x=5.09993 y=3.79999 yaw=-0.0631131 score=0.974418 valid=1 mode=tracking state=TRACKING evaluated=789 execution_us=61300 reason=tracking_pose_accepted
x=5.09993 y=3.79999 yaw=-0.046594 score=0.972201 valid=1 mode=tracking state=TRACKING evaluated=789 execution_us=53389 reason=tracking_pose_accepted
x=5.14993 y=3.79999 yaw=-0.0649815 score=0.975797 valid=1 mode=tracking state=TRACKING evaluated=789 execution_us=53738 reason=tracking_pose_accepted
x=5.09993 y=3.79999 yaw=-0.0484623 score=0.975797 valid=1 mode=tracking state=TRACKING evaluated=789 execution_us=53845 reason=tracking_pose_accepted
x=5.14993 y=3.79999 yaw=-0.0668498 score=0.971938 valid=1 mode=tracking state=TRACKING evaluated=807 execution_us=55119 reason=tracking_pose_accepted
x=5.09993 y=3.79999 yaw=-0.0503306 score=0.973805 valid=1 mode=tracking state=TRACKING evaluated=789 execution_us=54645 reason=tracking_pose_accepted
x=5.09993 y=3.79999 yaw=-0.0512648 score=0.977082 valid=1 mode=tracking state=TRACKING evaluated=789 execution_us=57958 reason=tracking_pose_accepted
x=5.09993 y=3.79999 yaw=-0.052199 score=0.975058 valid=1 mode=tracking state=TRACKING evaluated=789 execution_us=59495 reason=tracking_pose_accepted
x=5.09993 y=3.79999 yaw=-0.0531331 score=0.983985 valid=1 mode=tracking state=TRACKING evaluated=789 execution_us=57763 reason=tracking_pose_accepted
x=5.09993 y=3.79999 yaw=-0.0540673 score=0.982077 valid=1 mode=tracking state=TRACKING evaluated=789 execution_us=57707 reason=tracking_pose_accepted
x=5.09993 y=3.79999 yaw=-0.0550015 score=0.979832 valid=1 mode=tracking state=TRACKING evaluated=789 execution_us=59439 reason=tracking_pose_accepted
x=5.09993 y=3.79999 yaw=-0.0559357 score=0.979727 valid=1 mode=tracking state=TRACKING evaluated=789 execution_us=58608 reason=tracking_pose_accepted
x=5.09993 y=3.79999 yaw=-0.0568699 score=0.976684 valid=1 mode=tracking state=TRACKING evaluated=789 execution_us=54975 reason=tracking_pose_accepted
x=5.09993 y=3.79999 yaw=-0.0578041 score=0.98203 valid=1 mode=tracking state=TRACKING evaluated=789 execution_us=55593 reason=tracking_pose_accepted
x=5.09993 y=3.79999 yaw=-0.0587382 score=0.980034 valid=1 mode=tracking state=TRACKING evaluated=789 execution_us=55019 reason=tracking_pose_accepted
x=5.09992 y=3.79999 yaw=-0.0596724 score=0.981005 valid=1 mode=tracking state=TRACKING evaluated=789 execution_us=56043 reason=tracking_pose_accepted
x=5.14992 y=3.79999 yaw=-0.0606066 score=0.976776 valid=1 mode=tracking state=TRACKING evaluated=789 execution_us=55676 reason=tracking_pose_accepted
x=5.09992 y=3.79999 yaw=-0.0615408 score=0.976041 valid=1 mode=tracking state=TRACKING evaluated=789 execution_us=63376 reason=tracking_pose_accepted
x=5.09992 y=3.79999 yaw=-0.062475 score=0.9759 valid=1 mode=tracking state=TRACKING evaluated=789 execution_us=60604 reason=tracking_pose_accepted
x=5.14992 y=3.79999 yaw=-0.0634092 score=0.976716 valid=1 mode=tracking state=TRACKING evaluated=789 execution_us=49438 reason=tracking_pose_accepted
x=5.14992 y=3.79999 yaw=-0.0643433 score=0.973052 valid=1 mode=tracking state=TRACKING evaluated=789 execution_us=49623 reason=tracking_pose_accepted
x=5.09992 y=3.79999 yaw=-0.0478242 score=0.975119 valid=1 mode=tracking state=TRACKING evaluated=789 execution_us=50430 reason=tracking_pose_accepted
x=5.14992 y=3.79999 yaw=-0.0662117 score=0.978457 valid=1 mode=tracking state=TRACKING evaluated=807 execution_us=51082 reason=tracking_pose_accepted
x=5.14992 y=3.79999 yaw=-0.0671458 score=0.970946 valid=1 mode=tracking state=TRACKING evaluated=789 execution_us=57259 reason=tracking_pose_accepted
x=5.09992 y=3.79999 yaw=-0.0506267 score=0.9749 valid=1 mode=tracking state=TRACKING evaluated=789 execution_us=57812 reason=tracking_pose_accepted
x=5.09992 y=3.79999 yaw=-0.0515609 score=0.978191 valid=1 mode=tracking state=TRACKING evaluated=807 execution_us=58309 reason=tracking_pose_accepted
x=5.09992 y=3.79999 yaw=-0.0524951 score=0.978805 valid=1 mode=tracking state=TRACKING evaluated=789 execution_us=58720 reason=tracking_pose_accepted
x=5.09992 y=3.79999 yaw=-0.0534293 score=0.980596 valid=1 mode=tracking state=TRACKING evaluated=789 execution_us=58283 reason=tracking_pose_accepted
x=5.09992 y=3.79999 yaw=-0.0543634 score=0.975096 valid=1 mode=tracking state=TRACKING evaluated=789 execution_us=58249 reason=tracking_pose_accepted
x=5.09992 y=3.79999 yaw=-0.0552976 score=0.981723 valid=1 mode=tracking state=TRACKING evaluated=789 execution_us=61074 reason=tracking_pose_accepted
x=5.09992 y=3.79999 yaw=-0.0562318 score=0.982124 valid=1 mode=tracking state=TRACKING evaluated=789 execution_us=52260 reason=tracking_pose_accepted
x=5.09992 y=3.79999 yaw=-0.057166 score=0.982735 valid=1 mode=tracking state=TRACKING evaluated=789 execution_us=52714 reason=tracking_pose_accepted
x=5.09992 y=3.79999 yaw=-0.0581002 score=0.981005 valid=1 mode=tracking state=TRACKING evaluated=789 execution_us=53168 reason=tracking_pose_accepted
x=5.09992 y=3.79999 yaw=-0.0590344 score=0.983523 valid=1 mode=tracking state=TRACKING evaluated=789 execution_us=52524 reason=tracking_pose_accepted
x=5.14992 y=3.79999 yaw=-0.0599685 score=0.973805 valid=1 mode=tracking state=TRACKING evaluated=789 execution_us=60415 reason=tracking_pose_accepted
x=5.09992 y=3.79999 yaw=-0.0609027 score=0.978959 valid=1 mode=tracking state=TRACKING evaluated=789 execution_us=56647 reason=tracking_pose_accepted
x=5.09991 y=3.79999 yaw=-0.0618369 score=0.982184 valid=1 mode=tracking state=TRACKING evaluated=789 execution_us=64645 reason=tracking_pose_accepted
x=5.09991 y=3.79999 yaw=-0.0627711 score=0.97773 valid=1 mode=tracking state=TRACKING evaluated=789 execution_us=57544 reason=tracking_pose_accepted
x=5.14991 y=3.79999 yaw=-0.0637053 score=0.977672 valid=1 mode=tracking state=TRACKING evaluated=789 execution_us=58293 reason=tracking_pose_accepted
x=5.14991 y=3.79999 yaw=-0.0646395 score=0.980897 valid=1 mode=tracking state=TRACKING evaluated=789 execution_us=57494 reason=tracking_pose_accepted
x=5.14991 y=3.79999 yaw=-0.0655736 score=0.972886 valid=1 mode=tracking state=TRACKING evaluated=789 execution_us=54316 reason=tracking_pose_accepted
x=5.09991 y=3.79999 yaw=-0.0490545 score=0.972478 valid=1 mode=tracking state=TRACKING evaluated=807 execution_us=55784 reason=tracking_pose_accepted
x=5.09991 y=3.79999 yaw=-0.0499887 score=0.978707 valid=1 mode=tracking state=TRACKING evaluated=789 execution_us=55021 reason=tracking_pose_accepted
x=5.09991 y=3.79999 yaw=-0.0509229 score=0.975797 valid=1 mode=tracking state=TRACKING evaluated=789 execution_us=54913 reason=tracking_pose_accepted
x=5.09991 y=3.79999 yaw=-0.0518571 score=0.974418 valid=1 mode=tracking state=TRACKING evaluated=789 execution_us=54984 reason=tracking_pose_accepted
x=5.09991 y=3.79999 yaw=-0.0527913 score=0.982798 valid=1 mode=tracking state=TRACKING evaluated=789 execution_us=55572 reason=tracking_pose_accepted
x=5.09991 y=3.79999 yaw=-0.0537254 score=0.979577 valid=1 mode=tracking state=TRACKING evaluated=789 execution_us=58849 reason=tracking_pose_accepted
x=5.09991 y=3.79999 yaw=-0.0546596 score=0.975824 valid=1 mode=tracking state=TRACKING evaluated=789 execution_us=58701 reason=tracking_pose_accepted
x=5.09991 y=3.79999 yaw=-0.0555938 score=0.979221 valid=1 mode=tracking state=TRACKING evaluated=789 execution_us=59945 reason=tracking_pose_accepted
x=5.09991 y=3.79999 yaw=-0.056528 score=0.981416 valid=1 mode=tracking state=TRACKING evaluated=789 execution_us=49235 reason=tracking_pose_accepted
x=5.09991 y=3.79999 yaw=-0.0574622 score=0.976256 valid=1 mode=tracking state=TRACKING evaluated=789 execution_us=59663 reason=tracking_pose_accepted
x=5.09991 y=3.79999 yaw=-0.0583964 score=0.98269 valid=1 mode=tracking state=TRACKING evaluated=789 execution_us=52484 reason=tracking_pose_accepted
x=5.09991 y=3.79999 yaw=-0.0593305 score=0.983523 valid=1 mode=tracking state=TRACKING evaluated=789 execution_us=56318 reason=tracking_pose_accepted
x=5.09991 y=3.79999 yaw=-0.0602647 score=0.976869 valid=1 mode=tracking state=TRACKING evaluated=789 execution_us=57890 reason=tracking_pose_accepted
x=5.09991 y=3.79999 yaw=-0.0611989 score=0.981618 valid=1 mode=tracking state=TRACKING evaluated=789 execution_us=56831 reason=tracking_pose_accepted
x=5.09991 y=3.79999 yaw=-0.0621331 score=0.97952 valid=1 mode=tracking state=TRACKING evaluated=789 execution_us=56764 reason=tracking_pose_accepted
x=5.14991 y=3.79999 yaw=-0.0630673 score=0.978817 valid=1 mode=tracking state=TRACKING evaluated=789 execution_us=57661 reason=tracking_pose_accepted
x=5.1499 y=3.79999 yaw=-0.0640015 score=0.974877 valid=1 mode=tracking state=TRACKING evaluated=789 execution_us=57283 reason=tracking_pose_accepted
x=5.1499 y=3.79999 yaw=-0.0649356 score=0.977013 valid=1 mode=tracking state=TRACKING evaluated=807 execution_us=51851 reason=tracking_pose_accepted
x=5.0999 y=3.79999 yaw=-0.0484165 score=0.975711 valid=1 mode=tracking state=TRACKING evaluated=789 execution_us=52123 reason=tracking_pose_accepted
x=5.0999 y=3.79999 yaw=-0.0493507 score=0.932998 valid=1 mode=tracking state=TRACKING evaluated=807 execution_us=50881 reason=tracking_pose_accepted
x=5.0999 y=3.79999 yaw=-0.0502849 score=0.883742 valid=0 mode=tracking state=DEGRADED evaluated=789 execution_us=51639 reason=tracking_score_below_threshold
x=5.0999 y=3.79999 yaw=-0.0328316 score=0.837898 valid=0 mode=tracking state=DEGRADED evaluated=789 execution_us=51519 reason=tracking_score_below_threshold
x=5.0999 y=3.79999 yaw=-0.0502849 score=0.835294 valid=0 mode=tracking state=LOST evaluated=789 execution_us=57998 reason=rejection_limit_reached
x=5.15 y=3.8 yaw=-0.0436336 score=0.82981 valid=0 mode=global state=LOST evaluated=15444 execution_us=905193 reason=global_score_below_threshold
x=4 y=2.55 yaw=-1.63625 score=1 valid=1 mode=global state=RECOVERED evaluated=15444 execution_us=476963 reason=global_relocalization_accepted
x=4.1 y=1.2 yaw=-2.23059 score=0.990502 valid=1 mode=tracking state=RECOVERED evaluated=789 execution_us=24194 reason=recovery_confirmation_pending
x=4.1 y=0.0999999 yaw=-2.82494 score=1 valid=1 mode=tracking state=RECOVERED evaluated=807 execution_us=25311 reason=recovery_confirmation_pending
x=4.05 y=0.0999998 yaw=-3.41928 score=0.992157 valid=1 mode=tracking state=TRACKING evaluated=807 execution_us=32900 reason=recovery_confirmed
x=4.1 y=0.0999998 yaw=-3.3155 score=1 valid=1 mode=tracking state=TRACKING evaluated=789 execution_us=37543 reason=tracking_pose_accepted
x=4.05 y=0.0999998 yaw=-3.84003 score=0.994261 valid=1 mode=tracking state=TRACKING evaluated=789 execution_us=37677 reason=tracking_pose_accepted
x=4.1 y=0.0999998 yaw=-3.73625 score=1 valid=1 mode=tracking state=TRACKING evaluated=789 execution_us=36828 reason=tracking_pose_accepted
x=4.05 y=0.0999998 yaw=-4.29569 score=0.991855 valid=1 mode=tracking state=TRACKING evaluated=789 execution_us=36899 reason=tracking_pose_accepted
x=3.85 y=0.0999998 yaw=-4.89003 score=0.99451 valid=1 mode=tracking state=TRACKING evaluated=789 execution_us=35971 reason=tracking_pose_accepted
x=3.85 y=0.0999998 yaw=-5.48438 score=0.998319 valid=1 mode=tracking state=TRACKING evaluated=789 execution_us=34438 reason=tracking_pose_accepted
x=4.1 y=0.15 yaw=-6.07873 score=0.999367 valid=1 mode=tracking state=TRACKING evaluated=789 execution_us=38622 reason=tracking_pose_accepted
x=3.85 y=0.0999997 yaw=-5.90513 score=0.993936 valid=1 mode=tracking state=TRACKING evaluated=807 execution_us=23567 reason=tracking_pose_accepted
x=4.1 y=0.15 yaw=-6.49947 score=0.998829 valid=1 mode=tracking state=TRACKING evaluated=807 execution_us=34881 reason=tracking_pose_accepted
x=3.85 y=0.0999997 yaw=-6.37823 score=0.991723 valid=1 mode=tracking state=TRACKING evaluated=789 execution_us=34150 reason=tracking_pose_accepted
x=4.1 y=0.15 yaw=-6.90277 score=0.992197 valid=1 mode=tracking state=TRACKING evaluated=807 execution_us=27576 reason=tracking_pose_accepted
x=3.75 y=0.0999997 yaw=-6.72917 score=0.983542 valid=1 mode=tracking state=TRACKING evaluated=807 execution_us=28436 reason=tracking_pose_accepted
x=4.1 y=0.15 yaw=-6.85227 score=0.995098 valid=1 mode=tracking state=TRACKING evaluated=807 execution_us=27827 reason=tracking_pose_accepted
x=3.75 y=0.0999996 yaw=-6.67867 score=0.982663 valid=1 mode=tracking state=TRACKING evaluated=807 execution_us=28284 reason=tracking_pose_accepted
x=4.1 y=0.15 yaw=-6.57489 score=0.996523 valid=1 mode=tracking state=TRACKING evaluated=831 execution_us=30611 reason=tracking_pose_accepted
x=4.1 y=0.15 yaw=-6.45365 score=0.999423 valid=1 mode=tracking state=TRACKING evaluated=789 execution_us=29811 reason=tracking_pose_accepted
x=3.85 y=0.0999996 yaw=-6.34986 score=0.98601 valid=1 mode=tracking state=TRACKING evaluated=789 execution_us=34699 reason=tracking_pose_accepted
x=4.1 y=0.15 yaw=-6.89185 score=0.994118 valid=1 mode=tracking state=TRACKING evaluated=831 execution_us=57799 reason=tracking_pose_accepted
x=3.75 y=0.0999996 yaw=-6.7357 score=0.980805 valid=1 mode=tracking state=TRACKING evaluated=807 execution_us=49549 reason=tracking_pose_accepted
x=4.1 y=0.15 yaw=-6.5621 score=0.997044 valid=1 mode=tracking state=TRACKING evaluated=789 execution_us=36381 reason=tracking_pose_accepted
x=3.75 y=0.0999995 yaw=-6.40596 score=0.986052 valid=1 mode=tracking state=TRACKING evaluated=807 execution_us=33705 reason=tracking_pose_accepted
x=4.1 y=0.149999 yaw=-6.52906 score=0.997647 valid=1 mode=tracking state=TRACKING evaluated=807 execution_us=29560 reason=tracking_pose_accepted
x=3.85 y=0.0999995 yaw=-6.39037 score=0.987889 valid=1 mode=tracking state=TRACKING evaluated=789 execution_us=30397 reason=tracking_pose_accepted
x=4.1 y=0.149999 yaw=-6.98472 score=0.994233 valid=1 mode=tracking state=TRACKING evaluated=831 execution_us=31787 reason=tracking_pose_accepted
x=3.75 y=0.0999994 yaw=-6.84602 score=0.980392 valid=1 mode=tracking state=TRACKING evaluated=807 execution_us=32062 reason=tracking_pose_accepted
x=4.1 y=0.149999 yaw=-6.68988 score=0.998102 valid=1 mode=tracking state=TRACKING evaluated=789 execution_us=28753 reason=tracking_pose_accepted
x=3.75 y=0.0999994 yaw=-6.58609 score=0.996277 valid=1 mode=tracking state=TRACKING evaluated=807 execution_us=30703 reason=tracking_pose_accepted
x=4.1 y=0.149999 yaw=-6.62193 score=0.998061 valid=1 mode=tracking state=TRACKING evaluated=807 execution_us=33003 reason=tracking_pose_accepted
x=3.75 y=0.0999994 yaw=-6.44833 score=0.995356 valid=1 mode=tracking state=TRACKING evaluated=789 execution_us=29451 reason=tracking_pose_accepted
x=4.1 y=0.149999 yaw=-6.57144 score=0.996253 valid=1 mode=tracking state=TRACKING evaluated=807 execution_us=30294 reason=tracking_pose_accepted
x=3.85 y=0.0999994 yaw=-6.39784 score=0.987072 valid=1 mode=tracking state=TRACKING evaluated=789 execution_us=33363 reason=tracking_pose_accepted
x=4.1 y=0.149999 yaw=-6.97473 score=0.995356 valid=1 mode=tracking state=TRACKING evaluated=831 execution_us=26380 reason=tracking_pose_accepted
x=4.15 y=0.0999993 yaw=-7.56908 score=1 valid=1 mode=tracking state=TRACKING evaluated=807 execution_us=26988 reason=tracking_pose_accepted
x=4.1 y=0.149999 yaw=-7.60492 score=0.993775 valid=1 mode=tracking state=TRACKING evaluated=789 execution_us=30517 reason=tracking_pose_accepted
x=2.55 y=0.0499993 yaw=-8.19926 score=1 valid=1 mode=tracking state=TRACKING evaluated=807 execution_us=25801 reason=tracking_pose_accepted
x=1.8 y=0.0999993 yaw=-8.2351 score=1 valid=1 mode=tracking state=TRACKING evaluated=807 execution_us=25760 reason=tracking_pose_accepted
x=1.45 y=0.249999 yaw=-8.77709 score=1 valid=1 mode=tracking state=TRACKING evaluated=807 execution_us=28245 reason=tracking_pose_accepted
x=1.8 y=0.0999993 yaw=-9.37144 score=1 valid=1 mode=tracking state=TRACKING evaluated=807 execution_us=31325 reason=tracking_pose_accepted
x=1.75 y=0.0999993 yaw=-9.89597 score=0.99257 valid=1 mode=tracking state=TRACKING evaluated=807 execution_us=35942 reason=tracking_pose_accepted
x=1.4 y=0.249999 yaw=-10.438 score=1 valid=1 mode=tracking state=TRACKING evaluated=807 execution_us=36372 reason=tracking_pose_accepted
x=1.4 y=0.299999 yaw=-11.0323 score=1 valid=1 mode=tracking state=TRACKING evaluated=831 execution_us=38017 reason=tracking_pose_accepted
x=1.75 y=0.149999 yaw=-11.6266 score=0.998812 valid=1 mode=tracking state=TRACKING evaluated=831 execution_us=39088 reason=tracking_pose_accepted
x=1.7 y=0.149999 yaw=-11.9417 score=0.986538 valid=1 mode=tracking state=TRACKING evaluated=807 execution_us=35313 reason=tracking_pose_accepted
x=1.75 y=0.149999 yaw=-11.838 score=0.9994 valid=1 mode=tracking state=TRACKING evaluated=807 execution_us=35042 reason=tracking_pose_accepted
x=1.45 y=0.249999 yaw=-12.1356 score=0.992976 valid=1 mode=tracking state=TRACKING evaluated=831 execution_us=36820 reason=tracking_pose_accepted
x=1.45 y=0.249999 yaw=-12.695 score=0.998841 valid=1 mode=tracking state=TRACKING evaluated=807 execution_us=35550 reason=tracking_pose_accepted
x=1.45 y=0.249999 yaw=-13.2719 score=1 valid=1 mode=tracking state=TRACKING evaluated=807 execution_us=34910 reason=tracking_pose_accepted
x=1.45 y=0.249999 yaw=-13.8663 score=1 valid=1 mode=tracking state=TRACKING evaluated=807 execution_us=35333 reason=tracking_pose_accepted
x=1.45 y=0.249999 yaw=-14.4606 score=1 valid=1 mode=tracking state=TRACKING evaluated=807 execution_us=30091 reason=tracking_pose_accepted
x=1.8 y=0.0999992 yaw=-15.055 score=1 valid=1 mode=tracking state=TRACKING evaluated=807 execution_us=30022 reason=tracking_pose_accepted
x=1.45 y=0.249999 yaw=-15.6493 score=0.997212 valid=1 mode=tracking state=TRACKING evaluated=807 execution_us=31209 reason=tracking_pose_accepted
x=1.8 y=0.0999991 yaw=-16.2437 score=1 valid=1 mode=tracking state=TRACKING evaluated=831 execution_us=29406 reason=tracking_pose_accepted
x=1.75 y=0.0999991 yaw=-16.8031 score=0.99638 valid=1 mode=tracking state=TRACKING evaluated=789 execution_us=28214 reason=tracking_pose_accepted
x=1.4 y=0.249999 yaw=-17.3974 score=0.983607 valid=1 mode=tracking state=TRACKING evaluated=789 execution_us=32882 reason=tracking_pose_accepted
x=1.75 y=0.149999 yaw=-17.9918 score=1 valid=1 mode=tracking state=TRACKING evaluated=807 execution_us=36203 reason=tracking_pose_accepted
x=1.4 y=0.449999 yaw=-18.1673 score=1 valid=1 mode=tracking state=TRACKING evaluated=789 execution_us=36501 reason=tracking_pose_accepted
x=1.45 y=0.249999 yaw=-18.7616 score=0.996968 valid=1 mode=tracking state=TRACKING evaluated=831 execution_us=36301 reason=tracking_pose_accepted
x=1.45 y=0.249999 yaw=-19.3559 score=1 valid=1 mode=tracking state=TRACKING evaluated=807 execution_us=35363 reason=tracking_pose_accepted
x=1.45 y=0.249999 yaw=-19.9503 score=1 valid=1 mode=tracking state=TRACKING evaluated=807 execution_us=37189 reason=tracking_pose_accepted
x=1.45 y=0.249999 yaw=-20.5446 score=1 valid=1 mode=tracking state=TRACKING evaluated=807 execution_us=32203 reason=tracking_pose_accepted
x=1.8 y=0.099999 yaw=-21.139 score=1 valid=1 mode=tracking state=TRACKING evaluated=807 execution_us=29748 reason=tracking_pose_accepted
x=1.45 y=0.249999 yaw=-21.6984 score=0.996999 valid=1 mode=tracking state=TRACKING evaluated=831 execution_us=31277 reason=tracking_pose_accepted
x=1.8 y=0.099999 yaw=-22.2928 score=1 valid=1 mode=tracking state=TRACKING evaluated=831 execution_us=32402 reason=tracking_pose_accepted
x=1.65 y=0.099999 yaw=-22.8871 score=1 valid=1 mode=tracking state=TRACKING evaluated=807 execution_us=29615 reason=tracking_pose_accepted
x=1.4 y=0.249999 yaw=-23.2022 score=0.990385 valid=1 mode=tracking state=TRACKING evaluated=807 execution_us=36894 reason=tracking_pose_accepted
x=1.4 y=0.299999 yaw=-23.7965 score=1 valid=1 mode=tracking state=TRACKING evaluated=807 execution_us=37062 reason=tracking_pose_accepted
x=1.75 y=0.149999 yaw=-24.3909 score=0.998287 valid=1 mode=tracking state=TRACKING evaluated=807 execution_us=36953 reason=tracking_pose_accepted
x=1.4 y=0.299999 yaw=-24.4093 score=0.990099 valid=1 mode=tracking state=TRACKING evaluated=807 execution_us=37065 reason=tracking_pose_accepted
x=1.75 y=0.149999 yaw=-24.9513 score=0.996435 valid=1 mode=tracking state=TRACKING evaluated=807 execution_us=36743 reason=tracking_pose_accepted
x=1.7 y=0.149999 yaw=-24.8475 score=0.989868 valid=1 mode=tracking state=TRACKING evaluated=831 execution_us=43860 reason=tracking_pose_accepted
x=1.45 y=0.249999 yaw=-25.4244 score=0.999409 valid=1 mode=tracking state=TRACKING evaluated=831 execution_us=34011 reason=tracking_pose_accepted
x=1.7 y=0.149999 yaw=-26.0187 score=1 valid=1 mode=tracking state=TRACKING evaluated=807 execution_us=32134 reason=tracking_pose_accepted
x=1.45 y=0.249999 yaw=-26.6131 score=1 valid=1 mode=tracking state=TRACKING evaluated=807 execution_us=35032 reason=tracking_pose_accepted
x=1.45 y=0.249999 yaw=-27.19 score=1 valid=1 mode=tracking state=TRACKING evaluated=831 execution_us=36767 reason=tracking_pose_accepted
x=1.8 y=0.0999987 yaw=-27.7843 score=1 valid=1 mode=tracking state=TRACKING evaluated=831 execution_us=35459 reason=tracking_pose_accepted
x=1.45 y=0.249999 yaw=-28.3612 score=0.993838 valid=1 mode=tracking state=TRACKING evaluated=789 execution_us=39246 reason=tracking_pose_accepted
x=1.45 y=0.199999 yaw=-28.8857 score=0.990196 valid=1 mode=tracking state=TRACKING evaluated=807 execution_us=39396 reason=tracking_pose_accepted
x=1.4 y=0.249999 yaw=-29.4102 score=0.99 valid=1 mode=tracking state=TRACKING evaluated=831 execution_us=28906 reason=tracking_pose_accepted
x=1.4 y=0.299999 yaw=-30.0046 score=1 valid=1 mode=tracking state=TRACKING evaluated=831 execution_us=30117 reason=tracking_pose_accepted
x=1.75 y=0.149999 yaw=-30.5989 score=1 valid=1 mode=tracking state=TRACKING evaluated=831 execution_us=27899 reason=tracking_pose_accepted
x=1.45 y=0.249999 yaw=-30.7744 score=0.985367 valid=1 mode=tracking state=TRACKING evaluated=831 execution_us=30065 reason=tracking_pose_accepted
x=1.45 y=0.249999 yaw=-31.3513 score=0.991521 valid=1 mode=tracking state=TRACKING evaluated=807 execution_us=38141 reason=tracking_pose_accepted
x=1.45 y=0.249999 yaw=-31.9107 score=0.999423 valid=1 mode=tracking state=TRACKING evaluated=807 execution_us=36871 reason=tracking_pose_accepted
x=1.45 y=0.249999 yaw=-32.5051 score=1 valid=1 mode=tracking state=TRACKING evaluated=807 execution_us=36846 reason=tracking_pose_accepted
x=1.45 y=0.249999 yaw=-33.0994 score=0.999426 valid=1 mode=tracking state=TRACKING evaluated=807 execution_us=37004 reason=tracking_pose_accepted
x=1.8 y=0.0999986 yaw=-33.6938 score=1 valid=1 mode=tracking state=TRACKING evaluated=807 execution_us=36861 reason=tracking_pose_accepted
x=1.45 y=0.249999 yaw=-34.2881 score=0.997704 valid=1 mode=tracking state=TRACKING evaluated=807 execution_us=30845 reason=tracking_pose_accepted
x=1.8 y=0.0999985 yaw=-34.8825 score=1 valid=1 mode=tracking state=TRACKING evaluated=831 execution_us=31798 reason=tracking_pose_accepted
x=1.75 y=0.0999985 yaw=-35.4419 score=0.994058 valid=1 mode=tracking state=TRACKING evaluated=789 execution_us=31193 reason=tracking_pose_accepted
x=1.4 y=0.249998 yaw=-36.0362 score=1 valid=1 mode=tracking state=TRACKING evaluated=789 execution_us=30919 reason=tracking_pose_accepted
x=1.4 y=0.299998 yaw=-36.6306 score=1 valid=1 mode=tracking state=TRACKING evaluated=807 execution_us=32971 reason=tracking_pose_accepted
x=1.75 y=0.149998 yaw=-37.2249 score=0.998295 valid=1 mode=tracking state=TRACKING evaluated=807 execution_us=33270 reason=tracking_pose_accepted
x=1.7 y=0.149998 yaw=-37.2608 score=0.985367 valid=1 mode=tracking state=TRACKING evaluated=789 execution_us=36235 reason=tracking_pose_accepted
x=1.75 y=0.149998 yaw=-37.157 score=0.998812 valid=1 mode=tracking state=TRACKING evaluated=789 execution_us=36158 reason=tracking_pose_accepted
x=1.4 y=0.299998 yaw=-37.0532 score=0.99495 valid=1 mode=tracking state=TRACKING evaluated=831 execution_us=37801 reason=tracking_pose_accepted
x=1.75 y=0.149998 yaw=-37.5952 score=0.993245 valid=1 mode=tracking state=TRACKING evaluated=831 execution_us=38924 reason=tracking_pose_accepted
x=1.45 y=0.249998 yaw=-37.9103 score=0.997102 valid=1 mode=tracking state=TRACKING evaluated=807 execution_us=37881 reason=tracking_pose_accepted
x=1.7 y=0.149998 yaw=-38.5046 score=1 valid=1 mode=tracking state=TRACKING evaluated=831 execution_us=33186 reason=tracking_pose_accepted
x=1.45 y=0.249998 yaw=-39.099 score=1 valid=1 mode=tracking state=TRACKING evaluated=831 execution_us=36756 reason=tracking_pose_accepted
x=1.45 y=0.249998 yaw=-39.6933 score=1 valid=1 mode=tracking state=TRACKING evaluated=807 execution_us=35794 reason=tracking_pose_accepted
x=1.8 y=0.0999982 yaw=-40.2877 score=1 valid=1 mode=tracking state=TRACKING evaluated=807 execution_us=35178 reason=tracking_pose_accepted
x=1.45 y=0.249998 yaw=-40.882 score=0.996453 valid=1 mode=tracking state=TRACKING evaluated=831 execution_us=35991 reason=tracking_pose_accepted
x=1.45 y=0.199998 yaw=-41.4764 score=0.995923 valid=1 mode=tracking state=TRACKING evaluated=831 execution_us=36138 reason=tracking_pose_accepted
x=1.7 y=0.0999981 yaw=-42.0707 score=0.989899 valid=1 mode=tracking state=TRACKING evaluated=807 execution_us=28369 reason=tracking_pose_accepted
x=1.75 y=0.149998 yaw=-42.6651 score=0.992691 valid=1 mode=tracking state=TRACKING evaluated=831 execution_us=29296 reason=tracking_pose_accepted
x=1.4 y=0.299998 yaw=-43.2594 score=1 valid=1 mode=tracking state=TRACKING evaluated=807 execution_us=30111 reason=tracking_pose_accepted
x=1.75 y=0.149998 yaw=-43.8537 score=0.995364 valid=1 mode=tracking state=TRACKING evaluated=807 execution_us=30074 reason=tracking_pose_accepted
x=1.4 y=0.299998 yaw=-43.75 score=0.994975 valid=1 mode=tracking state=TRACKING evaluated=807 execution_us=29794 reason=tracking_pose_accepted
x=1.45 y=0.249998 yaw=-44.292 score=0.998818 valid=1 mode=tracking state=TRACKING evaluated=831 execution_us=30019 reason=tracking_pose_accepted
x=1.45 y=0.249998 yaw=-44.8863 score=1 valid=1 mode=tracking state=TRACKING evaluated=807 execution_us=36621 reason=tracking_pose_accepted
x=1.45 y=0.249998 yaw=-45.4806 score=1 valid=1 mode=tracking state=TRACKING evaluated=807 execution_us=36678 reason=tracking_pose_accepted
x=1.45 y=0.249998 yaw=-46.075 score=1 valid=1 mode=tracking state=TRACKING evaluated=807 execution_us=35792 reason=tracking_pose_accepted
x=1.8 y=0.099998 yaw=-46.6693 score=1 valid=1 mode=tracking state=TRACKING evaluated=807 execution_us=37398 reason=tracking_pose_accepted
x=1.45 y=0.199998 yaw=-47.2637 score=0.995364 valid=1 mode=tracking state=TRACKING evaluated=807 execution_us=37449 reason=tracking_pose_accepted
x=1.4 y=0.249998 yaw=-47.858 score=1 valid=1 mode=tracking state=TRACKING evaluated=831 execution_us=32111 reason=tracking_pose_accepted
x=1.4 y=0.299998 yaw=-48.4524 score=1 valid=1 mode=tracking state=TRACKING evaluated=831 execution_us=32324 reason=tracking_pose_accepted
x=1.75 y=0.149998 yaw=-49.0467 score=0.99506 valid=1 mode=tracking state=TRACKING evaluated=831 execution_us=32321 reason=tracking_pose_accepted
x=1.4 y=0.299998 yaw=-49.6411 score=1 valid=1 mode=tracking state=TRACKING evaluated=831 execution_us=30895 reason=tracking_pose_accepted
x=1.75 y=0.149998 yaw=-50.2354 score=0.995903 valid=1 mode=tracking state=TRACKING evaluated=831 execution_us=31774 reason=tracking_pose_accepted
x=1.45 y=0.249998 yaw=-50.1316 score=0.990338 valid=1 mode=tracking state=TRACKING evaluated=807 execution_us=35852 reason=tracking_pose_accepted
x=1.7 y=0.149998 yaw=-50.726 score=0.998874 valid=1 mode=tracking state=TRACKING evaluated=831 execution_us=37011 reason=tracking_pose_accepted
x=1.45 y=0.249998 yaw=-51.3203 score=1 valid=1 mode=tracking state=TRACKING evaluated=831 execution_us=37119 reason=tracking_pose_accepted
x=1.45 y=0.249998 yaw=-51.9147 score=1 valid=1 mode=tracking state=TRACKING evaluated=807 execution_us=38141 reason=tracking_pose_accepted
x=1.45 y=0.249998 yaw=-52.509 score=1 valid=1 mode=tracking state=TRACKING evaluated=807 execution_us=36268 reason=tracking_pose_accepted
x=1.8 y=0.0999977 yaw=-53.1033 score=1 valid=1 mode=tracking state=TRACKING evaluated=807 execution_us=35206 reason=tracking_pose_accepted
x=1.45 y=0.249998 yaw=-53.6279 score=0.996606 valid=1 mode=tracking state=TRACKING evaluated=831 execution_us=35454 reason=tracking_pose_accepted
x=1.8 y=0.0999977 yaw=-54.1699 score=1 valid=1 mode=tracking state=TRACKING evaluated=831 execution_us=32824 reason=tracking_pose_accepted
x=1.7 y=0.0999977 yaw=-54.7642 score=0.988809 valid=1 mode=tracking state=TRACKING evaluated=807 execution_us=32994 reason=tracking_pose_accepted
x=1.75 y=0.149998 yaw=-55.3586 score=0.994176 valid=1 mode=tracking state=TRACKING evaluated=789 execution_us=30968 reason=tracking_pose_accepted
x=1.4 y=0.299998 yaw=-55.8133 score=0.990338 valid=1 mode=tracking state=TRACKING evaluated=831 execution_us=34717 reason=tracking_pose_accepted
x=1.75 y=0.149998 yaw=-56.3378 score=0.996747 valid=1 mode=tracking state=TRACKING evaluated=831 execution_us=39565 reason=tracking_pose_accepted
x=1.7 y=0.149998 yaw=-56.234 score=0.989796 valid=1 mode=tracking state=TRACKING evaluated=807 execution_us=36452 reason=tracking_pose_accepted
x=1.75 y=0.149998 yaw=-56.1302 score=0.999429 valid=1 mode=tracking state=TRACKING evaluated=807 execution_us=37678 reason=tracking_pose_accepted
x=1.45 y=0.249998 yaw=-56.1486 score=0.985511 valid=1 mode=tracking state=TRACKING evaluated=831 execution_us=38869 reason=tracking_pose_accepted
x=1.7 y=0.149998 yaw=-56.743 score=0.995364 valid=1 mode=tracking state=TRACKING evaluated=807 execution_us=37527 reason=tracking_pose_accepted
x=1.45 y=0.249997 yaw=-57.3373 score=1 valid=1 mode=tracking state=TRACKING evaluated=807 execution_us=35679 reason=tracking_pose_accepted
x=1.45 y=0.249997 yaw=-57.9317 score=1 valid=1 mode=tracking state=TRACKING evaluated=831 execution_us=31836 reason=tracking_pose_accepted
x=1.45 y=0.249997 yaw=-58.526 score=1 valid=1 mode=tracking state=TRACKING evaluated=831 execution_us=29791 reason=tracking_pose_accepted
x=1.8 y=0.0999974 yaw=-59.1204 score=1 valid=1 mode=tracking state=TRACKING evaluated=831 execution_us=30815 reason=tracking_pose_accepted
x=1.45 y=0.199997 yaw=-59.7147 score=0.997566 valid=1 mode=tracking state=TRACKING evaluated=807 execution_us=28680 reason=tracking_pose_accepted
x=1.65 y=0.0999974 yaw=-60.3091 score=1 valid=1 mode=tracking state=TRACKING evaluated=807 execution_us=30202 reason=tracking_pose_accepted
x=1.65 y=0.0999973 yaw=-60.2053 score=1 valid=1 mode=tracking state=TRACKING evaluated=831 execution_us=39938 reason=tracking_pose_accepted
x=1.8 y=0.0999973 yaw=-60.1015 score=1 valid=1 mode=tracking state=TRACKING evaluated=831 execution_us=23398 reason=tracking_pose_accepted
x=1.65 y=0.0999973 yaw=-60.6958 score=1 valid=1 mode=tracking state=TRACKING evaluated=831 execution_us=23284 reason=tracking_pose_accepted
x=1.65 y=0.0999973 yaw=-60.592 score=1 valid=1 mode=tracking state=TRACKING evaluated=831 execution_us=24110 reason=tracking_pose_accepted
x=1.65 y=0.0999973 yaw=-60.4883 score=1 valid=1 mode=tracking state=TRACKING evaluated=831 execution_us=23634 reason=tracking_pose_accepted
x=1.65 y=0.0999973 yaw=-60.6637 score=1 valid=1 mode=tracking state=TRACKING evaluated=831 execution_us=26356 reason=tracking_pose_accepted
x=1.4 y=0.249997 yaw=-60.8218 score=1 valid=1 mode=tracking state=TRACKING evaluated=831 execution_us=31138 reason=tracking_pose_accepted
x=1.4 y=0.249997 yaw=-61.4161 score=1 valid=1 mode=tracking state=TRACKING evaluated=831 execution_us=32890 reason=tracking_pose_accepted
x=1.75 y=0.149997 yaw=-62.0104 score=0.999339 valid=1 mode=tracking state=TRACKING evaluated=831 execution_us=34319 reason=tracking_pose_accepted
x=1.4 y=0.299997 yaw=-62.6048 score=0.994048 valid=1 mode=tracking state=TRACKING evaluated=831 execution_us=33469 reason=tracking_pose_accepted
x=1.7 y=0.149997 yaw=-63.1991 score=0.999255 valid=1 mode=tracking state=TRACKING evaluated=831 execution_us=32156 reason=tracking_pose_accepted
x=1.7 y=0.149997 yaw=-63.7935 score=1 valid=1 mode=tracking state=TRACKING evaluated=807 execution_us=38126 reason=tracking_pose_accepted
x=1.45 y=0.249997 yaw=-64.3878 score=1 valid=1 mode=tracking state=TRACKING evaluated=831 execution_us=26133 reason=tracking_pose_accepted
x=1.45 y=0.249997 yaw=-64.9822 score=1 valid=1 mode=tracking state=TRACKING evaluated=807 execution_us=23829 reason=tracking_pose_accepted
x=1.8 y=0.0999973 yaw=-65.5765 score=1 valid=1 mode=tracking state=TRACKING evaluated=807 execution_us=25450 reason=tracking_pose_accepted
x=1.45 y=0.199997 yaw=-66.1534 score=0.999291 valid=1 mode=tracking state=TRACKING evaluated=831 execution_us=27107 reason=tracking_pose_accepted
x=1.65 y=0.0999972 yaw=-66.7477 score=1 valid=1 mode=tracking state=TRACKING evaluated=831 execution_us=32475 reason=tracking_pose_accepted
x=1.65 y=0.0999972 yaw=-66.9232 score=1 valid=1 mode=tracking state=TRACKING evaluated=831 execution_us=31492 reason=tracking_pose_accepted
x=1.65 y=0.0999972 yaw=-66.9591 score=1 valid=1 mode=tracking state=TRACKING evaluated=831 execution_us=32181 reason=tracking_pose_accepted
x=1.65 y=0.0999972 yaw=-66.9949 score=1 valid=1 mode=tracking state=TRACKING evaluated=831 execution_us=31621 reason=tracking_pose_accepted
x=1.65 y=0.0999972 yaw=-67.0307 score=1 valid=1 mode=tracking state=TRACKING evaluated=831 execution_us=30792 reason=tracking_pose_accepted
x=1.4 y=0.249997 yaw=-66.927 score=1 valid=1 mode=tracking state=TRACKING evaluated=831 execution_us=30072 reason=tracking_pose_accepted
x=1.4 y=0.299997 yaw=-67.5213 score=1 valid=1 mode=tracking state=TRACKING evaluated=831 execution_us=27037 reason=tracking_pose_accepted
x=1.75 y=0.0999972 yaw=-68.1157 score=1 valid=1 mode=tracking state=TRACKING evaluated=831 execution_us=26733 reason=tracking_pose_accepted
x=1.7 y=0.149997 yaw=-68.71 score=0.991065 valid=1 mode=tracking state=TRACKING evaluated=789 execution_us=26757 reason=tracking_pose_accepted
x=1.75 y=0.149997 yaw=-68.6062 score=1 valid=1 mode=tracking state=TRACKING evaluated=789 execution_us=27406 reason=tracking_pose_accepted
x=1.7 y=0.149997 yaw=-69.2006 score=0.995588 valid=1 mode=tracking state=TRACKING evaluated=807 execution_us=28553 reason=tracking_pose_accepted
x=1.7 y=0.149997 yaw=-69.7949 score=1 valid=1 mode=tracking state=TRACKING evaluated=807 execution_us=35478 reason=tracking_pose_accepted
x=1.45 y=0.249997 yaw=-70.3893 score=1 valid=1 mode=tracking state=TRACKING evaluated=807 execution_us=30949 reason=tracking_pose_accepted
x=1.45 y=0.249997 yaw=-70.9836 score=1 valid=1 mode=tracking state=TRACKING evaluated=831 execution_us=31817 reason=tracking_pose_accepted
x=1.8 y=0.0999971 yaw=-71.5779 score=1 valid=1 mode=tracking state=TRACKING evaluated=831 execution_us=32667 reason=tracking_pose_accepted
x=1.45 y=0.249997 yaw=-72.1723 score=0.997599 valid=1 mode=tracking state=TRACKING evaluated=807 execution_us=30713 reason=tracking_pose_accepted
x=1.45 y=0.199997 yaw=-72.7666 score=0.996324 valid=1 mode=tracking state=TRACKING evaluated=807 execution_us=32469 reason=tracking_pose_accepted
x=1.4 y=0.249997 yaw=-73.361 score=1 valid=1 mode=tracking state=TRACKING evaluated=831 execution_us=30688 reason=tracking_pose_accepted
x=1.4 y=0.249997 yaw=-73.9553 score=1 valid=1 mode=tracking state=TRACKING evaluated=831 execution_us=28765 reason=tracking_pose_accepted
x=1.75 y=0.149997 yaw=-74.5497 score=1 valid=1 mode=tracking state=TRACKING evaluated=831 execution_us=29957 reason=tracking_pose_accepted
x=1.4 y=0.299997 yaw=-74.8648 score=0.993631 valid=1 mode=tracking state=TRACKING evaluated=807 execution_us=29347 reason=tracking_pose_accepted
x=1.75 y=0.149997 yaw=-75.3893 score=0.998511 valid=1 mode=tracking state=TRACKING evaluated=831 execution_us=30051 reason=tracking_pose_accepted
x=1.45 y=0.249997 yaw=-75.844 score=1 valid=1 mode=tracking state=TRACKING evaluated=807 execution_us=34143 reason=tracking_pose_accepted
x=1.45 y=0.249997 yaw=-76.4383 score=1 valid=1 mode=tracking state=TRACKING evaluated=807 execution_us=34669 reason=tracking_pose_accepted
x=1.45 y=0.249997 yaw=-77.0327 score=1 valid=1 mode=tracking state=TRACKING evaluated=807 execution_us=33163 reason=tracking_pose_accepted
x=1.45 y=0.249997 yaw=-77.627 score=1 valid=1 mode=tracking state=TRACKING evaluated=807 execution_us=24797 reason=tracking_pose_accepted
x=1.8 y=0.0999969 yaw=-78.2214 score=1 valid=1 mode=tracking state=TRACKING evaluated=807 execution_us=34609 reason=tracking_pose_accepted
x=1.45 y=0.249997 yaw=-78.7983 score=0.997766 valid=1 mode=tracking state=TRACKING evaluated=831 execution_us=24021 reason=tracking_pose_accepted
x=1.65 y=0.0999968 yaw=-79.3926 score=1 valid=1 mode=tracking state=TRACKING evaluated=831 execution_us=32598 reason=tracking_pose_accepted
x=1.65 y=0.0999968 yaw=-79.2888 score=1 valid=1 mode=tracking state=TRACKING evaluated=807 execution_us=30511 reason=tracking_pose_accepted
x=1.65 y=0.0999968 yaw=-79.4643 score=1 valid=1 mode=tracking state=TRACKING evaluated=807 execution_us=31533 reason=tracking_pose_accepted
x=1.4 y=0.249997 yaw=-79.4827 score=1 valid=1 mode=tracking state=TRACKING evaluated=807 execution_us=30131 reason=tracking_pose_accepted
x=1.4 y=0.249997 yaw=-80.077 score=1 valid=1 mode=tracking state=TRACKING evaluated=807 execution_us=31313 reason=tracking_pose_accepted
x=1.75 y=0.149997 yaw=-80.6714 score=0.999274 valid=1 mode=tracking state=TRACKING evaluated=807 execution_us=38461 reason=tracking_pose_accepted
x=1.4 y=0.299997 yaw=-81.1261 score=0.993865 valid=1 mode=tracking state=TRACKING evaluated=789 execution_us=24961 reason=tracking_pose_accepted
x=1.75 y=0.149997 yaw=-81.6506 score=0.997232 valid=1 mode=tracking state=TRACKING evaluated=807 execution_us=38937 reason=tracking_pose_accepted
x=1.7 y=0.149997 yaw=-81.8261 score=0.999269 valid=1 mode=tracking state=TRACKING evaluated=789 execution_us=23979 reason=tracking_pose_accepted
x=1.7 y=0.149997 yaw=-82.4204 score=1 valid=1 mode=tracking state=TRACKING evaluated=789 execution_us=24906 reason=tracking_pose_accepted
x=1.45 y=0.249997 yaw=-83.0148 score=1 valid=1 mode=tracking state=TRACKING evaluated=807 execution_us=32520 reason=tracking_pose_accepted
x=1.45 y=0.249997 yaw=-83.6091 score=1 valid=1 mode=tracking state=TRACKING evaluated=831 execution_us=32030 reason=tracking_pose_accepted
x=1.8 y=0.0999967 yaw=-84.2035 score=1 valid=1 mode=tracking state=TRACKING evaluated=831 execution_us=31741 reason=tracking_pose_accepted
x=1.45 y=0.249997 yaw=-84.7454 score=1 valid=1 mode=tracking state=TRACKING evaluated=789 execution_us=29902 reason=tracking_pose_accepted
x=1.45 y=0.199997 yaw=-85.27 score=0.998462 valid=1 mode=tracking state=TRACKING evaluated=807 execution_us=28808 reason=tracking_pose_accepted
x=1.65 y=0.0999966 yaw=-85.8643 score=1 valid=1 mode=tracking state=TRACKING evaluated=831 execution_us=29605 reason=tracking_pose_accepted
x=1.4 y=0.249997 yaw=-86.1794 score=1 valid=1 mode=tracking state=TRACKING evaluated=831 execution_us=25775 reason=tracking_pose_accepted
x=1.75 y=0.149997 yaw=-86.7738 score=0.999274 valid=1 mode=tracking state=TRACKING evaluated=831 execution_us=27135 reason=tracking_pose_accepted
x=1.4 y=0.299997 yaw=-87.3157 score=1 valid=1 mode=tracking state=TRACKING evaluated=831 execution_us=27554 reason=tracking_pose_accepted
x=1.75 y=0.149997 yaw=-87.9101 score=0.99796 valid=1 mode=tracking state=TRACKING evaluated=831 execution_us=28781 reason=tracking_pose_accepted
x=1.7 y=0.149997 yaw=-88.0855 score=0.998624 valid=1 mode=tracking state=TRACKING evaluated=831 execution_us=29153 reason=tracking_pose_accepted
x=1.7 y=0.149997 yaw=-88.6799 score=1 valid=1 mode=tracking state=TRACKING evaluated=831 execution_us=31664 reason=tracking_pose_accepted
x=1.45 y=0.249997 yaw=-89.2742 score=1 valid=1 mode=tracking state=TRACKING evaluated=831 execution_us=31516 reason=tracking_pose_accepted
x=1.45 y=0.249997 yaw=-89.8686 score=1 valid=1 mode=tracking state=TRACKING evaluated=807 execution_us=31048 reason=tracking_pose_accepted
x=1.45 y=0.249997 yaw=-90.4629 score=1 valid=1 mode=tracking state=TRACKING evaluated=807 execution_us=32560 reason=tracking_pose_accepted
x=1.8 y=0.0999965 yaw=-91.0573 score=1 valid=1 mode=tracking state=TRACKING evaluated=807 execution_us=33148 reason=tracking_pose_accepted
x=1.65 y=0.0999965 yaw=-91.6516 score=0.994152 valid=1 mode=tracking state=TRACKING evaluated=831 execution_us=33893 reason=tracking_pose_accepted
x=1.8 y=0.0999965 yaw=-91.5478 score=1 valid=1 mode=tracking state=TRACKING evaluated=831 execution_us=29286 reason=tracking_pose_accepted
x=1.65 y=0.0999965 yaw=-92.1422 score=0.995025 valid=1 mode=tracking state=TRACKING evaluated=807 execution_us=33291 reason=tracking_pose_accepted
x=1.65 y=0.0999965 yaw=-92.0384 score=1 valid=1 mode=tracking state=TRACKING evaluated=831 execution_us=30558 reason=tracking_pose_accepted
x=1.65 y=0.0999965 yaw=-92.0568 score=1 valid=1 mode=tracking state=TRACKING evaluated=831 execution_us=30020 reason=tracking_pose_accepted
x=1.4 y=0.249996 yaw=-92.0926 score=1 valid=1 mode=tracking state=TRACKING evaluated=831 execution_us=31129 reason=tracking_pose_accepted
x=1.7 y=0.0999965 yaw=-92.6695 score=0.998492 valid=1 mode=tracking state=TRACKING evaluated=831 execution_us=29514 reason=tracking_pose_accepted
x=1.75 y=0.0999964 yaw=-93.1242 score=1 valid=1 mode=tracking state=TRACKING evaluated=807 execution_us=33836 reason=tracking_pose_accepted
x=1.7 y=0.149996 yaw=-93.7186 score=0.982493 valid=1 mode=tracking state=TRACKING evaluated=807 execution_us=33967 reason=tracking_pose_accepted
x=1.75 y=0.149996 yaw=-93.6148 score=1 valid=1 mode=tracking state=TRACKING evaluated=807 execution_us=35267 reason=tracking_pose_accepted
x=1.4 y=0.299996 yaw=-94.0695 score=0.994186 valid=1 mode=tracking state=TRACKING evaluated=807 execution_us=34907 reason=tracking_pose_accepted
x=1.7 y=0.149996 yaw=-94.6639 score=0.997311 valid=1 mode=tracking state=TRACKING evaluated=807 execution_us=35130 reason=tracking_pose_accepted
x=1.45 y=0.249996 yaw=-95.2582 score=1 valid=1 mode=tracking state=TRACKING evaluated=831 execution_us=33133 reason=tracking_pose_accepted
x=1.45 y=0.249996 yaw=-95.8525 score=1 valid=1 mode=tracking state=TRACKING evaluated=807 execution_us=31174 reason=tracking_pose_accepted
x=1.45 y=0.249996 yaw=-96.4469 score=1 valid=1 mode=tracking state=TRACKING evaluated=807 execution_us=31701 reason=tracking_pose_accepted
x=1.8 y=0.0999963 yaw=-97.0412 score=1 valid=1 mode=tracking state=TRACKING evaluated=807 execution_us=31041 reason=tracking_pose_accepted
x=1.45 y=0.199996 yaw=-97.6356 score=1 valid=1 mode=tracking state=TRACKING evaluated=807 execution_us=32329 reason=tracking_pose_accepted
x=1.65 y=0.0999963 yaw=-98.2299 score=1 valid=1 mode=tracking state=TRACKING evaluated=831 execution_us=39389 reason=tracking_pose_accepted
x=1.65 y=0.0999963 yaw=-98.2658 score=1 valid=1 mode=tracking state=TRACKING evaluated=831 execution_us=31041 reason=tracking_pose_accepted
x=1.4 y=0.249996 yaw=-98.162 score=1 valid=1 mode=tracking state=TRACKING evaluated=831 execution_us=30098 reason=tracking_pose_accepted
x=2.25 y=0.149996 yaw=-97.7091 score=0.479485 valid=0 mode=tracking state=DEGRADED evaluated=831 execution_us=33939 reason=tracking_score_below_threshold
x=2.3 y=0.199996 yaw=-97.7615 score=0.31578 valid=0 mode=tracking state=DEGRADED evaluated=831 execution_us=51493 reason=tracking_score_below_threshold
x=2.35 y=1.15 yaw=-97.5695 score=0.513456 valid=0 mode=tracking state=LOST evaluated=831 execution_us=52428 reason=rejection_limit_reached
x=3.3 y=2.05 yaw=-0.0654502 score=0.979078 valid=1 mode=global state=RECOVERED evaluated=15444 execution_us=903350 reason=global_relocalization_accepted
x=3.3 y=2.05 yaw=-0.0663844 score=0.977293 valid=1 mode=tracking state=RECOVERED evaluated=807 execution_us=47931 reason=recovery_confirmation_pending
x=3.3 y=2.05 yaw=-0.0498653 score=0.975119 valid=1 mode=tracking state=RECOVERED evaluated=831 execution_us=55496 reason=recovery_confirmation_pending
x=3.3 y=2.05 yaw=-0.0507994 score=0.980291 valid=1 mode=tracking state=TRACKING evaluated=807 execution_us=54623 reason=recovery_confirmed
x=3.3 y=2.05 yaw=-0.0517336 score=0.977411 valid=1 mode=tracking state=TRACKING evaluated=807 execution_us=54650 reason=tracking_pose_accepted
x=3.3 y=2.05 yaw=-0.0526678 score=0.980443 valid=1 mode=tracking state=TRACKING evaluated=807 execution_us=55042 reason=tracking_pose_accepted
x=3.3 y=2.05 yaw=-0.053602 score=0.977411 valid=1 mode=tracking state=TRACKING evaluated=807 execution_us=54603 reason=tracking_pose_accepted
x=3.3 y=2.05 yaw=-0.0545362 score=0.980039 valid=1 mode=tracking state=TRACKING evaluated=807 execution_us=62317 reason=tracking_pose_accepted
x=3.3 y=2.05 yaw=-0.0554704 score=0.974093 valid=1 mode=tracking state=TRACKING evaluated=807 execution_us=59710 reason=tracking_pose_accepted
x=3.3 y=2.05 yaw=-0.0564046 score=0.97796 valid=1 mode=tracking state=TRACKING evaluated=807 execution_us=58776 reason=tracking_pose_accepted
x=3.3 y=2.05 yaw=-0.0573387 score=0.977714 valid=1 mode=tracking state=TRACKING evaluated=807 execution_us=59827 reason=tracking_pose_accepted
x=3.3 y=2.05 yaw=-0.0582729 score=0.982565 valid=1 mode=tracking state=TRACKING evaluated=807 execution_us=58937 reason=tracking_pose_accepted
x=3.3 y=2.05 yaw=-0.0592071 score=0.979275 valid=1 mode=tracking state=TRACKING evaluated=807 execution_us=59609 reason=tracking_pose_accepted
x=3.3 y=2.05 yaw=-0.0601413 score=0.981959 valid=1 mode=tracking state=TRACKING evaluated=807 execution_us=56762 reason=tracking_pose_accepted
x=3.3 y=2.05 yaw=-0.0610755 score=0.976684 valid=1 mode=tracking state=TRACKING evaluated=807 execution_us=55939 reason=tracking_pose_accepted
x=3.3 y=2.05 yaw=-0.0620097 score=0.978151 valid=1 mode=tracking state=TRACKING evaluated=807 execution_us=55998 reason=tracking_pose_accepted
x=3.3 y=2.05 yaw=-0.0629438 score=0.981656 valid=1 mode=tracking state=TRACKING evaluated=807 execution_us=56392 reason=tracking_pose_accepted
x=3.3 y=2.05 yaw=-0.063878 score=0.98269 valid=1 mode=tracking state=TRACKING evaluated=807 execution_us=55790 reason=tracking_pose_accepted
x=3.3 y=2.05 yaw=-0.0473589 score=0.983172 valid=1 mode=tracking state=TRACKING evaluated=807 execution_us=57320 reason=tracking_pose_accepted
x=3.3 y=2.05 yaw=-0.0482931 score=0.974661 valid=1 mode=tracking state=TRACKING evaluated=807 execution_us=60841 reason=tracking_pose_accepted
x=3.3 y=2.05 yaw=-0.0492273 score=0.975376 valid=1 mode=tracking state=TRACKING evaluated=807 execution_us=60699 reason=tracking_pose_accepted
x=3.29999 y=2.05 yaw=-0.0676147 score=0.981959 valid=1 mode=tracking state=TRACKING evaluated=807 execution_us=61624 reason=tracking_pose_accepted
x=3.29999 y=2.05001 yaw=-0.0510956 score=0.977598 valid=1 mode=tracking state=TRACKING evaluated=807 execution_us=60607 reason=tracking_pose_accepted
x=3.29999 y=2.05001 yaw=-0.0520297 score=0.975136 valid=1 mode=tracking state=TRACKING evaluated=807 execution_us=61030 reason=tracking_pose_accepted
x=3.29999 y=2.05001 yaw=-0.0529639 score=0.979579 valid=1 mode=tracking state=TRACKING evaluated=807 execution_us=66803 reason=tracking_pose_accepted
x=3.29999 y=2.05001 yaw=-0.0538981 score=0.980494 valid=1 mode=tracking state=TRACKING evaluated=807 execution_us=57512 reason=tracking_pose_accepted
x=3.29999 y=2.05001 yaw=-0.0548323 score=0.982565 valid=1 mode=tracking state=TRACKING evaluated=807 execution_us=58462 reason=tracking_pose_accepted
x=3.29999 y=2.05001 yaw=-0.0557665 score=0.977656 valid=1 mode=tracking state=TRACKING evaluated=807 execution_us=58109 reason=tracking_pose_accepted
x=3.29999 y=2.05001 yaw=-0.0567007 score=0.976318 valid=1 mode=tracking state=TRACKING evaluated=807 execution_us=57800 reason=tracking_pose_accepted
x=3.29999 y=2.05001 yaw=-0.0576349 score=0.981703 valid=1 mode=tracking state=TRACKING evaluated=807 execution_us=60338 reason=tracking_pose_accepted
x=3.29999 y=2.05001 yaw=-0.058569 score=0.979685 valid=1 mode=tracking state=TRACKING evaluated=807 execution_us=61236 reason=tracking_pose_accepted
x=3.29999 y=2.05001 yaw=-0.0595032 score=0.979884 valid=1 mode=tracking state=TRACKING evaluated=807 execution_us=51512 reason=tracking_pose_accepted
x=3.29999 y=2.05001 yaw=-0.0604374 score=0.980138 valid=1 mode=tracking state=TRACKING evaluated=807 execution_us=51913 reason=tracking_pose_accepted
x=3.29999 y=2.05001 yaw=-0.0613716 score=0.979381 valid=1 mode=tracking state=TRACKING evaluated=807 execution_us=51766 reason=tracking_pose_accepted
x=3.29999 y=2.05001 yaw=-0.0623058 score=0.979381 valid=1 mode=tracking state=TRACKING evaluated=807 execution_us=52215 reason=tracking_pose_accepted
x=3.29999 y=2.05001 yaw=-0.0632399 score=0.980594 valid=1 mode=tracking state=TRACKING evaluated=807 execution_us=52564 reason=tracking_pose_accepted
x=3.29999 y=2.05001 yaw=-0.0641741 score=0.979988 valid=1 mode=tracking state=TRACKING evaluated=807 execution_us=59021 reason=tracking_pose_accepted
x=3.29999 y=2.05001 yaw=-0.0651083 score=0.977166 valid=1 mode=tracking state=TRACKING evaluated=807 execution_us=60352 reason=tracking_pose_accepted
x=3.29999 y=2.05001 yaw=-0.0485892 score=0.97754 valid=1 mode=tracking state=TRACKING evaluated=807 execution_us=59039 reason=tracking_pose_accepted
x=3.29999 y=2.05001 yaw=-0.0495234 score=0.974768 valid=1 mode=tracking state=TRACKING evaluated=807 execution_us=59854 reason=tracking_pose_accepted
x=3.29999 y=2.05001 yaw=-0.0504576 score=0.980291 valid=1 mode=tracking state=TRACKING evaluated=807 execution_us=60049 reason=tracking_pose_accepted
x=3.29999 y=2.05001 yaw=-0.0513917 score=0.977598 valid=1 mode=tracking state=TRACKING evaluated=807 execution_us=59532 reason=tracking_pose_accepted
x=3.29999 y=2.05001 yaw=-0.0523259 score=0.979685 valid=1 mode=tracking state=TRACKING evaluated=807 execution_us=53743 reason=tracking_pose_accepted
x=3.29999 y=2.05001 yaw=-0.0532601 score=0.977107 valid=1 mode=tracking state=TRACKING evaluated=807 execution_us=53654 reason=tracking_pose_accepted
x=3.29999 y=2.05001 yaw=-0.0541943 score=0.977107 valid=1 mode=tracking state=TRACKING evaluated=807 execution_us=53717 reason=tracking_pose_accepted
x=3.29999 y=2.05001 yaw=-0.0551285 score=0.979832 valid=1 mode=tracking state=TRACKING evaluated=807 execution_us=54116 reason=tracking_pose_accepted
x=3.29999 y=2.05001 yaw=-0.0560627 score=0.981912 valid=1 mode=tracking state=TRACKING evaluated=807 execution_us=53777 reason=tracking_pose_accepted
x=3.29999 y=2.05001 yaw=-0.0569969 score=0.977235 valid=1 mode=tracking state=TRACKING evaluated=807 execution_us=57448 reason=tracking_pose_accepted
x=3.29999 y=2.05001 yaw=-0.057931 score=0.981912 valid=1 mode=tracking state=TRACKING evaluated=807 execution_us=59043 reason=tracking_pose_accepted
x=3.29999 y=2.05001 yaw=-0.0588652 score=0.976929 valid=1 mode=tracking state=TRACKING evaluated=807 execution_us=57773 reason=tracking_pose_accepted
x=3.29998 y=2.05001 yaw=-0.0597994 score=0.979328 valid=1 mode=tracking state=TRACKING evaluated=807 execution_us=59255 reason=tracking_pose_accepted
x=3.29998 y=2.05001 yaw=-0.0607336 score=0.979737 valid=1 mode=tracking state=TRACKING evaluated=807 execution_us=58993 reason=tracking_pose_accepted
x=3.29998 y=2.05001 yaw=-0.0616678 score=0.977293 valid=1 mode=tracking state=TRACKING evaluated=807 execution_us=58571 reason=tracking_pose_accepted
x=3.29998 y=2.05001 yaw=-0.0626019 score=0.979685 valid=1 mode=tracking state=TRACKING evaluated=807 execution_us=55867 reason=tracking_pose_accepted
x=3.29998 y=2.05001 yaw=-0.0635361 score=0.977411 valid=1 mode=tracking state=TRACKING evaluated=807 execution_us=55710 reason=tracking_pose_accepted
x=3.29998 y=2.05001 yaw=-0.0644703 score=0.979381 valid=1 mode=tracking state=TRACKING evaluated=807 execution_us=55823 reason=tracking_pose_accepted
x=3.29998 y=2.05001 yaw=-0.0654045 score=0.980291 valid=1 mode=tracking state=TRACKING evaluated=807 execution_us=56500 reason=tracking_pose_accepted
x=3.29998 y=2.05001 yaw=-0.0488854 score=0.977225 valid=1 mode=tracking state=TRACKING evaluated=807 execution_us=56080 reason=tracking_pose_accepted
x=3.29998 y=2.05001 yaw=-0.0498195 score=0.977352 valid=1 mode=tracking state=TRACKING evaluated=807 execution_us=56571 reason=tracking_pose_accepted
x=3.29998 y=2.05001 yaw=-0.0507537 score=0.979632 valid=1 mode=tracking state=TRACKING evaluated=807 execution_us=60174 reason=tracking_pose_accepted
x=3.29998 y=2.05001 yaw=-0.0516879 score=0.978073 valid=1 mode=tracking state=TRACKING evaluated=807 execution_us=60346 reason=tracking_pose_accepted
x=3.29998 y=2.05001 yaw=-0.0526221 score=0.980443 valid=1 mode=tracking state=TRACKING evaluated=807 execution_us=59941 reason=tracking_pose_accepted
x=3.29998 y=2.05001 yaw=-0.0535563 score=0.975072 valid=1 mode=tracking state=TRACKING evaluated=807 execution_us=61111 reason=tracking_pose_accepted
x=3.29998 y=2.05001 yaw=-0.0544905 score=0.979685 valid=1 mode=tracking state=TRACKING evaluated=807 execution_us=60590 reason=tracking_pose_accepted
x=3.29998 y=2.05002 yaw=-0.0554247 score=0.979473 valid=1 mode=tracking state=TRACKING evaluated=807 execution_us=56954 reason=tracking_pose_accepted
x=3.29998 y=2.05002 yaw=-0.0563588 score=0.982868 valid=1 mode=tracking state=TRACKING evaluated=807 execution_us=57050 reason=tracking_pose_accepted
x=3.29998 y=2.05002 yaw=-0.057293 score=0.982565 valid=1 mode=tracking state=TRACKING evaluated=807 execution_us=57219 reason=tracking_pose_accepted
x=3.29998 y=2.05002 yaw=-0.0582272 score=0.980342 valid=1 mode=tracking state=TRACKING evaluated=807 execution_us=58474 reason=tracking_pose_accepted
x=3.29998 y=2.05002 yaw=-0.0591614 score=0.979579 valid=1 mode=tracking state=TRACKING evaluated=807 execution_us=57047 reason=tracking_pose_accepted
x=3.29998 y=2.05002 yaw=-0.0600956 score=0.977469 valid=1 mode=tracking state=TRACKING evaluated=807 execution_us=58239 reason=tracking_pose_accepted
x=3.29998 y=2.05002 yaw=-0.0610298 score=0.980039 valid=1 mode=tracking state=TRACKING evaluated=807 execution_us=61419 reason=tracking_pose_accepted
x=3.29998 y=2.05002 yaw=-0.0619639 score=0.977225 valid=1 mode=tracking state=TRACKING evaluated=807 execution_us=51232 reason=tracking_pose_accepted
x=3.29998 y=2.05002 yaw=-0.0628981 score=0.977714 valid=1 mode=tracking state=TRACKING evaluated=807 execution_us=51730 reason=tracking_pose_accepted
x=3.29998 y=2.05002 yaw=-0.0638323 score=0.980039 valid=1 mode=tracking state=TRACKING evaluated=807 execution_us=51260 reason=tracking_pose_accepted
x=3.29998 y=2.05002 yaw=-0.0647665 score=0.979737 valid=1 mode=tracking state=TRACKING evaluated=807 execution_us=51682 reason=tracking_pose_accepted
x=3.29998 y=2.05002 yaw=-0.0657007 score=0.982216 valid=1 mode=tracking state=TRACKING evaluated=807 execution_us=52098 reason=tracking_pose_accepted
x=3.29998 y=2.05002 yaw=-0.0491816 score=0.97796 valid=1 mode=tracking state=TRACKING evaluated=807 execution_us=58589 reason=tracking_pose_accepted
x=3.29998 y=2.05002 yaw=-0.0501157 score=0.979779 valid=1 mode=tracking state=TRACKING evaluated=807 execution_us=58025 reason=tracking_pose_accepted
x=3.29998 y=2.05002 yaw=-0.0510499 score=0.98024 valid=1 mode=tracking state=TRACKING evaluated=807 execution_us=59105 reason=tracking_pose_accepted
x=3.29998 y=2.05002 yaw=-0.0519841 score=0.979685 valid=1 mode=tracking state=TRACKING evaluated=807 execution_us=58799 reason=tracking_pose_accepted
x=3.29998 y=2.05002 yaw=-0.0529183 score=0.979832 valid=1 mode=tracking state=TRACKING evaluated=807 execution_us=59541 reason=tracking_pose_accepted
x=3.29998 y=2.05002 yaw=-0.0538525 score=0.982565 valid=1 mode=tracking state=TRACKING evaluated=807 execution_us=59567 reason=tracking_pose_accepted
x=3.29997 y=2.05002 yaw=-0.0547866 score=0.977352 valid=1 mode=tracking state=TRACKING evaluated=807 execution_us=52704 reason=tracking_pose_accepted
mission_command=STOP
x=3.29997 y=2.05002 yaw=-0.0557208 score=0.981959 valid=1 mode=tracking state=TRACKING evaluated=807 execution_us=54125 reason=tracking_pose_accepted
[YDLIDAR] Now lidar scanning has stopped!
lidar_state=STOPPED
signal_handler(15)
