mission_command=START
[YDLIDAR] SDK initializing
[YDLIDAR] SDK has been initialized
[YDLIDAR] SDK Version: 1.2.7
[YDLIDAR] Lidar successfully connected [/dev/ttyS3:230400]
[YDLIDAR] Lidar running correctly! The health status: good
Current Lidar Model Code 151
[YDLIDAR] Baseplate device info
Firmware version: 1.2
Hardware version: 1
Model: Tmini Plus
Serial: 2025042300090381
[YDLIDAR] Current scan frequency: 10.00Hz
[YDLIDAR] Current scan frequency: 10.00Hz
[YDLIDAR] Lidar init success, Elapsed time 956 ms
[YDLIDAR] Create thread 0xA69AE4C0
[YDLIDAR] Successed to start scan mode, Elapsed time 2098 ms
[YDLIDAR] Scan Frequency: 10.00Hz
[YDLIDAR] Fixed Size: 400
[YDLIDAR] Sample Rate: 4.00K
[YDLIDAR] Successed to check the lidar, Elapsed time 0 ms
[2026-07-24 01:32:35][info] [YDLIDAR] Now lidar is scanning...
lidar_state=RUNNING
x=3.8 y=4.55 yaw=1.1781 score=0.976884 valid=1 mode=global state=RECOVERED evaluated=15444 execution_us=869056 reason=initial_global_pose_accepted
x=3.8 y=4.55 yaw=1.17716 score=0.97947 valid=1 mode=tracking state=RECOVERED evaluated=807 execution_us=47673 reason=recovery_confirmation_pending
x=3.8 y=4.55 yaw=1.17623 score=0.982239 valid=1 mode=tracking state=RECOVERED evaluated=789 execution_us=44907 reason=recovery_confirmation_pending
x=3.8 y=4.55 yaw=1.17529 score=0.980778 valid=1 mode=tracking state=TRACKING evaluated=789 execution_us=44740 reason=recovery_confirmed
x=3.8 y=4.55 yaw=1.17436 score=0.983061 valid=1 mode=tracking state=TRACKING evaluated=789 execution_us=45388 reason=tracking_pose_accepted
x=3.8 y=4.55 yaw=1.17343 score=0.980774 valid=1 mode=tracking state=TRACKING evaluated=807 execution_us=44885 reason=tracking_pose_accepted
x=3.8 y=4.55 yaw=1.17249 score=0.982286 valid=1 mode=tracking state=TRACKING evaluated=789 execution_us=44229 reason=tracking_pose_accepted
x=3.8 y=4.55 yaw=1.17156 score=0.983521 valid=1 mode=tracking state=TRACKING evaluated=807 execution_us=45367 reason=tracking_pose_accepted
x=3.8 y=4.55 yaw=1.17062 score=0.982904 valid=1 mode=tracking state=TRACKING evaluated=789 execution_us=44314 reason=tracking_pose_accepted
x=3.8 y=4.55 yaw=1.16969 score=0.980473 valid=1 mode=tracking state=TRACKING evaluated=807 execution_us=46393 reason=tracking_pose_accepted
x=3.8 y=4.55 yaw=1.16876 score=0.982667 valid=1 mode=tracking state=TRACKING evaluated=789 execution_us=44011 reason=tracking_pose_accepted
x=3.8 y=4.54999 yaw=1.16782 score=0.98079 valid=1 mode=tracking state=TRACKING evaluated=789 execution_us=44178 reason=tracking_pose_accepted
x=3.8 y=4.54999 yaw=1.16689 score=0.986228 valid=1 mode=tracking state=TRACKING evaluated=807 execution_us=45150 reason=tracking_pose_accepted
x=3.8 y=4.54999 yaw=1.18341 score=0.98178 valid=1 mode=tracking state=TRACKING evaluated=789 execution_us=44637 reason=tracking_pose_accepted
x=3.79999 y=4.54999 yaw=1.18247 score=0.981874 valid=1 mode=tracking state=TRACKING evaluated=807 execution_us=44918 reason=tracking_pose_accepted
x=3.79999 y=4.54999 yaw=1.16409 score=0.981486 valid=1 mode=tracking state=TRACKING evaluated=789 execution_us=43925 reason=tracking_pose_accepted
x=3.79999 y=4.54999 yaw=1.1806 score=0.979447 valid=1 mode=tracking state=TRACKING evaluated=789 execution_us=44629 reason=tracking_pose_accepted
x=3.79999 y=4.54999 yaw=1.17967 score=0.981249 valid=1 mode=tracking state=TRACKING evaluated=789 execution_us=44364 reason=tracking_pose_accepted
x=3.79999 y=4.49999 yaw=1.17874 score=0.981414 valid=1 mode=tracking state=TRACKING evaluated=789 execution_us=43851 reason=tracking_pose_accepted
x=3.79999 y=4.54999 yaw=1.1778 score=0.982875 valid=1 mode=tracking state=TRACKING evaluated=789 execution_us=44791 reason=tracking_pose_accepted
x=3.79999 y=4.54999 yaw=1.17687 score=0.984283 valid=1 mode=tracking state=TRACKING evaluated=789 execution_us=45058 reason=tracking_pose_accepted
x=3.79999 y=4.54999 yaw=1.17593 score=0.984828 valid=1 mode=tracking state=TRACKING evaluated=789 execution_us=43813 reason=tracking_pose_accepted
x=3.79999 y=4.54999 yaw=1.175 score=0.983284 valid=1 mode=tracking state=TRACKING evaluated=807 execution_us=45139 reason=tracking_pose_accepted
x=3.79999 y=4.54999 yaw=1.17407 score=0.981869 valid=1 mode=tracking state=TRACKING evaluated=789 execution_us=44934 reason=tracking_pose_accepted
x=3.79999 y=4.54999 yaw=1.17313 score=0.984028 valid=1 mode=tracking state=TRACKING evaluated=789 execution_us=44412 reason=tracking_pose_accepted
x=3.79999 y=4.54999 yaw=1.1722 score=0.980948 valid=1 mode=tracking state=TRACKING evaluated=807 execution_us=46515 reason=tracking_pose_accepted
x=3.79999 y=4.54999 yaw=1.17126 score=0.98219 valid=1 mode=tracking state=TRACKING evaluated=789 execution_us=44465 reason=tracking_pose_accepted
x=3.79999 y=4.54999 yaw=1.17033 score=0.982461 valid=1 mode=tracking state=TRACKING evaluated=807 execution_us=45035 reason=tracking_pose_accepted
x=3.79999 y=4.54999 yaw=1.1694 score=0.982142 valid=1 mode=tracking state=TRACKING evaluated=789 execution_us=45599 reason=tracking_pose_accepted
x=3.79999 y=4.54999 yaw=1.16846 score=0.988256 valid=1 mode=tracking state=TRACKING evaluated=807 execution_us=45424 reason=tracking_pose_accepted
x=3.79999 y=4.54999 yaw=1.18498 score=0.982272 valid=1 mode=tracking state=TRACKING evaluated=789 execution_us=44846 reason=tracking_pose_accepted
x=3.79999 y=4.54999 yaw=1.16659 score=0.986785 valid=1 mode=tracking state=TRACKING evaluated=789 execution_us=44266 reason=tracking_pose_accepted
x=3.79999 y=4.54999 yaw=1.18311 score=0.983061 valid=1 mode=tracking state=TRACKING evaluated=789 execution_us=44348 reason=tracking_pose_accepted
x=3.79999 y=4.54998 yaw=1.16473 score=0.985158 valid=1 mode=tracking state=TRACKING evaluated=807 execution_us=45247 reason=tracking_pose_accepted
x=3.79999 y=4.54998 yaw=1.18124 score=0.982678 valid=1 mode=tracking state=TRACKING evaluated=789 execution_us=44841 reason=tracking_pose_accepted
x=3.79999 y=4.54998 yaw=1.18031 score=0.984152 valid=1 mode=tracking state=TRACKING evaluated=789 execution_us=44822 reason=tracking_pose_accepted
x=3.79999 y=4.54998 yaw=1.17938 score=0.984026 valid=1 mode=tracking state=TRACKING evaluated=789 execution_us=44575 reason=tracking_pose_accepted
x=3.79999 y=4.54998 yaw=1.17844 score=0.984703 valid=1 mode=tracking state=TRACKING evaluated=789 execution_us=44229 reason=tracking_pose_accepted
x=3.79999 y=4.54998 yaw=1.17751 score=0.98328 valid=1 mode=tracking state=TRACKING evaluated=789 execution_us=44762 reason=tracking_pose_accepted
x=3.79999 y=4.54998 yaw=1.17657 score=0.985174 valid=1 mode=tracking state=TRACKING evaluated=789 execution_us=44752 reason=tracking_pose_accepted
x=3.79999 y=4.54998 yaw=1.17564 score=0.9846 valid=1 mode=tracking state=TRACKING evaluated=789 execution_us=44540 reason=tracking_pose_accepted
x=3.79999 y=4.54998 yaw=1.17471 score=0.982884 valid=1 mode=tracking state=TRACKING evaluated=789 execution_us=44582 reason=tracking_pose_accepted
x=3.79999 y=4.54998 yaw=1.17377 score=0.983926 valid=1 mode=tracking state=TRACKING evaluated=807 execution_us=45720 reason=tracking_pose_accepted
x=3.79999 y=4.54998 yaw=1.17284 score=0.984457 valid=1 mode=tracking state=TRACKING evaluated=789 execution_us=44638 reason=tracking_pose_accepted
x=3.79999 y=4.54998 yaw=1.1719 score=0.983102 valid=1 mode=tracking state=TRACKING evaluated=807 execution_us=45260 reason=tracking_pose_accepted
x=3.79999 y=4.54998 yaw=1.17097 score=0.98411 valid=1 mode=tracking state=TRACKING evaluated=789 execution_us=44883 reason=tracking_pose_accepted
x=3.79999 y=4.54998 yaw=1.17004 score=0.985458 valid=1 mode=tracking state=TRACKING evaluated=807 execution_us=45544 reason=tracking_pose_accepted
x=3.79999 y=4.54998 yaw=1.1691 score=0.9846 valid=1 mode=tracking state=TRACKING evaluated=789 execution_us=48117 reason=tracking_pose_accepted
x=3.79999 y=4.54998 yaw=1.16817 score=0.986456 valid=1 mode=tracking state=TRACKING evaluated=789 execution_us=44728 reason=tracking_pose_accepted
x=3.79999 y=4.54998 yaw=1.16723 score=0.9848 valid=1 mode=tracking state=TRACKING evaluated=789 execution_us=44741 reason=tracking_pose_accepted
x=3.79999 y=4.54998 yaw=1.1663 score=0.986525 valid=1 mode=tracking state=TRACKING evaluated=807 execution_us=45499 reason=tracking_pose_accepted
x=3.79999 y=4.54998 yaw=1.16536 score=0.983082 valid=1 mode=tracking state=TRACKING evaluated=789 execution_us=44335 reason=tracking_pose_accepted
x=3.79999 y=4.54998 yaw=1.18188 score=0.984683 valid=1 mode=tracking state=TRACKING evaluated=807 execution_us=45211 reason=tracking_pose_accepted
x=3.79999 y=4.54998 yaw=1.18095 score=0.983584 valid=1 mode=tracking state=TRACKING evaluated=789 execution_us=45062 reason=tracking_pose_accepted
x=3.79999 y=4.54997 yaw=1.18002 score=0.985147 valid=1 mode=tracking state=TRACKING evaluated=789 execution_us=44555 reason=tracking_pose_accepted
x=3.79999 y=4.54997 yaw=1.16163 score=0.98244 valid=1 mode=tracking state=TRACKING evaluated=789 execution_us=44348 reason=tracking_pose_accepted
x=3.79999 y=4.54997 yaw=1.17815 score=0.985251 valid=1 mode=tracking state=TRACKING evaluated=789 execution_us=44476 reason=tracking_pose_accepted
x=3.79999 y=4.54997 yaw=1.17721 score=0.982394 valid=1 mode=tracking state=TRACKING evaluated=789 execution_us=44477 reason=tracking_pose_accepted
x=3.79998 y=4.54997 yaw=1.17628 score=0.984743 valid=1 mode=tracking state=TRACKING evaluated=789 execution_us=44729 reason=tracking_pose_accepted
x=3.79998 y=4.54997 yaw=1.17535 score=0.984639 valid=1 mode=tracking state=TRACKING evaluated=789 execution_us=44364 reason=tracking_pose_accepted
x=3.79998 y=4.54997 yaw=1.17441 score=0.983944 valid=1 mode=tracking state=TRACKING evaluated=789 execution_us=44229 reason=tracking_pose_accepted
x=3.79998 y=4.54997 yaw=1.17348 score=0.983544 valid=1 mode=tracking state=TRACKING evaluated=807 execution_us=45913 reason=tracking_pose_accepted
x=3.79998 y=4.54997 yaw=1.17254 score=0.982231 valid=1 mode=tracking state=TRACKING evaluated=789 execution_us=44747 reason=tracking_pose_accepted
x=3.79998 y=4.54997 yaw=1.17161 score=0.985755 valid=1 mode=tracking state=TRACKING evaluated=807 execution_us=45699 reason=tracking_pose_accepted
x=3.79998 y=4.54997 yaw=1.17068 score=0.984641 valid=1 mode=tracking state=TRACKING evaluated=789 execution_us=44572 reason=tracking_pose_accepted
x=3.79998 y=4.54997 yaw=1.16974 score=0.986819 valid=1 mode=tracking state=TRACKING evaluated=807 execution_us=45412 reason=tracking_pose_accepted
x=3.79998 y=4.54997 yaw=1.16881 score=0.987022 valid=1 mode=tracking state=TRACKING evaluated=789 execution_us=45362 reason=tracking_pose_accepted
x=3.79998 y=4.54997 yaw=1.16787 score=0.986449 valid=1 mode=tracking state=TRACKING evaluated=789 execution_us=43970 reason=tracking_pose_accepted
x=3.79998 y=4.54997 yaw=1.16694 score=0.98711 valid=1 mode=tracking state=TRACKING evaluated=807 execution_us=45730 reason=tracking_pose_accepted
x=3.79998 y=4.54997 yaw=1.18346 score=0.983645 valid=1 mode=tracking state=TRACKING evaluated=789 execution_us=44063 reason=tracking_pose_accepted
x=3.79998 y=4.49997 yaw=1.18252 score=0.984191 valid=1 mode=tracking state=TRACKING evaluated=789 execution_us=44254 reason=tracking_pose_accepted
x=3.79998 y=4.54997 yaw=1.18159 score=0.984416 valid=1 mode=tracking state=TRACKING evaluated=789 execution_us=44600 reason=tracking_pose_accepted
x=3.79998 y=4.54997 yaw=1.18066 score=0.982883 valid=1 mode=tracking state=TRACKING evaluated=789 execution_us=44080 reason=tracking_pose_accepted
x=3.79998 y=4.54997 yaw=1.17972 score=0.982272 valid=1 mode=tracking state=TRACKING evaluated=789 execution_us=45252 reason=tracking_pose_accepted
x=3.79998 y=4.54997 yaw=1.17879 score=0.982886 valid=1 mode=tracking state=TRACKING evaluated=789 execution_us=44543 reason=tracking_pose_accepted
x=3.79998 y=4.54997 yaw=1.17785 score=0.982794 valid=1 mode=tracking state=TRACKING evaluated=789 execution_us=44179 reason=tracking_pose_accepted
x=3.79998 y=4.54996 yaw=1.17692 score=0.982125 valid=1 mode=tracking state=TRACKING evaluated=789 execution_us=44633 reason=tracking_pose_accepted
x=3.79998 y=4.54996 yaw=1.17599 score=0.98415 valid=1 mode=tracking state=TRACKING evaluated=789 execution_us=44755 reason=tracking_pose_accepted
x=3.79998 y=4.54996 yaw=1.17505 score=0.9803 valid=1 mode=tracking state=TRACKING evaluated=807 execution_us=45367 reason=tracking_pose_accepted
x=3.79998 y=4.54996 yaw=1.17412 score=0.981621 valid=1 mode=tracking state=TRACKING evaluated=789 execution_us=44720 reason=tracking_pose_accepted
x=3.79998 y=4.54996 yaw=1.17318 score=0.982539 valid=1 mode=tracking state=TRACKING evaluated=789 execution_us=44157 reason=tracking_pose_accepted
x=3.79998 y=4.54996 yaw=1.1897 score=0.982373 valid=1 mode=tracking state=TRACKING evaluated=807 execution_us=45795 reason=tracking_pose_accepted
x=3.79998 y=4.54996 yaw=1.17132 score=0.983102 valid=1 mode=tracking state=TRACKING evaluated=789 execution_us=44509 reason=tracking_pose_accepted
x=3.79998 y=4.54996 yaw=1.17038 score=0.983367 valid=1 mode=tracking state=TRACKING evaluated=789 execution_us=44448 reason=tracking_pose_accepted
x=3.79998 y=4.54996 yaw=1.16945 score=0.982283 valid=1 mode=tracking state=TRACKING evaluated=807 execution_us=46089 reason=tracking_pose_accepted
x=3.79998 y=4.54996 yaw=1.16851 score=0.985981 valid=1 mode=tracking state=TRACKING evaluated=789 execution_us=44653 reason=tracking_pose_accepted
x=3.79998 y=4.54996 yaw=1.16758 score=0.989065 valid=1 mode=tracking state=TRACKING evaluated=789 execution_us=45449 reason=tracking_pose_accepted
x=3.79998 y=4.54996 yaw=1.16664 score=0.985183 valid=1 mode=tracking state=TRACKING evaluated=789 execution_us=44800 reason=tracking_pose_accepted
x=3.79998 y=4.54996 yaw=1.18316 score=0.983683 valid=1 mode=tracking state=TRACKING evaluated=789 execution_us=44111 reason=tracking_pose_accepted
x=3.79998 y=4.54996 yaw=1.16478 score=0.98358 valid=1 mode=tracking state=TRACKING evaluated=789 execution_us=44215 reason=tracking_pose_accepted
x=3.79998 y=4.54996 yaw=1.1813 score=0.980422 valid=1 mode=tracking state=TRACKING evaluated=789 execution_us=44897 reason=tracking_pose_accepted
x=3.79998 y=4.54996 yaw=1.18036 score=0.981427 valid=1 mode=tracking state=TRACKING evaluated=789 execution_us=43793 reason=tracking_pose_accepted
x=3.79998 y=4.54996 yaw=1.17943 score=0.978017 valid=1 mode=tracking state=TRACKING evaluated=789 execution_us=44862 reason=tracking_pose_accepted
x=3.79998 y=4.54996 yaw=1.17849 score=0.979647 valid=1 mode=tracking state=TRACKING evaluated=789 execution_us=44414 reason=tracking_pose_accepted
x=3.79998 y=4.54996 yaw=1.17756 score=0.982085 valid=1 mode=tracking state=TRACKING evaluated=789 execution_us=43685 reason=tracking_pose_accepted
x=3.79998 y=4.54996 yaw=1.17663 score=0.982942 valid=1 mode=tracking state=TRACKING evaluated=789 execution_us=44285 reason=tracking_pose_accepted
x=3.79998 y=4.54996 yaw=1.17569 score=0.977227 valid=1 mode=tracking state=TRACKING evaluated=789 execution_us=45067 reason=tracking_pose_accepted
x=3.79998 y=4.54995 yaw=1.17476 score=0.981288 valid=1 mode=tracking state=TRACKING evaluated=789 execution_us=44061 reason=tracking_pose_accepted
x=3.79998 y=4.54995 yaw=1.17382 score=0.980167 valid=1 mode=tracking state=TRACKING evaluated=789 execution_us=44328 reason=tracking_pose_accepted
x=3.79998 y=4.54995 yaw=1.17289 score=0.979553 valid=1 mode=tracking state=TRACKING evaluated=807 execution_us=45529 reason=tracking_pose_accepted
x=3.79998 y=4.54995 yaw=1.17196 score=0.984137 valid=1 mode=tracking state=TRACKING evaluated=789 execution_us=43432 reason=tracking_pose_accepted
x=3.79998 y=4.54995 yaw=1.17102 score=0.983201 valid=1 mode=tracking state=TRACKING evaluated=807 execution_us=45878 reason=tracking_pose_accepted
x=3.79998 y=4.54995 yaw=1.17009 score=0.981969 valid=1 mode=tracking state=TRACKING evaluated=789 execution_us=44785 reason=tracking_pose_accepted
x=3.79998 y=4.54995 yaw=1.16915 score=0.984595 valid=1 mode=tracking state=TRACKING evaluated=807 execution_us=44761 reason=tracking_pose_accepted
x=3.79998 y=4.54995 yaw=1.16822 score=0.984252 valid=1 mode=tracking state=TRACKING evaluated=789 execution_us=44727 reason=tracking_pose_accepted
x=3.79998 y=4.54995 yaw=1.16728 score=0.986908 valid=1 mode=tracking state=TRACKING evaluated=789 execution_us=44228 reason=tracking_pose_accepted
x=3.79998 y=4.54995 yaw=1.16635 score=0.985762 valid=1 mode=tracking state=TRACKING evaluated=789 execution_us=43738 reason=tracking_pose_accepted
x=3.79997 y=4.54995 yaw=1.16542 score=0.982996 valid=1 mode=tracking state=TRACKING evaluated=807 execution_us=46116 reason=tracking_pose_accepted
x=3.79997 y=4.49995 yaw=1.18194 score=0.981913 valid=1 mode=tracking state=TRACKING evaluated=789 execution_us=43814 reason=tracking_pose_accepted
x=3.79997 y=4.54995 yaw=1.181 score=0.979351 valid=1 mode=tracking state=TRACKING evaluated=789 execution_us=45393 reason=tracking_pose_accepted
x=3.79997 y=4.49995 yaw=1.18007 score=0.983964 valid=1 mode=tracking state=TRACKING evaluated=789 execution_us=43843 reason=tracking_pose_accepted
x=3.79997 y=4.54995 yaw=1.17913 score=0.981723 valid=1 mode=tracking state=TRACKING evaluated=789 execution_us=44334 reason=tracking_pose_accepted
x=3.79997 y=4.54995 yaw=1.1782 score=0.984537 valid=1 mode=tracking state=TRACKING evaluated=789 execution_us=45134 reason=tracking_pose_accepted
x=3.79997 y=4.54995 yaw=1.17727 score=0.984559 valid=1 mode=tracking state=TRACKING evaluated=789 execution_us=44376 reason=tracking_pose_accepted
x=3.79997 y=4.54995 yaw=1.17633 score=0.984944 valid=1 mode=tracking state=TRACKING evaluated=789 execution_us=44739 reason=tracking_pose_accepted
x=3.79997 y=4.54995 yaw=1.1754 score=0.985968 valid=1 mode=tracking state=TRACKING evaluated=789 execution_us=44993 reason=tracking_pose_accepted
x=3.79997 y=4.54995 yaw=1.17446 score=0.985699 valid=1 mode=tracking state=TRACKING evaluated=789 execution_us=44810 reason=tracking_pose_accepted
x=3.79997 y=4.54995 yaw=1.17353 score=0.985335 valid=1 mode=tracking state=TRACKING evaluated=807 execution_us=45590 reason=tracking_pose_accepted
x=3.79997 y=4.54995 yaw=1.1726 score=0.984314 valid=1 mode=tracking state=TRACKING evaluated=789 execution_us=45022 reason=tracking_pose_accepted
x=3.79997 y=4.54995 yaw=1.17166 score=0.98555 valid=1 mode=tracking state=TRACKING evaluated=807 execution_us=45861 reason=tracking_pose_accepted
x=3.79997 y=4.54994 yaw=1.17073 score=0.984088 valid=1 mode=tracking state=TRACKING evaluated=789 execution_us=44660 reason=tracking_pose_accepted
x=3.79997 y=4.54994 yaw=1.16979 score=0.986436 valid=1 mode=tracking state=TRACKING evaluated=807 execution_us=45837 reason=tracking_pose_accepted
x=3.79997 y=4.54994 yaw=1.16886 score=0.98576 valid=1 mode=tracking state=TRACKING evaluated=789 execution_us=44723 reason=tracking_pose_accepted
x=3.79997 y=4.54994 yaw=1.16792 score=0.988163 valid=1 mode=tracking state=TRACKING evaluated=807 execution_us=45389 reason=tracking_pose_accepted
x=3.79997 y=4.54994 yaw=1.16699 score=0.986772 valid=1 mode=tracking state=TRACKING evaluated=789 execution_us=44745 reason=tracking_pose_accepted
x=3.79997 y=4.49994 yaw=1.18351 score=0.984931 valid=1 mode=tracking state=TRACKING evaluated=789 execution_us=44173 reason=tracking_pose_accepted
x=3.79997 y=4.49994 yaw=1.18258 score=0.983208 valid=1 mode=tracking state=TRACKING evaluated=789 execution_us=44378 reason=tracking_pose_accepted
x=3.79997 y=4.49994 yaw=1.18164 score=0.984662 valid=1 mode=tracking state=TRACKING evaluated=789 execution_us=44314 reason=tracking_pose_accepted
x=3.79997 y=4.54994 yaw=1.18071 score=0.984375 valid=1 mode=tracking state=TRACKING evaluated=789 execution_us=44537 reason=tracking_pose_accepted
x=3.79997 y=4.54994 yaw=1.17977 score=0.983492 valid=1 mode=tracking state=TRACKING evaluated=789 execution_us=44709 reason=tracking_pose_accepted
x=3.79997 y=4.54994 yaw=1.17884 score=0.981764 valid=1 mode=tracking state=TRACKING evaluated=789 execution_us=44622 reason=tracking_pose_accepted
x=3.79997 y=4.54994 yaw=1.17791 score=0.98279 valid=1 mode=tracking state=TRACKING evaluated=789 execution_us=44954 reason=tracking_pose_accepted
x=3.79997 y=4.54994 yaw=1.17697 score=0.985324 valid=1 mode=tracking state=TRACKING evaluated=789 execution_us=44565 reason=tracking_pose_accepted
x=3.79997 y=4.54994 yaw=1.17604 score=0.982582 valid=1 mode=tracking state=TRACKING evaluated=789 execution_us=44695 reason=tracking_pose_accepted
x=3.79997 y=4.54994 yaw=1.1751 score=0.982986 valid=1 mode=tracking state=TRACKING evaluated=807 execution_us=45937 reason=tracking_pose_accepted
x=3.79997 y=4.54994 yaw=1.17417 score=0.98262 valid=1 mode=tracking state=TRACKING evaluated=789 execution_us=44810 reason=tracking_pose_accepted
x=3.79997 y=4.54994 yaw=1.17324 score=0.982637 valid=1 mode=tracking state=TRACKING evaluated=807 execution_us=45671 reason=tracking_pose_accepted
x=3.79997 y=4.54994 yaw=1.1723 score=0.982972 valid=1 mode=tracking state=TRACKING evaluated=789 execution_us=43741 reason=tracking_pose_accepted
x=3.79997 y=4.54994 yaw=1.17137 score=0.985939 valid=1 mode=tracking state=TRACKING evaluated=807 execution_us=46353 reason=tracking_pose_accepted
x=3.79997 y=4.54994 yaw=1.17043 score=0.984068 valid=1 mode=tracking state=TRACKING evaluated=789 execution_us=44892 reason=tracking_pose_accepted
x=3.79997 y=4.54994 yaw=1.1695 score=0.986166 valid=1 mode=tracking state=TRACKING evaluated=789 execution_us=44076 reason=tracking_pose_accepted
x=3.79997 y=4.54994 yaw=1.16856 score=0.985618 valid=1 mode=tracking state=TRACKING evaluated=789 execution_us=44250 reason=tracking_pose_accepted
x=3.79997 y=4.54994 yaw=1.16763 score=0.986956 valid=1 mode=tracking state=TRACKING evaluated=789 execution_us=43849 reason=tracking_pose_accepted
x=3.79997 y=4.54994 yaw=1.1667 score=0.986908 valid=1 mode=tracking state=TRACKING evaluated=807 execution_us=45394 reason=tracking_pose_accepted
x=3.79997 y=4.54993 yaw=1.16576 score=0.984537 valid=1 mode=tracking state=TRACKING evaluated=789 execution_us=44786 reason=tracking_pose_accepted
x=3.79997 y=4.49993 yaw=1.18228 score=0.984931 valid=1 mode=tracking state=TRACKING evaluated=789 execution_us=44162 reason=tracking_pose_accepted
x=3.79997 y=4.54993 yaw=1.18135 score=0.98262 valid=1 mode=tracking state=TRACKING evaluated=789 execution_us=44242 reason=tracking_pose_accepted
x=3.79997 y=4.54993 yaw=1.18041 score=0.983065 valid=1 mode=tracking state=TRACKING evaluated=789 execution_us=44666 reason=tracking_pose_accepted
x=3.79997 y=4.49993 yaw=1.17948 score=0.984725 valid=1 mode=tracking state=TRACKING evaluated=789 execution_us=43851 reason=tracking_pose_accepted
x=3.79997 y=4.54993 yaw=1.17855 score=0.982843 valid=1 mode=tracking state=TRACKING evaluated=789 execution_us=44591 reason=tracking_pose_accepted
x=3.79997 y=4.54993 yaw=1.17761 score=0.983284 valid=1 mode=tracking state=TRACKING evaluated=789 execution_us=45412 reason=tracking_pose_accepted
x=3.79997 y=4.54993 yaw=1.17668 score=0.98521 valid=1 mode=tracking state=TRACKING evaluated=789 execution_us=44431 reason=tracking_pose_accepted
x=3.79997 y=4.54993 yaw=1.17574 score=0.985174 valid=1 mode=tracking state=TRACKING evaluated=789 execution_us=44376 reason=tracking_pose_accepted
x=3.79997 y=4.54993 yaw=1.17481 score=0.982575 valid=1 mode=tracking state=TRACKING evaluated=807 execution_us=46384 reason=tracking_pose_accepted
x=3.79997 y=4.54993 yaw=1.17387 score=0.982064 valid=1 mode=tracking state=TRACKING evaluated=789 execution_us=44986 reason=tracking_pose_accepted
x=3.79997 y=4.54993 yaw=1.17294 score=0.986393 valid=1 mode=tracking state=TRACKING evaluated=807 execution_us=45123 reason=tracking_pose_accepted
x=3.79996 y=4.54993 yaw=1.17201 score=0.982976 valid=1 mode=tracking state=TRACKING evaluated=789 execution_us=44792 reason=tracking_pose_accepted
x=3.79996 y=4.54993 yaw=1.17107 score=0.985829 valid=1 mode=tracking state=TRACKING evaluated=807 execution_us=45474 reason=tracking_pose_accepted
x=3.79996 y=4.54993 yaw=1.17014 score=0.98328 valid=1 mode=tracking state=TRACKING evaluated=789 execution_us=45363 reason=tracking_pose_accepted
x=3.79996 y=4.54993 yaw=1.1692 score=0.985222 valid=1 mode=tracking state=TRACKING evaluated=807 execution_us=45007 reason=tracking_pose_accepted
x=3.79996 y=4.54993 yaw=1.16827 score=0.987948 valid=1 mode=tracking state=TRACKING evaluated=789 execution_us=44417 reason=tracking_pose_accepted
x=3.79996 y=4.54993 yaw=1.16734 score=0.985826 valid=1 mode=tracking state=TRACKING evaluated=807 execution_us=46267 reason=tracking_pose_accepted
x=3.79996 y=4.54993 yaw=1.1664 score=0.9858 valid=1 mode=tracking state=TRACKING evaluated=789 execution_us=44110 reason=tracking_pose_accepted
x=3.79996 y=4.54993 yaw=1.18292 score=0.984252 valid=1 mode=tracking state=TRACKING evaluated=789 execution_us=44332 reason=tracking_pose_accepted
x=3.79996 y=4.54993 yaw=1.18199 score=0.983586 valid=1 mode=tracking state=TRACKING evaluated=789 execution_us=44762 reason=tracking_pose_accepted
x=3.79996 y=4.49993 yaw=1.18105 score=0.983963 valid=1 mode=tracking state=TRACKING evaluated=789 execution_us=43794 reason=tracking_pose_accepted
x=3.79996 y=4.49993 yaw=1.18012 score=0.985027 valid=1 mode=tracking state=TRACKING evaluated=789 execution_us=44871 reason=tracking_pose_accepted
x=3.79996 y=4.54993 yaw=1.17919 score=0.982834 valid=1 mode=tracking state=TRACKING evaluated=789 execution_us=44477 reason=tracking_pose_accepted
x=3.79996 y=4.54993 yaw=1.17825 score=0.984046 valid=1 mode=tracking state=TRACKING evaluated=789 execution_us=44204 reason=tracking_pose_accepted
x=3.79996 y=4.54992 yaw=1.17732 score=0.9846 valid=1 mode=tracking state=TRACKING evaluated=807 execution_us=45376 reason=tracking_pose_accepted
x=3.79996 y=4.54992 yaw=1.15893 score=0.913849 valid=1 mode=tracking state=TRACKING evaluated=789 execution_us=44178 reason=tracking_pose_accepted
x=3.79996 y=4.54992 yaw=1.158 score=0.883516 valid=0 mode=tracking state=DEGRADED evaluated=789 execution_us=44959 reason=tracking_score_below_threshold
x=3.79996 y=4.54992 yaw=1.158 score=0.868809 valid=0 mode=tracking state=DEGRADED evaluated=789 execution_us=43765 reason=tracking_score_below_threshold
x=3.79996 y=4.54992 yaw=1.158 score=0.851011 valid=0 mode=tracking state=LOST evaluated=789 execution_us=44229 reason=rejection_limit_reached
x=3.8 y=4.55 yaw=1.15628 score=0.824543 valid=0 mode=global state=LOST evaluated=15444 execution_us=850584 reason=global_score_below_threshold
x=2.3 y=6 yaw=-1.72351 score=1 valid=1 mode=global state=RECOVERED evaluated=15444 execution_us=463215 reason=global_relocalization_accepted
x=1.4 y=4.95 yaw=-2.31786 score=1 valid=1 mode=tracking state=RECOVERED evaluated=789 execution_us=28083 reason=recovery_confirmation_pending
x=1.45 y=3.85 yaw=-2.91221 score=1 valid=1 mode=tracking state=RECOVERED evaluated=807 execution_us=25285 reason=recovery_confirmation_pending
x=0.4 y=3.15 yaw=-3.50655 score=1 valid=1 mode=tracking state=TRACKING evaluated=807 execution_us=28698 reason=recovery_confirmed
x=0.15 y=1.85 yaw=-4.03108 score=0.988394 valid=1 mode=tracking state=TRACKING evaluated=807 execution_us=26077 reason=tracking_pose_accepted
x=0.0999998 y=1.9 yaw=-4.62543 score=1 valid=1 mode=tracking state=TRACKING evaluated=789 execution_us=25784 reason=tracking_pose_accepted
x=0.0999998 y=1.9 yaw=-5.21978 score=1 valid=1 mode=tracking state=TRACKING evaluated=831 execution_us=27436 reason=tracking_pose_accepted
x=0.0999998 y=1.9 yaw=-5.81412 score=1 valid=1 mode=tracking state=TRACKING evaluated=831 execution_us=26312 reason=tracking_pose_accepted
x=0.0999998 y=1.95 yaw=-6.40847 score=0.992585 valid=1 mode=tracking state=TRACKING evaluated=831 execution_us=28621 reason=tracking_pose_accepted
x=0.0999998 y=1.95 yaw=-7.00281 score=0.995908 valid=1 mode=tracking state=TRACKING evaluated=831 execution_us=27631 reason=tracking_pose_accepted
x=0.0999998 y=1.95 yaw=-7.59716 score=1 valid=1 mode=tracking state=TRACKING evaluated=831 execution_us=26945 reason=tracking_pose_accepted
x=0.0999998 y=1.95 yaw=-8.19151 score=0.999499 valid=1 mode=tracking state=TRACKING evaluated=831 execution_us=27830 reason=tracking_pose_accepted
x=0.0999998 y=1.95 yaw=-8.73349 score=0.99902 valid=1 mode=tracking state=TRACKING evaluated=831 execution_us=28588 reason=tracking_pose_accepted
x=0.15 y=1.9 yaw=-9.27548 score=0.993993 valid=1 mode=tracking state=TRACKING evaluated=831 execution_us=27892 reason=tracking_pose_accepted
x=0.15 y=1.85 yaw=-9.80001 score=0.994349 valid=1 mode=tracking state=TRACKING evaluated=831 execution_us=27357 reason=tracking_pose_accepted
x=0.15 y=1.9 yaw=-10.3769 score=0.988497 valid=1 mode=tracking state=TRACKING evaluated=807 execution_us=26198 reason=tracking_pose_accepted
x=0.0999998 y=1.9 yaw=-10.9713 score=1 valid=1 mode=tracking state=TRACKING evaluated=831 execution_us=27299 reason=tracking_pose_accepted
x=0.0999998 y=1.9 yaw=-11.5656 score=1 valid=1 mode=tracking state=TRACKING evaluated=807 execution_us=27515 reason=tracking_pose_accepted
x=0.0999998 y=1.9 yaw=-12.1599 score=1 valid=1 mode=tracking state=TRACKING evaluated=807 execution_us=28650 reason=tracking_pose_accepted
x=0.0999998 y=1.9 yaw=-12.7543 score=0.995392 valid=1 mode=tracking state=TRACKING evaluated=807 execution_us=25159 reason=tracking_pose_accepted
x=0.0999998 y=1.95 yaw=-13.3486 score=0.99841 valid=1 mode=tracking state=TRACKING evaluated=807 execution_us=25709 reason=tracking_pose_accepted
x=0.0999998 y=1.95 yaw=-13.943 score=1 valid=1 mode=tracking state=TRACKING evaluated=807 execution_us=25440 reason=tracking_pose_accepted
x=0.0999998 y=1.95 yaw=-14.5373 score=0.999475 valid=1 mode=tracking state=TRACKING evaluated=807 execution_us=25802 reason=tracking_pose_accepted
x=0.0999998 y=1.95 yaw=-15.0619 score=0.998973 valid=1 mode=tracking state=TRACKING evaluated=807 execution_us=26313 reason=tracking_pose_accepted
x=0.15 y=1.85 yaw=-15.6562 score=1 valid=1 mode=tracking state=TRACKING evaluated=807 execution_us=24076 reason=tracking_pose_accepted
x=0.15 y=1.85 yaw=-16.1982 score=0.998071 valid=1 mode=tracking state=TRACKING evaluated=807 execution_us=21540 reason=tracking_pose_accepted
x=0.0999997 y=1.9 yaw=-16.7925 score=0.995049 valid=1 mode=tracking state=TRACKING evaluated=807 execution_us=23756 reason=tracking_pose_accepted
x=0.0999997 y=1.9 yaw=-17.3869 score=1 valid=1 mode=tracking state=TRACKING evaluated=807 execution_us=22695 reason=tracking_pose_accepted
x=0.0999997 y=1.9 yaw=-17.9812 score=1 valid=1 mode=tracking state=TRACKING evaluated=831 execution_us=23403 reason=tracking_pose_accepted
x=0.0999997 y=1.9 yaw=-18.5756 score=1 valid=1 mode=tracking state=TRACKING evaluated=831 execution_us=23779 reason=tracking_pose_accepted
x=0.0999997 y=1.95 yaw=-19.1699 score=0.99257 valid=1 mode=tracking state=TRACKING evaluated=831 execution_us=22924 reason=tracking_pose_accepted
x=0.0999997 y=1.95 yaw=-19.7643 score=0.998806 valid=1 mode=tracking state=TRACKING evaluated=831 execution_us=23527 reason=tracking_pose_accepted
x=0.0999997 y=1.95 yaw=-20.3586 score=1 valid=1 mode=tracking state=TRACKING evaluated=831 execution_us=23470 reason=tracking_pose_accepted
x=0.0999997 y=1.95 yaw=-20.9529 score=1 valid=1 mode=tracking state=TRACKING evaluated=831 execution_us=22307 reason=tracking_pose_accepted
x=0.15 y=1.9 yaw=-21.5473 score=0.9988 valid=1 mode=tracking state=TRACKING evaluated=831 execution_us=23264 reason=tracking_pose_accepted
x=0.15 y=1.85 yaw=-22.1416 score=1 valid=1 mode=tracking state=TRACKING evaluated=831 execution_us=23027 reason=tracking_pose_accepted
x=0.15 y=1.85 yaw=-22.6662 score=0.996143 valid=1 mode=tracking state=TRACKING evaluated=831 execution_us=22201 reason=tracking_pose_accepted
x=0.0999997 y=1.9 yaw=-23.2605 score=1 valid=1 mode=tracking state=TRACKING evaluated=831 execution_us=23868 reason=tracking_pose_accepted
x=0.0999997 y=1.9 yaw=-23.8549 score=1 valid=1 mode=tracking state=TRACKING evaluated=789 execution_us=22882 reason=tracking_pose_accepted
x=0.0999997 y=1.9 yaw=-24.4492 score=1 valid=1 mode=tracking state=TRACKING evaluated=807 execution_us=22068 reason=tracking_pose_accepted
x=0.0999997 y=1.9 yaw=-25.0435 score=1 valid=1 mode=tracking state=TRACKING evaluated=807 execution_us=23863 reason=tracking_pose_accepted
x=0.0999997 y=1.9 yaw=-25.6379 score=1 valid=1 mode=tracking state=TRACKING evaluated=807 execution_us=22698 reason=tracking_pose_accepted
x=0.0999997 y=1.95 yaw=-26.2322 score=1 valid=1 mode=tracking state=TRACKING evaluated=807 execution_us=23668 reason=tracking_pose_accepted
x=0.0999997 y=1.95 yaw=-26.8266 score=1 valid=1 mode=tracking state=TRACKING evaluated=807 execution_us=22943 reason=tracking_pose_accepted
x=0.0999997 y=1.95 yaw=-27.4209 score=1 valid=1 mode=tracking state=TRACKING evaluated=807 execution_us=21675 reason=tracking_pose_accepted
x=0.15 y=1.9 yaw=-28.0153 score=0.99638 valid=1 mode=tracking state=TRACKING evaluated=807 execution_us=23208 reason=tracking_pose_accepted
x=0.15 y=1.85 yaw=-28.5573 score=1 valid=1 mode=tracking state=TRACKING evaluated=807 execution_us=22461 reason=tracking_pose_accepted
x=0.15 y=1.85 yaw=-29.0818 score=0.995596 valid=1 mode=tracking state=TRACKING evaluated=807 execution_us=21876 reason=tracking_pose_accepted
x=0.0999996 y=1.9 yaw=-29.6761 score=1 valid=1 mode=tracking state=TRACKING evaluated=807 execution_us=22931 reason=tracking_pose_accepted
x=0.0999996 y=1.9 yaw=-30.2705 score=1 valid=1 mode=tracking state=TRACKING evaluated=807 execution_us=22238 reason=tracking_pose_accepted
x=0.0999996 y=1.9 yaw=-30.8648 score=1 valid=1 mode=tracking state=TRACKING evaluated=831 execution_us=24238 reason=tracking_pose_accepted
x=0.0999996 y=1.9 yaw=-31.4592 score=1 valid=1 mode=tracking state=TRACKING evaluated=831 execution_us=23862 reason=tracking_pose_accepted
x=0.0999996 y=1.95 yaw=-32.0535 score=0.995963 valid=1 mode=tracking state=TRACKING evaluated=831 execution_us=24317 reason=tracking_pose_accepted
x=0.0999996 y=1.95 yaw=-32.6479 score=1 valid=1 mode=tracking state=TRACKING evaluated=831 execution_us=22941 reason=tracking_pose_accepted
x=0.0999996 y=1.95 yaw=-33.2422 score=1 valid=1 mode=tracking state=TRACKING evaluated=831 execution_us=23322 reason=tracking_pose_accepted
x=0.0999996 y=1.95 yaw=-33.8365 score=0.999418 valid=1 mode=tracking state=TRACKING evaluated=831 execution_us=23918 reason=tracking_pose_accepted
x=0.15 y=1.9 yaw=-34.3785 score=0.996983 valid=1 mode=tracking state=TRACKING evaluated=831 execution_us=23517 reason=tracking_pose_accepted
x=0.15 y=1.85 yaw=-34.938 score=0.999406 valid=1 mode=tracking state=TRACKING evaluated=831 execution_us=23779 reason=tracking_pose_accepted
x=0.15 y=1.85 yaw=-35.48 score=0.993742 valid=1 mode=tracking state=TRACKING evaluated=831 execution_us=22643 reason=tracking_pose_accepted
x=0.0999995 y=1.9 yaw=-36.0743 score=1 valid=1 mode=tracking state=TRACKING evaluated=831 execution_us=23888 reason=tracking_pose_accepted
x=0.0999995 y=1.9 yaw=-36.6687 score=1 valid=1 mode=tracking state=TRACKING evaluated=807 execution_us=22218 reason=tracking_pose_accepted
x=0.0999995 y=1.9 yaw=-37.263 score=1 valid=1 mode=tracking state=TRACKING evaluated=807 execution_us=22797 reason=tracking_pose_accepted
x=0.0999995 y=1.9 yaw=-37.8224 score=1 valid=1 mode=tracking state=TRACKING evaluated=807 execution_us=23096 reason=tracking_pose_accepted
x=0.0999995 y=1.95 yaw=-38.347 score=0.997562 valid=1 mode=tracking state=TRACKING evaluated=807 execution_us=22429 reason=tracking_pose_accepted
x=0.0999995 y=1.95 yaw=-38.9413 score=1 valid=1 mode=tracking state=TRACKING evaluated=807 execution_us=23592 reason=tracking_pose_accepted
x=0.0999995 y=1.95 yaw=-39.4833 score=1 valid=1 mode=tracking state=TRACKING evaluated=807 execution_us=23573 reason=tracking_pose_accepted
x=0.0999995 y=1.95 yaw=-40.0777 score=1 valid=1 mode=tracking state=TRACKING evaluated=807 execution_us=22687 reason=tracking_pose_accepted
x=0.15 y=1.85 yaw=-40.672 score=0.999378 valid=1 mode=tracking state=TRACKING evaluated=807 execution_us=22107 reason=tracking_pose_accepted
x=0.15 y=1.85 yaw=-41.2663 score=0.996573 valid=1 mode=tracking state=TRACKING evaluated=789 execution_us=23555 reason=tracking_pose_accepted
x=0.149999 y=1.85 yaw=-41.7909 score=0.994058 valid=1 mode=tracking state=TRACKING evaluated=789 execution_us=22806 reason=tracking_pose_accepted
x=0.0999994 y=1.9 yaw=-42.3852 score=1 valid=1 mode=tracking state=TRACKING evaluated=789 execution_us=19473 reason=tracking_pose_accepted
x=0.0999994 y=1.9 yaw=-42.9796 score=1 valid=1 mode=tracking state=TRACKING evaluated=807 execution_us=23098 reason=tracking_pose_accepted
x=0.0999994 y=1.9 yaw=-43.5739 score=0.994764 valid=1 mode=tracking state=TRACKING evaluated=807 execution_us=22403 reason=tracking_pose_accepted
x=0.0999994 y=1.9 yaw=-44.1508 score=0.995169 valid=1 mode=tracking state=TRACKING evaluated=807 execution_us=23996 reason=tracking_pose_accepted
x=0.0999994 y=1.95 yaw=-44.6928 score=0.999387 valid=1 mode=tracking state=TRACKING evaluated=807 execution_us=22308 reason=tracking_pose_accepted
x=0.0999994 y=1.95 yaw=-45.2871 score=0.999418 valid=1 mode=tracking state=TRACKING evaluated=807 execution_us=23904 reason=tracking_pose_accepted
x=0.0999994 y=1.95 yaw=-45.8815 score=1 valid=1 mode=tracking state=TRACKING evaluated=807 execution_us=23209 reason=tracking_pose_accepted
x=0.0999994 y=1.95 yaw=-46.4758 score=0.998217 valid=1 mode=tracking state=TRACKING evaluated=807 execution_us=23200 reason=tracking_pose_accepted
x=0.149999 y=1.9 yaw=-47.0178 score=0.994277 valid=1 mode=tracking state=TRACKING evaluated=807 execution_us=21941 reason=tracking_pose_accepted
x=0.149999 y=1.85 yaw=-47.5773 score=0.997029 valid=1 mode=tracking state=TRACKING evaluated=807 execution_us=23310 reason=tracking_pose_accepted
x=0.149999 y=1.85 yaw=-48.1018 score=0.991176 valid=1 mode=tracking state=TRACKING evaluated=789 execution_us=22903 reason=tracking_pose_accepted
x=0.0999993 y=1.9 yaw=-48.6961 score=1 valid=1 mode=tracking state=TRACKING evaluated=789 execution_us=21392 reason=tracking_pose_accepted
x=0.0999993 y=1.9 yaw=-49.2905 score=1 valid=1 mode=tracking state=TRACKING evaluated=807 execution_us=23722 reason=tracking_pose_accepted
x=0.0999993 y=1.9 yaw=-49.8848 score=1 valid=1 mode=tracking state=TRACKING evaluated=807 execution_us=22995 reason=tracking_pose_accepted
x=0.0999993 y=1.9 yaw=-50.4792 score=0.995049 valid=1 mode=tracking state=TRACKING evaluated=807 execution_us=23585 reason=tracking_pose_accepted
x=0.0999993 y=1.95 yaw=-51.0735 score=1 valid=1 mode=tracking state=TRACKING evaluated=807 execution_us=22461 reason=tracking_pose_accepted
x=0.0999993 y=1.95 yaw=-51.6679 score=1 valid=1 mode=tracking state=TRACKING evaluated=807 execution_us=22181 reason=tracking_pose_accepted
x=0.0999993 y=1.95 yaw=-52.2273 score=0.995098 valid=1 mode=tracking state=TRACKING evaluated=807 execution_us=27732 reason=tracking_pose_accepted
x=0.149999 y=1.85 yaw=-52.7693 score=0.997851 valid=1 mode=tracking state=TRACKING evaluated=807 execution_us=25408 reason=tracking_pose_accepted
x=0.149999 y=1.9 yaw=-53.3287 score=0.992614 valid=1 mode=tracking state=TRACKING evaluated=807 execution_us=26111 reason=tracking_pose_accepted
x=0.0999992 y=1.9 yaw=-53.9056 score=0.990431 valid=1 mode=tracking state=TRACKING evaluated=807 execution_us=24545 reason=tracking_pose_accepted
x=0.0999992 y=1.9 yaw=-54.5 score=1 valid=1 mode=tracking state=TRACKING evaluated=831 execution_us=23641 reason=tracking_pose_accepted
x=0.0999992 y=1.9 yaw=-55.0943 score=1 valid=1 mode=tracking state=TRACKING evaluated=831 execution_us=22502 reason=tracking_pose_accepted
x=0.0999992 y=1.9 yaw=-55.6887 score=1 valid=1 mode=tracking state=TRACKING evaluated=831 execution_us=22113 reason=tracking_pose_accepted
x=0.0999992 y=1.9 yaw=-56.283 score=0.994624 valid=1 mode=tracking state=TRACKING evaluated=831 execution_us=22375 reason=tracking_pose_accepted
x=0.0999992 y=1.95 yaw=-56.8774 score=1 valid=1 mode=tracking state=TRACKING evaluated=831 execution_us=18797 reason=tracking_pose_accepted
x=0.0999992 y=1.95 yaw=-57.4717 score=1 valid=1 mode=tracking state=TRACKING evaluated=831 execution_us=20869 reason=tracking_pose_accepted
x=0.0999992 y=1.95 yaw=-58.066 score=0.999122 valid=1 mode=tracking state=TRACKING evaluated=831 execution_us=16227 reason=tracking_pose_accepted
x=0.0999992 y=1.95 yaw=-58.6429 score=0.995572 valid=1 mode=tracking state=TRACKING evaluated=831 execution_us=22135 reason=tracking_pose_accepted
x=0.149999 y=1.85 yaw=-59.2373 score=0.999171 valid=1 mode=tracking state=TRACKING evaluated=831 execution_us=16975 reason=tracking_pose_accepted
x=0.149999 y=1.85 yaw=-59.8316 score=0.99841 valid=1 mode=tracking state=TRACKING evaluated=831 execution_us=18530 reason=tracking_pose_accepted
x=0.0999992 y=1.9 yaw=-60.3911 score=1 valid=1 mode=tracking state=TRACKING evaluated=831 execution_us=23500 reason=tracking_pose_accepted
x=0.0999992 y=1.9 yaw=-60.9854 score=1 valid=1 mode=tracking state=TRACKING evaluated=789 execution_us=22992 reason=tracking_pose_accepted
x=0.0999992 y=1.9 yaw=-61.5798 score=1 valid=1 mode=tracking state=TRACKING evaluated=807 execution_us=23073 reason=tracking_pose_accepted
x=0.0999992 y=1.9 yaw=-62.1043 score=1 valid=1 mode=tracking state=TRACKING evaluated=807 execution_us=19675 reason=tracking_pose_accepted
x=0.0999992 y=1.9 yaw=-62.6812 score=1 valid=1 mode=tracking state=TRACKING evaluated=807 execution_us=22857 reason=tracking_pose_accepted
x=0.0999992 y=1.95 yaw=-63.2057 score=0.999394 valid=1 mode=tracking state=TRACKING evaluated=807 execution_us=22466 reason=tracking_pose_accepted
x=0.0999992 y=1.95 yaw=-63.8001 score=0.998829 valid=1 mode=tracking state=TRACKING evaluated=807 execution_us=23264 reason=tracking_pose_accepted
x=0.0999992 y=1.95 yaw=-64.3944 score=0.999409 valid=1 mode=tracking state=TRACKING evaluated=807 execution_us=23235 reason=tracking_pose_accepted
x=0.0999992 y=1.95 yaw=-64.9538 score=0.998208 valid=1 mode=tracking state=TRACKING evaluated=807 execution_us=22898 reason=tracking_pose_accepted
x=0.149999 y=1.85 yaw=-65.4958 score=0.997599 valid=1 mode=tracking state=TRACKING evaluated=807 execution_us=23863 reason=tracking_pose_accepted
x=0.149999 y=1.85 yaw=-66.0902 score=0.995386 valid=1 mode=tracking state=TRACKING evaluated=807 execution_us=23862 reason=tracking_pose_accepted
x=0.0999991 y=1.9 yaw=-66.6671 score=1 valid=1 mode=tracking state=TRACKING evaluated=807 execution_us=24576 reason=tracking_pose_accepted
x=0.0999991 y=1.9 yaw=-67.2614 score=1 valid=1 mode=tracking state=TRACKING evaluated=807 execution_us=24388 reason=tracking_pose_accepted
x=0.0999991 y=1.9 yaw=-67.8558 score=1 valid=1 mode=tracking state=TRACKING evaluated=831 execution_us=24572 reason=tracking_pose_accepted
x=0.0999991 y=1.9 yaw=-68.4501 score=1 valid=1 mode=tracking state=TRACKING evaluated=831 execution_us=26963 reason=tracking_pose_accepted
x=0.0999991 y=1.9 yaw=-69.0444 score=1 valid=1 mode=tracking state=TRACKING evaluated=831 execution_us=24411 reason=tracking_pose_accepted
x=0.0999991 y=1.95 yaw=-69.6388 score=0.997044 valid=1 mode=tracking state=TRACKING evaluated=831 execution_us=23883 reason=tracking_pose_accepted
x=0.0999991 y=1.95 yaw=-70.1808 score=0.999409 valid=1 mode=tracking state=TRACKING evaluated=831 execution_us=23908 reason=tracking_pose_accepted
x=0.0999991 y=1.95 yaw=-70.7751 score=0.999409 valid=1 mode=tracking state=TRACKING evaluated=831 execution_us=23791 reason=tracking_pose_accepted
x=0.149999 y=1.9 yaw=-71.3695 score=0.998847 valid=1 mode=tracking state=TRACKING evaluated=831 execution_us=24454 reason=tracking_pose_accepted
x=0.149999 y=1.9 yaw=-71.894 score=0.998343 valid=1 mode=tracking state=TRACKING evaluated=831 execution_us=26388 reason=tracking_pose_accepted
x=0.149999 y=1.85 yaw=-72.4185 score=0.993431 valid=1 mode=tracking state=TRACKING evaluated=831 execution_us=23916 reason=tracking_pose_accepted
x=0.0999991 y=1.9 yaw=-73.0128 score=1 valid=1 mode=tracking state=TRACKING evaluated=831 execution_us=24577 reason=tracking_pose_accepted
x=0.0999991 y=1.9 yaw=-73.6072 score=1 valid=1 mode=tracking state=TRACKING evaluated=789 execution_us=23380 reason=tracking_pose_accepted
x=0.0999991 y=1.9 yaw=-74.2015 score=1 valid=1 mode=tracking state=TRACKING evaluated=807 execution_us=24548 reason=tracking_pose_accepted
x=0.0999991 y=1.9 yaw=-74.7959 score=0.994819 valid=1 mode=tracking state=TRACKING evaluated=807 execution_us=22597 reason=tracking_pose_accepted
x=0.0999991 y=1.95 yaw=-75.3902 score=0.994835 valid=1 mode=tracking state=TRACKING evaluated=807 execution_us=23736 reason=tracking_pose_accepted
x=0.0999991 y=1.95 yaw=-75.9846 score=0.998319 valid=1 mode=tracking state=TRACKING evaluated=807 execution_us=24592 reason=tracking_pose_accepted
x=0.0999991 y=1.95 yaw=-76.5789 score=1 valid=1 mode=tracking state=TRACKING evaluated=807 execution_us=24017 reason=tracking_pose_accepted
x=0.0999991 y=1.95 yaw=-77.1733 score=1 valid=1 mode=tracking state=TRACKING evaluated=807 execution_us=21072 reason=tracking_pose_accepted
x=0.0999991 y=1.95 yaw=-77.7327 score=0.996022 valid=1 mode=tracking state=TRACKING evaluated=807 execution_us=24625 reason=tracking_pose_accepted
x=0.149999 y=1.85 yaw=-78.327 score=0.99638 valid=1 mode=tracking state=TRACKING evaluated=807 execution_us=22770 reason=tracking_pose_accepted
x=0.149999 y=1.9 yaw=-78.9214 score=0.990244 valid=1 mode=tracking state=TRACKING evaluated=807 execution_us=23803 reason=tracking_pose_accepted
x=0.149999 y=1.9 yaw=-79.4459 score=0.994477 valid=1 mode=tracking state=TRACKING evaluated=789 execution_us=24252 reason=tracking_pose_accepted
x=0.099999 y=1.9 yaw=-80.0402 score=1 valid=1 mode=tracking state=TRACKING evaluated=789 execution_us=22023 reason=tracking_pose_accepted
x=0.099999 y=1.9 yaw=-80.6346 score=1 valid=1 mode=tracking state=TRACKING evaluated=831 execution_us=25448 reason=tracking_pose_accepted
x=0.099999 y=1.9 yaw=-81.2289 score=0.994924 valid=1 mode=tracking state=TRACKING evaluated=831 execution_us=23550 reason=tracking_pose_accepted
x=0.099999 y=1.95 yaw=-81.8233 score=0.997791 valid=1 mode=tracking state=TRACKING evaluated=831 execution_us=25427 reason=tracking_pose_accepted
x=0.099999 y=1.95 yaw=-82.4176 score=1 valid=1 mode=tracking state=TRACKING evaluated=831 execution_us=26629 reason=tracking_pose_accepted
x=0.099999 y=1.95 yaw=-82.9596 score=0.997704 valid=1 mode=tracking state=TRACKING evaluated=831 execution_us=24574 reason=tracking_pose_accepted
x=0.099999 y=1.95 yaw=-83.5539 score=0.997704 valid=1 mode=tracking state=TRACKING evaluated=831 execution_us=24371 reason=tracking_pose_accepted
x=0.099999 y=1.95 yaw=-84.1308 score=0.997748 valid=1 mode=tracking state=TRACKING evaluated=831 execution_us=24628 reason=tracking_pose_accepted
x=0.149999 y=1.85 yaw=-84.7252 score=0.99667 valid=1 mode=tracking state=TRACKING evaluated=831 execution_us=25540 reason=tracking_pose_accepted
x=0.099999 y=1.9 yaw=-85.2672 score=0.995261 valid=1 mode=tracking state=TRACKING evaluated=807 execution_us=24556 reason=tracking_pose_accepted
x=0.099999 y=1.9 yaw=-85.8615 score=1 valid=1 mode=tracking state=TRACKING evaluated=807 execution_us=24684 reason=tracking_pose_accepted
x=0.0999989 y=1.9 yaw=-86.4558 score=1 valid=1 mode=tracking state=TRACKING evaluated=807 execution_us=23083 reason=tracking_pose_accepted
x=0.0999989 y=1.9 yaw=-87.0502 score=1 valid=1 mode=tracking state=TRACKING evaluated=807 execution_us=22984 reason=tracking_pose_accepted
x=0.0999989 y=1.95 yaw=-87.5922 score=0.991264 valid=1 mode=tracking state=TRACKING evaluated=807 execution_us=23818 reason=tracking_pose_accepted
x=0.0999989 y=1.95 yaw=-88.1516 score=0.99945 valid=1 mode=tracking state=TRACKING evaluated=807 execution_us=24812 reason=tracking_pose_accepted
x=0.0999989 y=1.95 yaw=-88.7459 score=1 valid=1 mode=tracking state=TRACKING evaluated=807 execution_us=22917 reason=tracking_pose_accepted
x=0.0999989 y=1.95 yaw=-89.3228 score=0.998852 valid=1 mode=tracking state=TRACKING evaluated=807 execution_us=23767 reason=tracking_pose_accepted
x=0.0999989 y=1.95 yaw=-89.8648 score=0.997483 valid=1 mode=tracking state=TRACKING evaluated=807 execution_us=21819 reason=tracking_pose_accepted
x=0.149999 y=1.85 yaw=-90.4592 score=0.997851 valid=1 mode=tracking state=TRACKING evaluated=807 execution_us=25258 reason=tracking_pose_accepted
x=0.149999 y=1.85 yaw=-91.0011 score=0.993295 valid=1 mode=tracking state=TRACKING evaluated=807 execution_us=22761 reason=tracking_pose_accepted
x=0.0999989 y=1.9 yaw=-91.5257 score=0.995 valid=1 mode=tracking state=TRACKING evaluated=807 execution_us=23617 reason=tracking_pose_accepted
x=0.0999989 y=1.9 yaw=-92.12 score=1 valid=1 mode=tracking state=TRACKING evaluated=807 execution_us=24405 reason=tracking_pose_accepted
x=0.0999989 y=1.9 yaw=-92.7143 score=1 valid=1 mode=tracking state=TRACKING evaluated=831 execution_us=24955 reason=tracking_pose_accepted
x=0.0999989 y=1.9 yaw=-93.3087 score=1 valid=1 mode=tracking state=TRACKING evaluated=831 execution_us=26803 reason=tracking_pose_accepted
x=0.0999989 y=1.9 yaw=-93.8507 score=1 valid=1 mode=tracking state=TRACKING evaluated=831 execution_us=24034 reason=tracking_pose_accepted
x=0.0999989 y=1.95 yaw=-94.445 score=0.997264 valid=1 mode=tracking state=TRACKING evaluated=831 execution_us=25832 reason=tracking_pose_accepted
x=0.0999989 y=1.95 yaw=-95.0394 score=1 valid=1 mode=tracking state=TRACKING evaluated=831 execution_us=25250 reason=tracking_pose_accepted
x=0.0999989 y=1.95 yaw=-95.6337 score=0.998319 valid=1 mode=tracking state=TRACKING evaluated=831 execution_us=25404 reason=tracking_pose_accepted
x=0.0999989 y=1.95 yaw=-96.1757 score=0.99491 valid=1 mode=tracking state=TRACKING evaluated=831 execution_us=25056 reason=tracking_pose_accepted
x=0.149999 y=1.85 yaw=-96.77 score=0.997131 valid=1 mode=tracking state=TRACKING evaluated=831 execution_us=24523 reason=tracking_pose_accepted
x=0.149999 y=1.85 yaw=-97.3295 score=0.994317 valid=1 mode=tracking state=TRACKING evaluated=831 execution_us=24819 reason=tracking_pose_accepted
x=0.0999988 y=1.9 yaw=-97.9238 score=0.995261 valid=1 mode=tracking state=TRACKING evaluated=831 execution_us=25333 reason=tracking_pose_accepted
x=0.0999988 y=1.9 yaw=-98.5182 score=1 valid=1 mode=tracking state=TRACKING evaluated=789 execution_us=24591 reason=tracking_pose_accepted
x=0.0999988 y=1.9 yaw=-99.1125 score=1 valid=1 mode=tracking state=TRACKING evaluated=807 execution_us=24152 reason=tracking_pose_accepted
x=0.0999988 y=1.9 yaw=-99.7068 score=1 valid=1 mode=tracking state=TRACKING evaluated=807 execution_us=26389 reason=tracking_pose_accepted
x=0.0999988 y=1.9 yaw=-100.231 score=1 valid=1 mode=tracking state=TRACKING evaluated=807 execution_us=25017 reason=tracking_pose_accepted
x=0.0999988 y=1.95 yaw=-100.826 score=0.998858 valid=1 mode=tracking state=TRACKING evaluated=807 execution_us=23769 reason=tracking_pose_accepted
x=0.0999988 y=1.95 yaw=-101.42 score=0.999434 valid=1 mode=tracking state=TRACKING evaluated=807 execution_us=23988 reason=tracking_pose_accepted
x=0.0999988 y=1.95 yaw=-102.014 score=0.998278 valid=1 mode=tracking state=TRACKING evaluated=807 execution_us=23629 reason=tracking_pose_accepted
x=0.0999988 y=1.95 yaw=-102.609 score=0.996399 valid=1 mode=tracking state=TRACKING evaluated=807 execution_us=22837 reason=tracking_pose_accepted
x=0.0999988 y=1.95 yaw=-103.168 score=0.997102 valid=1 mode=tracking state=TRACKING evaluated=807 execution_us=23813 reason=tracking_pose_accepted
x=0.149999 y=1.85 yaw=-103.763 score=0.992752 valid=1 mode=tracking state=TRACKING evaluated=807 execution_us=24485 reason=tracking_pose_accepted
x=0.0999988 y=1.9 yaw=-104.357 score=1 valid=1 mode=tracking state=TRACKING evaluated=789 execution_us=22809 reason=tracking_pose_accepted
x=0.0999988 y=1.9 yaw=-104.951 score=1 valid=1 mode=tracking state=TRACKING evaluated=807 execution_us=25088 reason=tracking_pose_accepted
x=0.0999988 y=1.9 yaw=-105.546 score=1 valid=1 mode=tracking state=TRACKING evaluated=831 execution_us=25361 reason=tracking_pose_accepted
x=0.0999988 y=1.9 yaw=-106.14 score=1 valid=1 mode=tracking state=TRACKING evaluated=831 execution_us=25105 reason=tracking_pose_accepted
x=0.0999988 y=1.9 yaw=-106.734 score=0.995074 valid=1 mode=tracking state=TRACKING evaluated=831 execution_us=24577 reason=tracking_pose_accepted
x=0.0999988 y=1.95 yaw=-107.329 score=0.999448 valid=1 mode=tracking state=TRACKING evaluated=831 execution_us=25575 reason=tracking_pose_accepted
x=0.0999988 y=1.95 yaw=-107.923 score=1 valid=1 mode=tracking state=TRACKING evaluated=831 execution_us=26008 reason=tracking_pose_accepted
x=0.0999988 y=1.95 yaw=-108.517 score=1 valid=1 mode=tracking state=TRACKING evaluated=831 execution_us=24823 reason=tracking_pose_accepted
x=0.0999988 y=1.95 yaw=-109.112 score=1 valid=1 mode=tracking state=TRACKING evaluated=831 execution_us=22826 reason=tracking_pose_accepted
x=0.149999 y=1.85 yaw=-109.671 score=0.998006 valid=1 mode=tracking state=TRACKING evaluated=831 execution_us=21264 reason=tracking_pose_accepted
x=0.149999 y=1.85 yaw=-110.265 score=0.999335 valid=1 mode=tracking state=TRACKING evaluated=831 execution_us=21326 reason=tracking_pose_accepted
x=0.0999987 y=1.9 yaw=-110.86 score=0.994536 valid=1 mode=tracking state=TRACKING evaluated=831 execution_us=21939 reason=tracking_pose_accepted
x=0.0999987 y=1.9 yaw=-111.454 score=1 valid=1 mode=tracking state=TRACKING evaluated=789 execution_us=19110 reason=tracking_pose_accepted
x=0.0999987 y=1.9 yaw=-112.048 score=1 valid=1 mode=tracking state=TRACKING evaluated=807 execution_us=19708 reason=tracking_pose_accepted
x=0.0999987 y=1.9 yaw=-112.643 score=1 valid=1 mode=tracking state=TRACKING evaluated=807 execution_us=19117 reason=tracking_pose_accepted
x=0.0999987 y=1.95 yaw=-113.237 score=0.998655 valid=1 mode=tracking state=TRACKING evaluated=807 execution_us=20473 reason=tracking_pose_accepted
x=0.0999987 y=1.95 yaw=-113.831 score=1 valid=1 mode=tracking state=TRACKING evaluated=807 execution_us=20064 reason=tracking_pose_accepted
x=0.0999987 y=1.95 yaw=-114.426 score=1 valid=1 mode=tracking state=TRACKING evaluated=807 execution_us=19471 reason=tracking_pose_accepted
x=0.0999987 y=1.95 yaw=-115.02 score=0.998608 valid=1 mode=tracking state=TRACKING evaluated=807 execution_us=19971 reason=tracking_pose_accepted
x=0.149999 y=1.85 yaw=-115.615 score=0.999274 valid=1 mode=tracking state=TRACKING evaluated=807 execution_us=19066 reason=tracking_pose_accepted
x=0.149999 y=1.85 yaw=-116.209 score=0.995009 valid=1 mode=tracking state=TRACKING evaluated=789 execution_us=19126 reason=tracking_pose_accepted
x=0.149999 y=1.9 yaw=-116.803 score=0.991861 valid=1 mode=tracking state=TRACKING evaluated=789 execution_us=18373 reason=tracking_pose_accepted
x=0.0999986 y=1.9 yaw=-117.398 score=1 valid=1 mode=tracking state=TRACKING evaluated=807 execution_us=17942 reason=tracking_pose_accepted
x=0.0999986 y=1.9 yaw=-117.992 score=1 valid=1 mode=tracking state=TRACKING evaluated=831 execution_us=18860 reason=tracking_pose_accepted
x=0.0999986 y=1.9 yaw=-118.586 score=1 valid=1 mode=tracking state=TRACKING evaluated=831 execution_us=20053 reason=tracking_pose_accepted
x=0.0999986 y=1.9 yaw=-119.181 score=1 valid=1 mode=tracking state=TRACKING evaluated=831 execution_us=21039 reason=tracking_pose_accepted
x=0.0999986 y=1.95 yaw=-119.775 score=1 valid=1 mode=tracking state=TRACKING evaluated=831 execution_us=12727 reason=tracking_pose_accepted
x=0.0999986 y=2.7 yaw=-119.566 score=0.578914 valid=0 mode=tracking state=DEGRADED evaluated=831 execution_us=44124 reason=tracking_score_below_threshold
x=0.0999986 y=2.75 yaw=-119.671 score=0.414308 valid=0 mode=tracking state=DEGRADED evaluated=831 execution_us=45676 reason=tracking_score_below_threshold
x=0.149999 y=2.75 yaw=-119.601 score=0.361221 valid=0 mode=tracking state=LOST evaluated=831 execution_us=45263 reason=rejection_limit_reached
x=3.25 y=1.5 yaw=1.13446 score=0.985678 valid=1 mode=global state=RECOVERED evaluated=15444 execution_us=878638 reason=global_relocalization_accepted
x=3.25 y=1.5 yaw=1.15098 score=0.982428 valid=1 mode=tracking state=RECOVERED evaluated=807 execution_us=48684 reason=recovery_confirmation_pending
x=3.25 y=1.5 yaw=1.15005 score=0.982428 valid=1 mode=tracking state=RECOVERED evaluated=807 execution_us=47582 reason=recovery_confirmation_pending
x=3.25 y=1.5 yaw=1.14911 score=0.985584 valid=1 mode=tracking state=TRACKING evaluated=807 execution_us=47126 reason=recovery_confirmed
x=3.25 y=1.5 yaw=1.14818 score=0.987275 valid=1 mode=tracking state=TRACKING evaluated=807 execution_us=46756 reason=tracking_pose_accepted
x=3.25 y=1.5 yaw=1.14725 score=0.982358 valid=1 mode=tracking state=TRACKING evaluated=807 execution_us=46199 reason=tracking_pose_accepted
x=3.25 y=1.5 yaw=1.14631 score=0.990141 valid=1 mode=tracking state=TRACKING evaluated=807 execution_us=45820 reason=tracking_pose_accepted
x=3.25 y=1.5 yaw=1.14538 score=0.987863 valid=1 mode=tracking state=TRACKING evaluated=807 execution_us=46161 reason=tracking_pose_accepted
x=3.25 y=1.5 yaw=1.14444 score=0.989148 valid=1 mode=tracking state=TRACKING evaluated=807 execution_us=46073 reason=tracking_pose_accepted
x=3.25 y=1.5 yaw=1.14351 score=0.988074 valid=1 mode=tracking state=TRACKING evaluated=807 execution_us=45865 reason=tracking_pose_accepted
x=3.25 y=1.5 yaw=1.14258 score=0.986908 valid=1 mode=tracking state=TRACKING evaluated=807 execution_us=46099 reason=tracking_pose_accepted
x=3.25 y=1.5 yaw=1.14164 score=0.988588 valid=1 mode=tracking state=TRACKING evaluated=807 execution_us=45573 reason=tracking_pose_accepted
x=3.25 y=1.5 yaw=1.14071 score=0.987055 valid=1 mode=tracking state=TRACKING evaluated=807 execution_us=46064 reason=tracking_pose_accepted
x=3.25 y=1.5 yaw=1.13977 score=0.988617 valid=1 mode=tracking state=TRACKING evaluated=807 execution_us=45601 reason=tracking_pose_accepted
x=3.25 y=1.5 yaw=1.13884 score=0.988124 valid=1 mode=tracking state=TRACKING evaluated=807 execution_us=45991 reason=tracking_pose_accepted
x=3.25 y=1.5 yaw=1.13791 score=0.986139 valid=1 mode=tracking state=TRACKING evaluated=807 execution_us=46477 reason=tracking_pose_accepted
x=3.25 y=1.5 yaw=1.13697 score=0.984714 valid=1 mode=tracking state=TRACKING evaluated=807 execution_us=45959 reason=tracking_pose_accepted
x=3.25 y=1.5 yaw=1.13604 score=0.983754 valid=1 mode=tracking state=TRACKING evaluated=807 execution_us=46195 reason=tracking_pose_accepted
x=3.25 y=1.5 yaw=1.15256 score=0.985261 valid=1 mode=tracking state=TRACKING evaluated=807 execution_us=45650 reason=tracking_pose_accepted
x=3.25 y=1.5 yaw=1.15162 score=0.985261 valid=1 mode=tracking state=TRACKING evaluated=807 execution_us=46179 reason=tracking_pose_accepted
x=3.25 y=1.5 yaw=1.15069 score=0.984959 valid=1 mode=tracking state=TRACKING evaluated=807 execution_us=45695 reason=tracking_pose_accepted
x=3.25 y=1.5 yaw=1.1323 score=0.985339 valid=1 mode=tracking state=TRACKING evaluated=807 execution_us=47004 reason=tracking_pose_accepted
x=3.25 y=1.5 yaw=1.14882 score=0.982518 valid=1 mode=tracking state=TRACKING evaluated=807 execution_us=46503 reason=tracking_pose_accepted
x=3.25 y=1.5 yaw=1.16534 score=0.982096 valid=1 mode=tracking state=TRACKING evaluated=807 execution_us=46141 reason=tracking_pose_accepted
x=3.25 y=1.5 yaw=1.14695 score=0.984724 valid=1 mode=tracking state=TRACKING evaluated=807 execution_us=46523 reason=tracking_pose_accepted
x=3.25 y=1.5 yaw=1.14602 score=0.990681 valid=1 mode=tracking state=TRACKING evaluated=807 execution_us=45594 reason=tracking_pose_accepted
x=3.25 y=1.5 yaw=1.14508 score=0.988165 valid=1 mode=tracking state=TRACKING evaluated=807 execution_us=46404 reason=tracking_pose_accepted
x=3.25 y=1.5 yaw=1.14415 score=0.988615 valid=1 mode=tracking state=TRACKING evaluated=807 execution_us=46208 reason=tracking_pose_accepted
x=3.25 y=1.5 yaw=1.14321 score=0.988919 valid=1 mode=tracking state=TRACKING evaluated=807 execution_us=46086 reason=tracking_pose_accepted
x=3.25 y=1.5 yaw=1.14228 score=0.989193 valid=1 mode=tracking state=TRACKING evaluated=807 execution_us=46075 reason=tracking_pose_accepted
x=3.25 y=1.5 yaw=1.14135 score=0.988316 valid=1 mode=tracking state=TRACKING evaluated=807 execution_us=46066 reason=tracking_pose_accepted
x=3.25 y=1.5 yaw=1.14041 score=0.987022 valid=1 mode=tracking state=TRACKING evaluated=807 execution_us=46125 reason=tracking_pose_accepted
x=3.25 y=1.5 yaw=1.13948 score=0.98734 valid=1 mode=tracking state=TRACKING evaluated=807 execution_us=46039 reason=tracking_pose_accepted
x=3.25 y=1.5 yaw=1.13854 score=0.987411 valid=1 mode=tracking state=TRACKING evaluated=807 execution_us=46042 reason=tracking_pose_accepted
x=3.25 y=1.5 yaw=1.13761 score=0.984976 valid=1 mode=tracking state=TRACKING evaluated=807 execution_us=46800 reason=tracking_pose_accepted
x=3.25 y=1.5 yaw=1.13668 score=0.986199 valid=1 mode=tracking state=TRACKING evaluated=807 execution_us=45709 reason=tracking_pose_accepted
x=3.25 y=1.5 yaw=1.13574 score=0.984959 valid=1 mode=tracking state=TRACKING evaluated=807 execution_us=45875 reason=tracking_pose_accepted
x=3.25 y=1.5 yaw=1.13481 score=0.983772 valid=1 mode=tracking state=TRACKING evaluated=807 execution_us=46250 reason=tracking_pose_accepted
x=3.25 y=1.5 yaw=1.13387 score=0.985742 valid=1 mode=tracking state=TRACKING evaluated=807 execution_us=45955 reason=tracking_pose_accepted
x=3.25 y=1.5 yaw=1.13294 score=0.980362 valid=1 mode=tracking state=TRACKING evaluated=807 execution_us=46774 reason=tracking_pose_accepted
x=3.25 y=1.5 yaw=1.14946 score=0.984696 valid=1 mode=tracking state=TRACKING evaluated=807 execution_us=46061 reason=tracking_pose_accepted
x=3.25 y=1.5 yaw=1.14852 score=0.982433 valid=1 mode=tracking state=TRACKING evaluated=807 execution_us=46184 reason=tracking_pose_accepted
x=3.25 y=1.5 yaw=1.14759 score=0.981126 valid=1 mode=tracking state=TRACKING evaluated=807 execution_us=47002 reason=tracking_pose_accepted
x=3.25 y=1.5 yaw=1.14666 score=0.988437 valid=1 mode=tracking state=TRACKING evaluated=807 execution_us=45488 reason=tracking_pose_accepted
x=3.25 y=1.5 yaw=1.14572 score=0.98902 valid=1 mode=tracking state=TRACKING evaluated=807 execution_us=46053 reason=tracking_pose_accepted
x=3.25 y=1.5 yaw=1.14479 score=0.989776 valid=1 mode=tracking state=TRACKING evaluated=807 execution_us=46532 reason=tracking_pose_accepted
x=3.25 y=1.5 yaw=1.14385 score=0.989522 valid=1 mode=tracking state=TRACKING evaluated=807 execution_us=45630 reason=tracking_pose_accepted
x=3.25 y=1.5 yaw=1.14292 score=0.989193 valid=1 mode=tracking state=TRACKING evaluated=807 execution_us=45771 reason=tracking_pose_accepted
x=3.25 y=1.5 yaw=1.14198 score=0.988015 valid=1 mode=tracking state=TRACKING evaluated=807 execution_us=46271 reason=tracking_pose_accepted
x=3.25 y=1.5 yaw=1.14105 score=0.988919 valid=1 mode=tracking state=TRACKING evaluated=807 execution_us=45982 reason=tracking_pose_accepted
x=3.25 y=1.5 yaw=1.14012 score=0.986536 valid=1 mode=tracking state=TRACKING evaluated=807 execution_us=46291 reason=tracking_pose_accepted
x=3.25 y=1.5 yaw=1.13918 score=0.986244 valid=1 mode=tracking state=TRACKING evaluated=807 execution_us=45786 reason=tracking_pose_accepted
x=3.25 y=1.5 yaw=1.13825 score=0.988114 valid=1 mode=tracking state=TRACKING evaluated=807 execution_us=45816 reason=tracking_pose_accepted
x=3.25 y=1.5 yaw=1.13731 score=0.987411 valid=1 mode=tracking state=TRACKING evaluated=807 execution_us=46373 reason=tracking_pose_accepted
x=3.25 y=1.5 yaw=1.13638 score=0.985292 valid=1 mode=tracking state=TRACKING evaluated=807 execution_us=45925 reason=tracking_pose_accepted
x=3.25 y=1.5 yaw=1.13545 score=0.984114 valid=1 mode=tracking state=TRACKING evaluated=807 execution_us=46091 reason=tracking_pose_accepted
x=3.25 y=1.5 yaw=1.13451 score=0.985866 valid=1 mode=tracking state=TRACKING evaluated=807 execution_us=46066 reason=tracking_pose_accepted
x=3.25 y=1.5 yaw=1.13358 score=0.982603 valid=1 mode=tracking state=TRACKING evaluated=807 execution_us=45916 reason=tracking_pose_accepted
x=3.25 y=1.5 yaw=1.1501 score=0.984696 valid=1 mode=tracking state=TRACKING evaluated=807 execution_us=45905 reason=tracking_pose_accepted
x=3.25 y=1.5 yaw=1.14916 score=0.985848 valid=1 mode=tracking state=TRACKING evaluated=807 execution_us=46266 reason=tracking_pose_accepted
x=3.25 y=1.5 yaw=1.14823 score=0.982086 valid=1 mode=tracking state=TRACKING evaluated=807 execution_us=46148 reason=tracking_pose_accepted
x=3.25 y=1.5 yaw=1.14729 score=0.985884 valid=1 mode=tracking state=TRACKING evaluated=807 execution_us=46951 reason=tracking_pose_accepted
x=3.25 y=1.5 yaw=1.14636 score=0.988165 valid=1 mode=tracking state=TRACKING evaluated=807 execution_us=45984 reason=tracking_pose_accepted
x=3.25 y=1.5 yaw=1.14543 score=0.990076 valid=1 mode=tracking state=TRACKING evaluated=807 execution_us=46218 reason=tracking_pose_accepted
x=3.25 y=1.5 yaw=1.14449 score=0.985551 valid=1 mode=tracking state=TRACKING evaluated=807 execution_us=46456 reason=tracking_pose_accepted
x=3.25 y=1.5 yaw=1.14356 score=0.987227 valid=1 mode=tracking state=TRACKING evaluated=807 execution_us=45936 reason=tracking_pose_accepted
x=3.25 y=1.5 yaw=1.14262 score=0.989522 valid=1 mode=tracking state=TRACKING evaluated=807 execution_us=46040 reason=tracking_pose_accepted
x=3.25 y=1.5 yaw=1.14169 score=0.987944 valid=1 mode=tracking state=TRACKING evaluated=807 execution_us=46224 reason=tracking_pose_accepted
x=3.25 y=1.5 yaw=1.14075 score=0.987954 valid=1 mode=tracking state=TRACKING evaluated=807 execution_us=46128 reason=tracking_pose_accepted
x=3.25 y=1.5 yaw=1.13982 score=0.988286 valid=1 mode=tracking state=TRACKING evaluated=807 execution_us=46397 reason=tracking_pose_accepted
x=3.25 y=1.5 yaw=1.13889 score=0.987411 valid=1 mode=tracking state=TRACKING evaluated=807 execution_us=45931 reason=tracking_pose_accepted
x=3.25 y=1.5 yaw=1.13795 score=0.986104 valid=1 mode=tracking state=TRACKING evaluated=807 execution_us=46126 reason=tracking_pose_accepted
x=3.25 y=1.5 yaw=1.15447 score=0.985802 valid=1 mode=tracking state=TRACKING evaluated=807 execution_us=46501 reason=tracking_pose_accepted
x=3.25 y=1.5 yaw=1.13608 score=0.985866 valid=1 mode=tracking state=TRACKING evaluated=807 execution_us=45735 reason=tracking_pose_accepted
x=3.25 y=1.5 yaw=1.13515 score=0.984374 valid=1 mode=tracking state=TRACKING evaluated=807 execution_us=46747 reason=tracking_pose_accepted
x=3.25 y=1.5 yaw=1.15167 score=0.985299 valid=1 mode=tracking state=TRACKING evaluated=807 execution_us=46109 reason=tracking_pose_accepted
x=3.25 y=1.5 yaw=1.13328 score=0.980362 valid=1 mode=tracking state=TRACKING evaluated=807 execution_us=45919 reason=tracking_pose_accepted
x=3.25 y=1.5 yaw=1.1498 score=0.985299 valid=1 mode=tracking state=TRACKING evaluated=807 execution_us=45812 reason=tracking_pose_accepted
x=3.25 y=1.5 yaw=1.13141 score=0.982212 valid=1 mode=tracking state=TRACKING evaluated=807 execution_us=45963 reason=tracking_pose_accepted
x=3.25 y=1.5 yaw=1.14793 score=0.987562 valid=1 mode=tracking state=TRACKING evaluated=807 execution_us=45928 reason=tracking_pose_accepted
x=3.25 y=1.5 yaw=1.147 score=0.990681 valid=1 mode=tracking state=TRACKING evaluated=807 execution_us=46097 reason=tracking_pose_accepted
x=3.25 y=1.5 yaw=1.14606 score=0.989188 valid=1 mode=tracking state=TRACKING evaluated=807 execution_us=45837 reason=tracking_pose_accepted
x=3.25 y=1.5 yaw=1.14513 score=0.986017 valid=1 mode=tracking state=TRACKING evaluated=807 execution_us=45784 reason=tracking_pose_accepted
x=3.25 y=1.5 yaw=1.1442 score=0.988255 valid=1 mode=tracking state=TRACKING evaluated=807 execution_us=46415 reason=tracking_pose_accepted
x=3.25 y=1.5 yaw=1.14326 score=0.989824 valid=1 mode=tracking state=TRACKING evaluated=807 execution_us=46065 reason=tracking_pose_accepted
x=3.25 y=1.5 yaw=1.14233 score=0.988386 valid=1 mode=tracking state=TRACKING evaluated=807 execution_us=45988 reason=tracking_pose_accepted
x=3.25 y=1.5 yaw=1.14139 score=0.987612 valid=1 mode=tracking state=TRACKING evaluated=807 execution_us=45889 reason=tracking_pose_accepted
x=3.25 y=1.5 yaw=1.14046 score=0.98658 valid=1 mode=tracking state=TRACKING evaluated=807 execution_us=46003 reason=tracking_pose_accepted
x=3.25 y=1.5 yaw=1.13953 score=0.988124 valid=1 mode=tracking state=TRACKING evaluated=807 execution_us=46184 reason=tracking_pose_accepted
x=3.25 y=1.5 yaw=1.13859 score=0.985591 valid=1 mode=tracking state=TRACKING evaluated=807 execution_us=46157 reason=tracking_pose_accepted
x=3.25 y=1.5 yaw=1.13766 score=0.984714 valid=1 mode=tracking state=TRACKING evaluated=807 execution_us=45972 reason=tracking_pose_accepted
x=3.25 y=1.5 yaw=1.13672 score=0.984022 valid=1 mode=tracking state=TRACKING evaluated=807 execution_us=46321 reason=tracking_pose_accepted
x=3.25 y=1.5 yaw=1.13579 score=0.986612 valid=1 mode=tracking state=TRACKING evaluated=807 execution_us=45601 reason=tracking_pose_accepted
x=3.25 y=1.5 yaw=1.13485 score=0.986043 valid=1 mode=tracking state=TRACKING evaluated=807 execution_us=45960 reason=tracking_pose_accepted
x=3.25 y=1.5 yaw=1.13392 score=0.984214 valid=1 mode=tracking state=TRACKING evaluated=807 execution_us=46452 reason=tracking_pose_accepted
x=3.25 y=1.5 yaw=1.13299 score=0.982953 valid=1 mode=tracking state=TRACKING evaluated=807 execution_us=46201 reason=tracking_pose_accepted
x=3.25 y=1.5 yaw=1.13205 score=0.984253 valid=1 mode=tracking state=TRACKING evaluated=807 execution_us=46061 reason=tracking_pose_accepted
x=3.25 y=1.5 yaw=1.14857 score=0.988135 valid=1 mode=tracking state=TRACKING evaluated=807 execution_us=45842 reason=tracking_pose_accepted
x=3.25 y=1.5 yaw=1.14764 score=0.989916 valid=1 mode=tracking state=TRACKING evaluated=807 execution_us=46225 reason=tracking_pose_accepted
x=3.25 y=1.5 yaw=1.1467 score=0.987593 valid=1 mode=tracking state=TRACKING evaluated=807 execution_us=46535 reason=tracking_pose_accepted
x=3.25 y=1.5 yaw=1.14577 score=0.990403 valid=1 mode=tracking state=TRACKING evaluated=807 execution_us=45740 reason=tracking_pose_accepted
x=3.25 y=1.5 yaw=1.14483 score=0.989824 valid=1 mode=tracking state=TRACKING evaluated=807 execution_us=46124 reason=tracking_pose_accepted
mission_command=STOP
x=3.25 y=1.5 yaw=1.1439 score=0.988255 valid=1 mode=tracking state=TRACKING evaluated=807 execution_us=46074 reason=tracking_pose_accepted
[YDLIDAR] Now lidar scanning has stopped!
lidar_state=STOPPED
signal_handler(15)
