mission_command=START
[YDLIDAR] SDK initializing
[YDLIDAR] SDK has been initialized
[YDLIDAR] SDK Version: 1.2.7
[YDLIDAR] Lidar successfully connected [/dev/ttyS3:230400]
[YDLIDAR] Lidar running correctly! The health status: good
Current Lidar Model Code 151
[YDLIDAR] Baseplate device info
Firmware version: 1.2
Hardware version: 1
Model: Tmini Plus
Serial: 2025042300090381
[YDLIDAR] Current scan frequency: 10.00Hz
[YDLIDAR] Current scan frequency: 10.00Hz
[YDLIDAR] Lidar init success, Elapsed time 953 ms
[YDLIDAR] Create thread 0xA69BD4C0
[YDLIDAR] Successed to start scan mode, Elapsed time 2097 ms
[YDLIDAR] Scan Frequency: 10.00Hz
[YDLIDAR] Fixed Size: 400
[YDLIDAR] Sample Rate: 4.00K
[YDLIDAR] Successed to check the lidar, Elapsed time 1 ms
[2026-07-25 01:33:54][info] [YDLIDAR] Now lidar is scanning...
lidar_state=RUNNING
x=3.3 y=2.05 yaw=-0.0436336 score=0.97188 valid=1 mode=global state=RECOVERED evaluated=15444 execution_us=903104 reason=initial_global_pose_accepted
x=3.3 y=2.05 yaw=-0.0620211 score=0.974898 valid=1 mode=tracking state=RECOVERED evaluated=831 execution_us=51318 reason=recovery_confirmation_pending
x=3.3 y=2.05 yaw=-0.0629552 score=0.967236 valid=1 mode=tracking state=RECOVERED evaluated=807 execution_us=47540 reason=recovery_confirmation_pending
x=3.3 y=2.05 yaw=-0.0464361 score=0.977714 valid=1 mode=tracking state=TRACKING evaluated=807 execution_us=47161 reason=recovery_confirmed
x=3.3 y=2.05 yaw=-0.0473703 score=0.980291 valid=1 mode=tracking state=TRACKING evaluated=807 execution_us=52666 reason=tracking_pose_accepted
x=3.3 y=2.05 yaw=-0.0657577 score=0.974359 valid=1 mode=tracking state=TRACKING evaluated=807 execution_us=59511 reason=tracking_pose_accepted
x=3.3 y=2.05 yaw=-0.0492386 score=0.980342 valid=1 mode=tracking state=TRACKING evaluated=807 execution_us=59439 reason=tracking_pose_accepted
x=3.3 y=2.05 yaw=-0.0501728 score=0.975312 valid=1 mode=tracking state=TRACKING evaluated=807 execution_us=59982 reason=tracking_pose_accepted
x=3.3 y=2.05 yaw=-0.0511069 score=0.975008 valid=1 mode=tracking state=TRACKING evaluated=807 execution_us=59638 reason=tracking_pose_accepted
x=3.3 y=2.05 yaw=-0.0520411 score=0.977714 valid=1 mode=tracking state=TRACKING evaluated=807 execution_us=59937 reason=tracking_pose_accepted
x=3.3 y=2.05 yaw=-0.0529753 score=0.97416 valid=1 mode=tracking state=TRACKING evaluated=807 execution_us=57323 reason=tracking_pose_accepted
x=3.29999 y=2.05 yaw=-0.0539095 score=0.976744 valid=1 mode=tracking state=TRACKING evaluated=807 execution_us=53652 reason=tracking_pose_accepted
x=3.29999 y=2.05 yaw=-0.0548437 score=0.977107 valid=1 mode=tracking state=TRACKING evaluated=807 execution_us=54512 reason=tracking_pose_accepted
x=3.29999 y=2.05 yaw=-0.0557779 score=0.971734 valid=1 mode=tracking state=TRACKING evaluated=807 execution_us=53955 reason=tracking_pose_accepted
x=3.29999 y=2.05 yaw=-0.0567121 score=0.979078 valid=1 mode=tracking state=TRACKING evaluated=807 execution_us=54615 reason=tracking_pose_accepted
x=3.29999 y=2.05 yaw=-0.0576462 score=0.979381 valid=1 mode=tracking state=TRACKING evaluated=807 execution_us=55279 reason=tracking_pose_accepted
x=3.29999 y=2.05 yaw=-0.0585804 score=0.979685 valid=1 mode=tracking state=TRACKING evaluated=807 execution_us=54973 reason=tracking_pose_accepted
x=3.29999 y=2.05 yaw=-0.0595146 score=0.976804 valid=1 mode=tracking state=TRACKING evaluated=807 execution_us=58338 reason=tracking_pose_accepted
x=3.29999 y=2.05 yaw=-0.0604488 score=0.981352 valid=1 mode=tracking state=TRACKING evaluated=807 execution_us=59520 reason=tracking_pose_accepted
x=3.29999 y=2.05 yaw=-0.061383 score=0.977235 valid=1 mode=tracking state=TRACKING evaluated=807 execution_us=58884 reason=tracking_pose_accepted
x=3.29999 y=2.05 yaw=-0.0623171 score=0.976804 valid=1 mode=tracking state=TRACKING evaluated=807 execution_us=59669 reason=tracking_pose_accepted
x=3.29999 y=2.05 yaw=-0.0632513 score=0.974833 valid=1 mode=tracking state=TRACKING evaluated=807 execution_us=60057 reason=tracking_pose_accepted
x=3.29999 y=2.05001 yaw=-0.0467322 score=0.972256 valid=1 mode=tracking state=TRACKING evaluated=807 execution_us=59803 reason=tracking_pose_accepted
x=3.29999 y=2.05001 yaw=-0.0476664 score=0.974293 valid=1 mode=tracking state=TRACKING evaluated=807 execution_us=57204 reason=tracking_pose_accepted
x=3.29999 y=2.05001 yaw=-0.0486006 score=0.975072 valid=1 mode=tracking state=TRACKING evaluated=807 execution_us=56531 reason=tracking_pose_accepted
x=3.29999 y=2.05001 yaw=-0.0495348 score=0.971953 valid=1 mode=tracking state=TRACKING evaluated=807 execution_us=56765 reason=tracking_pose_accepted
x=3.29999 y=2.05001 yaw=-0.0504689 score=0.972327 valid=1 mode=tracking state=TRACKING evaluated=807 execution_us=57812 reason=tracking_pose_accepted
x=3.29999 y=2.05001 yaw=-0.0514031 score=0.979275 valid=1 mode=tracking state=TRACKING evaluated=807 execution_us=56626 reason=tracking_pose_accepted
x=3.29999 y=2.05001 yaw=-0.0523373 score=0.977714 valid=1 mode=tracking state=TRACKING evaluated=807 execution_us=57523 reason=tracking_pose_accepted
x=3.29999 y=2.05001 yaw=-0.0532715 score=0.977411 valid=1 mode=tracking state=TRACKING evaluated=807 execution_us=61244 reason=tracking_pose_accepted
x=3.29999 y=2.05001 yaw=-0.0542057 score=0.977903 valid=1 mode=tracking state=TRACKING evaluated=807 execution_us=50766 reason=tracking_pose_accepted
x=3.29999 y=2.05001 yaw=-0.0551399 score=0.977225 valid=1 mode=tracking state=TRACKING evaluated=807 execution_us=61750 reason=tracking_pose_accepted
x=3.29998 y=2.05001 yaw=-0.0560741 score=0.979632 valid=1 mode=tracking state=TRACKING evaluated=807 execution_us=51669 reason=tracking_pose_accepted
x=3.29998 y=2.05001 yaw=-0.0570082 score=0.975008 valid=1 mode=tracking state=TRACKING evaluated=807 execution_us=51364 reason=tracking_pose_accepted
x=3.29998 y=2.05001 yaw=-0.0579424 score=0.979737 valid=1 mode=tracking state=TRACKING evaluated=807 execution_us=52474 reason=tracking_pose_accepted
x=3.29998 y=2.05001 yaw=-0.0588766 score=0.981959 valid=1 mode=tracking state=TRACKING evaluated=807 execution_us=58884 reason=tracking_pose_accepted
x=3.29998 y=2.05001 yaw=-0.0598108 score=0.977166 valid=1 mode=tracking state=TRACKING evaluated=807 execution_us=59039 reason=tracking_pose_accepted
x=3.29998 y=2.05001 yaw=-0.060745 score=0.979685 valid=1 mode=tracking state=TRACKING evaluated=807 execution_us=59614 reason=tracking_pose_accepted
x=3.29998 y=2.05001 yaw=-0.0616791 score=0.976804 valid=1 mode=tracking state=TRACKING evaluated=807 execution_us=59337 reason=tracking_pose_accepted
x=3.29998 y=2.05001 yaw=-0.0626133 score=0.971953 valid=1 mode=tracking state=TRACKING evaluated=807 execution_us=60341 reason=tracking_pose_accepted
x=3.29998 y=2.05001 yaw=-0.0635475 score=0.969137 valid=1 mode=tracking state=TRACKING evaluated=807 execution_us=51758 reason=tracking_pose_accepted
x=3.29998 y=2.05001 yaw=-0.0644817 score=0.974943 valid=1 mode=tracking state=TRACKING evaluated=807 execution_us=53243 reason=tracking_pose_accepted
x=3.29998 y=2.05001 yaw=-0.0479626 score=0.975859 valid=1 mode=tracking state=TRACKING evaluated=807 execution_us=54115 reason=tracking_pose_accepted
x=3.29998 y=2.05001 yaw=-0.0488967 score=0.9752 valid=1 mode=tracking state=TRACKING evaluated=807 execution_us=54008 reason=tracking_pose_accepted
x=3.29998 y=2.05001 yaw=-0.0498309 score=0.97204 valid=1 mode=tracking state=TRACKING evaluated=807 execution_us=54072 reason=tracking_pose_accepted
x=3.29998 y=2.05001 yaw=-0.0507651 score=0.97568 valid=1 mode=tracking state=TRACKING evaluated=807 execution_us=54704 reason=tracking_pose_accepted
x=3.29998 y=2.05001 yaw=-0.0516993 score=0.977411 valid=1 mode=tracking state=TRACKING evaluated=807 execution_us=58178 reason=tracking_pose_accepted
x=3.29998 y=2.05001 yaw=-0.0526335 score=0.974595 valid=1 mode=tracking state=TRACKING evaluated=807 execution_us=58575 reason=tracking_pose_accepted
x=3.29998 y=2.05001 yaw=-0.0535677 score=0.974898 valid=1 mode=tracking state=TRACKING evaluated=807 execution_us=59088 reason=tracking_pose_accepted
x=3.29998 y=2.05001 yaw=-0.0545018 score=0.974227 valid=1 mode=tracking state=TRACKING evaluated=807 execution_us=59213 reason=tracking_pose_accepted
x=3.29998 y=2.05001 yaw=-0.055436 score=0.971576 valid=1 mode=tracking state=TRACKING evaluated=807 execution_us=59408 reason=tracking_pose_accepted
x=3.29998 y=2.05001 yaw=-0.0563702 score=0.976744 valid=1 mode=tracking state=TRACKING evaluated=807 execution_us=65157 reason=tracking_pose_accepted
x=3.29998 y=2.05001 yaw=-0.0573044 score=0.977293 valid=1 mode=tracking state=TRACKING evaluated=807 execution_us=55349 reason=tracking_pose_accepted
x=3.29997 y=2.05001 yaw=-0.0582386 score=0.97897 valid=1 mode=tracking state=TRACKING evaluated=807 execution_us=56070 reason=tracking_pose_accepted
x=3.29997 y=2.05001 yaw=-0.0591728 score=0.979579 valid=1 mode=tracking state=TRACKING evaluated=807 execution_us=55647 reason=tracking_pose_accepted
x=3.29997 y=2.05001 yaw=-0.0601069 score=0.97416 valid=1 mode=tracking state=TRACKING evaluated=807 execution_us=56199 reason=tracking_pose_accepted
x=3.29997 y=2.05001 yaw=-0.0610411 score=0.976864 valid=1 mode=tracking state=TRACKING evaluated=807 execution_us=56960 reason=tracking_pose_accepted
x=3.29997 y=2.05001 yaw=-0.044522 score=0.977235 valid=1 mode=tracking state=TRACKING evaluated=807 execution_us=59405 reason=tracking_pose_accepted
x=3.29997 y=2.05001 yaw=-0.0629095 score=0.974943 valid=1 mode=tracking state=TRACKING evaluated=807 execution_us=60595 reason=tracking_pose_accepted
x=3.29997 y=2.05001 yaw=-0.0638436 score=0.971346 valid=1 mode=tracking state=TRACKING evaluated=807 execution_us=60622 reason=tracking_pose_accepted
x=3.29997 y=2.05001 yaw=-0.0473245 score=0.977469 valid=1 mode=tracking state=TRACKING evaluated=807 execution_us=60938 reason=tracking_pose_accepted
x=3.29997 y=2.05001 yaw=-0.0482587 score=0.974595 valid=1 mode=tracking state=TRACKING evaluated=807 execution_us=61808 reason=tracking_pose_accepted
x=3.29997 y=2.05001 yaw=-0.0491929 score=0.976198 valid=1 mode=tracking state=TRACKING evaluated=807 execution_us=50634 reason=tracking_pose_accepted
x=3.29997 y=2.05001 yaw=-0.050127 score=0.975072 valid=1 mode=tracking state=TRACKING evaluated=807 execution_us=57527 reason=tracking_pose_accepted
x=3.29997 y=2.05002 yaw=-0.0510612 score=0.977482 valid=1 mode=tracking state=TRACKING evaluated=807 execution_us=57740 reason=tracking_pose_accepted
x=3.29997 y=2.05002 yaw=-0.0519954 score=0.974898 valid=1 mode=tracking state=TRACKING evaluated=807 execution_us=57877 reason=tracking_pose_accepted
x=3.29997 y=2.05002 yaw=-0.0529296 score=0.9696 valid=1 mode=tracking state=TRACKING evaluated=807 execution_us=57977 reason=tracking_pose_accepted
x=3.29997 y=2.05002 yaw=-0.0538638 score=0.974703 valid=1 mode=tracking state=TRACKING evaluated=807 execution_us=58339 reason=tracking_pose_accepted
x=3.29997 y=2.05002 yaw=-0.054798 score=0.974093 valid=1 mode=tracking state=TRACKING evaluated=807 execution_us=58667 reason=tracking_pose_accepted
x=3.29997 y=2.05002 yaw=-0.0557322 score=0.982262 valid=1 mode=tracking state=TRACKING evaluated=807 execution_us=53277 reason=tracking_pose_accepted
x=3.29997 y=2.05002 yaw=-0.0566663 score=0.980291 valid=1 mode=tracking state=TRACKING evaluated=807 execution_us=52579 reason=tracking_pose_accepted
x=3.29997 y=2.05002 yaw=-0.0576005 score=0.974227 valid=1 mode=tracking state=TRACKING evaluated=807 execution_us=52509 reason=tracking_pose_accepted
x=3.29997 y=2.05002 yaw=-0.0585347 score=0.979078 valid=1 mode=tracking state=TRACKING evaluated=807 execution_us=54399 reason=tracking_pose_accepted
x=3.29997 y=2.05002 yaw=-0.0594689 score=0.9696 valid=1 mode=tracking state=TRACKING evaluated=807 execution_us=52688 reason=tracking_pose_accepted
x=3.29996 y=2.05002 yaw=-0.0604031 score=0.979737 valid=1 mode=tracking state=TRACKING evaluated=807 execution_us=60118 reason=tracking_pose_accepted
x=3.29996 y=2.05002 yaw=-0.0613372 score=0.974464 valid=1 mode=tracking state=TRACKING evaluated=807 execution_us=60240 reason=tracking_pose_accepted
x=3.29996 y=2.05002 yaw=-0.0622714 score=0.974093 valid=1 mode=tracking state=TRACKING evaluated=807 execution_us=59983 reason=tracking_pose_accepted
x=3.29996 y=2.05002 yaw=-0.0457523 score=0.97544 valid=1 mode=tracking state=TRACKING evaluated=807 execution_us=61091 reason=tracking_pose_accepted
x=3.29996 y=2.05002 yaw=-0.0466865 score=0.977598 valid=1 mode=tracking state=TRACKING evaluated=807 execution_us=57719 reason=tracking_pose_accepted
x=3.29996 y=2.05002 yaw=-0.0476207 score=0.975312 valid=1 mode=tracking state=TRACKING evaluated=807 execution_us=57991 reason=tracking_pose_accepted
x=3.29996 y=2.05002 yaw=-0.0485549 score=0.972488 valid=1 mode=tracking state=TRACKING evaluated=807 execution_us=55017 reason=tracking_pose_accepted
x=3.29996 y=2.05002 yaw=-0.049489 score=0.970208 valid=1 mode=tracking state=TRACKING evaluated=807 execution_us=54435 reason=tracking_pose_accepted
x=3.29996 y=2.05002 yaw=-0.0504232 score=0.967101 valid=1 mode=tracking state=TRACKING evaluated=807 execution_us=55006 reason=tracking_pose_accepted
x=3.29996 y=2.05002 yaw=-0.0513574 score=0.974571 valid=1 mode=tracking state=TRACKING evaluated=807 execution_us=55224 reason=tracking_pose_accepted
x=3.29996 y=2.05002 yaw=-0.0522916 score=0.97568 valid=1 mode=tracking state=TRACKING evaluated=807 execution_us=55069 reason=tracking_pose_accepted
x=3.29996 y=2.05002 yaw=-0.0532258 score=0.976563 valid=1 mode=tracking state=TRACKING evaluated=807 execution_us=54942 reason=tracking_pose_accepted
x=3.29996 y=2.05002 yaw=-0.05416 score=0.982475 valid=1 mode=tracking state=TRACKING evaluated=807 execution_us=59018 reason=tracking_pose_accepted
x=3.29996 y=2.05002 yaw=-0.0550941 score=0.976804 valid=1 mode=tracking state=TRACKING evaluated=807 execution_us=59686 reason=tracking_pose_accepted
x=3.29996 y=2.05002 yaw=-0.0560283 score=0.979132 valid=1 mode=tracking state=TRACKING evaluated=807 execution_us=60553 reason=tracking_pose_accepted
x=3.29996 y=2.05002 yaw=-0.0569625 score=0.97188 valid=1 mode=tracking state=TRACKING evaluated=807 execution_us=59457 reason=tracking_pose_accepted
x=3.29996 y=2.05002 yaw=-0.0578967 score=0.981656 valid=1 mode=tracking state=TRACKING evaluated=807 execution_us=59781 reason=tracking_pose_accepted
x=3.29996 y=2.05002 yaw=-0.0588309 score=0.979328 valid=1 mode=tracking state=TRACKING evaluated=807 execution_us=60466 reason=tracking_pose_accepted
x=3.29996 y=2.05002 yaw=-0.0597651 score=0.979579 valid=1 mode=tracking state=TRACKING evaluated=807 execution_us=56338 reason=tracking_pose_accepted
x=3.29996 y=2.05002 yaw=-0.0606992 score=0.974464 valid=1 mode=tracking state=TRACKING evaluated=807 execution_us=57355 reason=tracking_pose_accepted
x=3.29996 y=2.05002 yaw=-0.0616334 score=0.97644 valid=1 mode=tracking state=TRACKING evaluated=807 execution_us=56917 reason=tracking_pose_accepted
x=3.29996 y=2.05002 yaw=-0.0625676 score=0.976989 valid=1 mode=tracking state=TRACKING evaluated=807 execution_us=56872 reason=tracking_pose_accepted
x=3.29995 y=2.05002 yaw=-0.0460485 score=0.97188 valid=1 mode=tracking state=TRACKING evaluated=807 execution_us=57646 reason=tracking_pose_accepted
x=3.29995 y=2.05002 yaw=-0.064436 score=0.976864 valid=1 mode=tracking state=TRACKING evaluated=807 execution_us=60623 reason=tracking_pose_accepted
x=3.29995 y=2.05002 yaw=-0.0479168 score=0.976989 valid=1 mode=tracking state=TRACKING evaluated=807 execution_us=61148 reason=tracking_pose_accepted
x=3.29995 y=2.05002 yaw=-0.048851 score=0.974398 valid=1 mode=tracking state=TRACKING evaluated=807 execution_us=51801 reason=tracking_pose_accepted
x=3.29995 y=2.05002 yaw=-0.0497852 score=0.974227 valid=1 mode=tracking state=TRACKING evaluated=807 execution_us=51176 reason=tracking_pose_accepted
x=3.29995 y=2.05002 yaw=-0.0507193 score=0.977598 valid=1 mode=tracking state=TRACKING evaluated=807 execution_us=51165 reason=tracking_pose_accepted
x=3.29995 y=2.05002 yaw=-0.0516535 score=0.977166 valid=1 mode=tracking state=TRACKING evaluated=807 execution_us=52270 reason=tracking_pose_accepted
x=3.29995 y=2.05002 yaw=-0.0525877 score=0.97204 valid=1 mode=tracking state=TRACKING evaluated=807 execution_us=58141 reason=tracking_pose_accepted
x=3.29995 y=2.05002 yaw=-0.0535219 score=0.974398 valid=1 mode=tracking state=TRACKING evaluated=807 execution_us=58731 reason=tracking_pose_accepted
x=3.29995 y=2.05002 yaw=-0.0544561 score=0.97416 valid=1 mode=tracking state=TRACKING evaluated=807 execution_us=58711 reason=tracking_pose_accepted
x=3.29995 y=2.05003 yaw=-0.0553903 score=0.979381 valid=1 mode=tracking state=TRACKING evaluated=807 execution_us=59083 reason=tracking_pose_accepted
x=3.29995 y=2.05003 yaw=-0.0563245 score=0.979737 valid=1 mode=tracking state=TRACKING evaluated=807 execution_us=60013 reason=tracking_pose_accepted
x=3.29995 y=2.05003 yaw=-0.0572586 score=0.976379 valid=1 mode=tracking state=TRACKING evaluated=807 execution_us=59668 reason=tracking_pose_accepted
x=3.29995 y=2.05003 yaw=-0.0581928 score=0.971734 valid=1 mode=tracking state=TRACKING evaluated=807 execution_us=51615 reason=tracking_pose_accepted
x=3.29995 y=2.05003 yaw=-0.059127 score=0.976989 valid=1 mode=tracking state=TRACKING evaluated=807 execution_us=53352 reason=tracking_pose_accepted
x=3.29995 y=2.05003 yaw=-0.0600612 score=0.974332 valid=1 mode=tracking state=TRACKING evaluated=807 execution_us=52941 reason=tracking_pose_accepted
x=3.29995 y=2.05003 yaw=-0.0609954 score=0.976684 valid=1 mode=tracking state=TRACKING evaluated=807 execution_us=53606 reason=tracking_pose_accepted
x=3.29995 y=2.05003 yaw=-0.0619295 score=0.982308 valid=1 mode=tracking state=TRACKING evaluated=807 execution_us=54077 reason=tracking_pose_accepted
x=3.29995 y=2.05003 yaw=-0.0628637 score=0.976621 valid=1 mode=tracking state=TRACKING evaluated=807 execution_us=55345 reason=tracking_pose_accepted
x=3.29995 y=2.05003 yaw=-0.0637979 score=0.972112 valid=1 mode=tracking state=TRACKING evaluated=807 execution_us=58407 reason=tracking_pose_accepted
x=3.29995 y=2.05003 yaw=-0.0472788 score=0.975743 valid=1 mode=tracking state=TRACKING evaluated=807 execution_us=58557 reason=tracking_pose_accepted
x=3.29994 y=2.05003 yaw=-0.048213 score=0.974768 valid=1 mode=tracking state=TRACKING evaluated=807 execution_us=58133 reason=tracking_pose_accepted
x=3.29994 y=2.05003 yaw=-0.0491471 score=0.969757 valid=1 mode=tracking state=TRACKING evaluated=807 execution_us=59022 reason=tracking_pose_accepted
x=3.29994 y=2.05003 yaw=-0.0500813 score=0.969982 valid=1 mode=tracking state=TRACKING evaluated=807 execution_us=58759 reason=tracking_pose_accepted
x=3.29994 y=2.05003 yaw=-0.0510155 score=0.980897 valid=1 mode=tracking state=TRACKING evaluated=807 execution_us=64155 reason=tracking_pose_accepted
x=3.29994 y=2.05003 yaw=-0.0519497 score=0.972112 valid=1 mode=tracking state=TRACKING evaluated=807 execution_us=53940 reason=tracking_pose_accepted
x=3.29994 y=2.05003 yaw=-0.0528839 score=0.978017 valid=1 mode=tracking state=TRACKING evaluated=807 execution_us=55513 reason=tracking_pose_accepted
x=3.29994 y=2.05003 yaw=-0.0538181 score=0.978264 valid=1 mode=tracking state=TRACKING evaluated=807 execution_us=57312 reason=tracking_pose_accepted
x=3.29994 y=2.05003 yaw=-0.0547522 score=0.979988 valid=1 mode=tracking state=TRACKING evaluated=807 execution_us=56316 reason=tracking_pose_accepted
x=3.29994 y=2.05003 yaw=-0.0556864 score=0.974943 valid=1 mode=tracking state=TRACKING evaluated=807 execution_us=55706 reason=tracking_pose_accepted
x=3.29994 y=2.05003 yaw=-0.0566206 score=0.977598 valid=1 mode=tracking state=TRACKING evaluated=807 execution_us=59892 reason=tracking_pose_accepted
x=3.29994 y=2.05003 yaw=-0.0575548 score=0.97872 valid=1 mode=tracking state=TRACKING evaluated=807 execution_us=60087 reason=tracking_pose_accepted
x=3.29994 y=2.05003 yaw=-0.058489 score=0.979685 valid=1 mode=tracking state=TRACKING evaluated=807 execution_us=60150 reason=tracking_pose_accepted
x=3.29994 y=2.05003 yaw=-0.0594232 score=0.981352 valid=1 mode=tracking state=TRACKING evaluated=807 execution_us=62159 reason=tracking_pose_accepted
x=3.29994 y=2.05003 yaw=-0.0603573 score=0.979988 valid=1 mode=tracking state=TRACKING evaluated=807 execution_us=50484 reason=tracking_pose_accepted
x=3.29994 y=2.05003 yaw=-0.0612915 score=0.979024 valid=1 mode=tracking state=TRACKING evaluated=807 execution_us=60688 reason=tracking_pose_accepted
x=3.29994 y=2.05003 yaw=-0.0622257 score=0.979328 valid=1 mode=tracking state=TRACKING evaluated=807 execution_us=57369 reason=tracking_pose_accepted
x=3.29994 y=2.05003 yaw=-0.0457066 score=0.972932 valid=1 mode=tracking state=TRACKING evaluated=807 execution_us=57545 reason=tracking_pose_accepted
x=3.29994 y=2.05003 yaw=-0.0466408 score=0.972722 valid=1 mode=tracking state=TRACKING evaluated=807 execution_us=58054 reason=tracking_pose_accepted
x=3.29994 y=2.05003 yaw=-0.047575 score=0.975376 valid=1 mode=tracking state=TRACKING evaluated=807 execution_us=57458 reason=tracking_pose_accepted
x=3.29994 y=2.05003 yaw=-0.0485091 score=0.974464 valid=1 mode=tracking state=TRACKING evaluated=807 execution_us=57686 reason=tracking_pose_accepted
x=3.29994 y=2.05003 yaw=-0.0494433 score=0.975617 valid=1 mode=tracking state=TRACKING evaluated=807 execution_us=61296 reason=tracking_pose_accepted
x=3.29993 y=2.05003 yaw=-0.0503775 score=0.972488 valid=1 mode=tracking state=TRACKING evaluated=807 execution_us=51849 reason=tracking_pose_accepted
x=3.29993 y=2.05003 yaw=-0.0513117 score=0.9752 valid=1 mode=tracking state=TRACKING evaluated=807 execution_us=52258 reason=tracking_pose_accepted
x=3.29993 y=2.05003 yaw=-0.0522459 score=0.977903 valid=1 mode=tracking state=TRACKING evaluated=807 execution_us=52010 reason=tracking_pose_accepted
x=3.29993 y=2.05003 yaw=-0.0531801 score=0.974464 valid=1 mode=tracking state=TRACKING evaluated=807 execution_us=52110 reason=tracking_pose_accepted
x=3.29993 y=2.05003 yaw=-0.0541142 score=0.976561 valid=1 mode=tracking state=TRACKING evaluated=807 execution_us=52819 reason=tracking_pose_accepted
x=3.29993 y=2.05003 yaw=-0.0550484 score=0.975008 valid=1 mode=tracking state=TRACKING evaluated=807 execution_us=59245 reason=tracking_pose_accepted
x=3.29993 y=2.05003 yaw=-0.0559826 score=0.982262 valid=1 mode=tracking state=TRACKING evaluated=807 execution_us=47161 reason=tracking_pose_accepted
x=3.29993 y=2.05003 yaw=-0.0569168 score=0.979988 valid=1 mode=tracking state=TRACKING evaluated=807 execution_us=60572 reason=tracking_pose_accepted
x=3.29993 y=2.05003 yaw=-0.057851 score=0.973924 valid=1 mode=tracking state=TRACKING evaluated=807 execution_us=60393 reason=tracking_pose_accepted
x=3.29993 y=2.05003 yaw=-0.0587852 score=0.982005 valid=1 mode=tracking state=TRACKING evaluated=807 execution_us=60156 reason=tracking_pose_accepted
x=3.29993 y=2.05004 yaw=-0.0597194 score=0.974093 valid=1 mode=tracking state=TRACKING evaluated=807 execution_us=52517 reason=tracking_pose_accepted
x=3.29993 y=2.05004 yaw=-0.0606535 score=0.979884 valid=1 mode=tracking state=TRACKING evaluated=807 execution_us=53766 reason=tracking_pose_accepted
x=3.29993 y=2.05004 yaw=-0.0615877 score=0.974833 valid=1 mode=tracking state=TRACKING evaluated=807 execution_us=53858 reason=tracking_pose_accepted
x=3.29993 y=2.05004 yaw=-0.0625219 score=0.973924 valid=1 mode=tracking state=TRACKING evaluated=807 execution_us=55516 reason=tracking_pose_accepted
x=3.29993 y=2.05004 yaw=-0.0634561 score=0.977293 valid=1 mode=tracking state=TRACKING evaluated=807 execution_us=54267 reason=tracking_pose_accepted
x=3.29993 y=2.05004 yaw=-0.046937 score=0.977411 valid=1 mode=tracking state=TRACKING evaluated=807 execution_us=54765 reason=tracking_pose_accepted
x=3.29993 y=2.05004 yaw=-0.0653244 score=0.976501 valid=1 mode=tracking state=TRACKING evaluated=807 execution_us=58039 reason=tracking_pose_accepted
x=3.29993 y=2.05004 yaw=-0.0488053 score=0.97263 valid=1 mode=tracking state=TRACKING evaluated=807 execution_us=58420 reason=tracking_pose_accepted
x=3.29993 y=2.05004 yaw=-0.0497394 score=0.968547 valid=1 mode=tracking state=TRACKING evaluated=807 execution_us=59636 reason=tracking_pose_accepted
x=3.29993 y=2.05004 yaw=-0.0506736 score=0.977656 valid=1 mode=tracking state=TRACKING evaluated=807 execution_us=58603 reason=tracking_pose_accepted
x=3.29993 y=2.05004 yaw=-0.0516078 score=0.977656 valid=1 mode=tracking state=TRACKING evaluated=807 execution_us=59007 reason=tracking_pose_accepted
x=3.29993 y=2.05004 yaw=-0.052542 score=0.979988 valid=1 mode=tracking state=TRACKING evaluated=807 execution_us=61218 reason=tracking_pose_accepted
x=3.29992 y=2.05004 yaw=-0.0534762 score=0.979685 valid=1 mode=tracking state=TRACKING evaluated=807 execution_us=56290 reason=tracking_pose_accepted
x=3.29992 y=2.05004 yaw=-0.0544104 score=0.979737 valid=1 mode=tracking state=TRACKING evaluated=807 execution_us=55159 reason=tracking_pose_accepted
x=3.29992 y=2.05004 yaw=-0.0553446 score=0.974464 valid=1 mode=tracking state=TRACKING evaluated=807 execution_us=56365 reason=tracking_pose_accepted
x=3.29992 y=2.05004 yaw=-0.0562787 score=0.978472 valid=1 mode=tracking state=TRACKING evaluated=807 execution_us=56281 reason=tracking_pose_accepted
x=3.29992 y=2.05004 yaw=-0.0572129 score=0.979078 valid=1 mode=tracking state=TRACKING evaluated=807 execution_us=57252 reason=tracking_pose_accepted
x=3.29992 y=2.05004 yaw=-0.0581471 score=0.979381 valid=1 mode=tracking state=TRACKING evaluated=807 execution_us=59520 reason=tracking_pose_accepted
x=3.29992 y=2.05004 yaw=-0.0590813 score=0.976989 valid=1 mode=tracking state=TRACKING evaluated=807 execution_us=60222 reason=tracking_pose_accepted
x=3.29992 y=2.05004 yaw=-0.0600155 score=0.976318 valid=1 mode=tracking state=TRACKING evaluated=807 execution_us=60340 reason=tracking_pose_accepted
x=3.29992 y=2.05004 yaw=-0.0609496 score=0.976379 valid=1 mode=tracking state=TRACKING evaluated=807 execution_us=60591 reason=tracking_pose_accepted
x=3.29992 y=2.05004 yaw=-0.0618838 score=0.976379 valid=1 mode=tracking state=TRACKING evaluated=807 execution_us=61508 reason=tracking_pose_accepted
x=3.29992 y=2.05004 yaw=-0.062818 score=0.97644 valid=1 mode=tracking state=TRACKING evaluated=807 execution_us=51171 reason=tracking_pose_accepted
x=3.29992 y=2.05004 yaw=-0.0462989 score=0.977048 valid=1 mode=tracking state=TRACKING evaluated=807 execution_us=57724 reason=tracking_pose_accepted
x=3.29992 y=2.05004 yaw=-0.0472331 score=0.974464 valid=1 mode=tracking state=TRACKING evaluated=807 execution_us=58570 reason=tracking_pose_accepted
x=3.29992 y=2.05004 yaw=-0.0481672 score=0.980291 valid=1 mode=tracking state=TRACKING evaluated=807 execution_us=58054 reason=tracking_pose_accepted
x=3.29992 y=2.05004 yaw=-0.0665547 score=0.972216 valid=1 mode=tracking state=TRACKING evaluated=807 execution_us=58578 reason=tracking_pose_accepted
x=3.29992 y=2.05004 yaw=-0.0500356 score=0.974943 valid=1 mode=tracking state=TRACKING evaluated=807 execution_us=58624 reason=tracking_pose_accepted
x=3.29992 y=2.05004 yaw=-0.0509697 score=0.977048 valid=1 mode=tracking state=TRACKING evaluated=807 execution_us=58276 reason=tracking_pose_accepted
x=3.29992 y=2.05004 yaw=-0.0519039 score=0.974464 valid=1 mode=tracking state=TRACKING evaluated=807 execution_us=51045 reason=tracking_pose_accepted
x=3.29992 y=2.05004 yaw=-0.0528381 score=0.974833 valid=1 mode=tracking state=TRACKING evaluated=807 execution_us=52705 reason=tracking_pose_accepted
x=3.29992 y=2.05004 yaw=-0.0537723 score=0.975008 valid=1 mode=tracking state=TRACKING evaluated=807 execution_us=52505 reason=tracking_pose_accepted
x=3.29992 y=2.05004 yaw=-0.0547065 score=0.979381 valid=1 mode=tracking state=TRACKING evaluated=807 execution_us=53004 reason=tracking_pose_accepted
x=3.29991 y=2.05004 yaw=-0.0556407 score=0.974943 valid=1 mode=tracking state=TRACKING evaluated=807 execution_us=52522 reason=tracking_pose_accepted
x=3.29991 y=2.05004 yaw=-0.0565749 score=0.979737 valid=1 mode=tracking state=TRACKING evaluated=807 execution_us=53495 reason=tracking_pose_accepted
x=3.29991 y=2.05004 yaw=-0.057509 score=0.924811 valid=1 mode=tracking state=TRACKING evaluated=807 execution_us=59968 reason=tracking_pose_accepted
x=3.24991 y=2.05004 yaw=-0.0584432 score=0.9303 valid=1 mode=tracking state=TRACKING evaluated=807 execution_us=59273 reason=tracking_pose_accepted
x=3.24991 y=2.05004 yaw=-0.0419241 score=0.92211 valid=1 mode=tracking state=TRACKING evaluated=807 execution_us=59565 reason=tracking_pose_accepted
x=3.29991 y=2.05004 yaw=-0.0603115 score=0.913441 valid=1 mode=tracking state=TRACKING evaluated=807 execution_us=57492 reason=tracking_pose_accepted
x=3.24991 y=2.05004 yaw=-0.0437924 score=0.859822 valid=0 mode=tracking state=DEGRADED evaluated=807 execution_us=57271 reason=tracking_score_below_threshold
x=3.24991 y=2.05004 yaw=-0.0437924 score=0.817484 valid=0 mode=tracking state=DEGRADED evaluated=807 execution_us=54575 reason=tracking_score_below_threshold
x=3.24991 y=2.05004 yaw=-0.0612457 score=0.747151 valid=0 mode=tracking state=LOST evaluated=807 execution_us=53881 reason=rejection_limit_reached
x=2.45 y=3.1 yaw=3.09796 score=0.900973 valid=1 mode=global state=RECOVERED evaluated=15444 execution_us=607126 reason=global_relocalization_accepted
x=1.25 y=3 yaw=2.55597 score=0.996435 valid=1 mode=tracking state=RECOVERED evaluated=789 execution_us=17357 reason=recovery_confirmation_pending
x=1.2 y=3 yaw=2.01399 score=0.981092 valid=1 mode=tracking state=RECOVERED evaluated=807 execution_us=26221 reason=recovery_confirmation_pending
x=0.0499995 y=2.05 yaw=1.41964 score=1 valid=1 mode=tracking state=TRACKING evaluated=807 execution_us=23097 reason=recovery_confirmed
x=0.0499995 y=2.1 yaw=0.825294 score=1 valid=1 mode=tracking state=TRACKING evaluated=831 execution_us=28236 reason=tracking_pose_accepted
x=0.9 y=2 yaw=0.422934 score=0.97861 valid=1 mode=tracking state=TRACKING evaluated=831 execution_us=25746 reason=tracking_pose_accepted
x=0.0999996 y=2.05 yaw=-0.171412 score=0.983876 valid=1 mode=tracking state=TRACKING evaluated=831 execution_us=35259 reason=tracking_pose_accepted
x=1.5 y=1.4 yaw=-0.730851 score=0.996152 valid=1 mode=tracking state=TRACKING evaluated=831 execution_us=40849 reason=tracking_pose_accepted
x=1.45 y=0.249999 yaw=-1.3252 score=1 valid=1 mode=tracking state=TRACKING evaluated=831 execution_us=28119 reason=tracking_pose_accepted
x=1.45 y=0.249999 yaw=-1.91954 score=1 valid=1 mode=tracking state=TRACKING evaluated=831 execution_us=26906 reason=tracking_pose_accepted
x=1.45 y=0.249999 yaw=-2.51389 score=1 valid=1 mode=tracking state=TRACKING evaluated=831 execution_us=31404 reason=tracking_pose_accepted
x=1.8 y=0.0999992 yaw=-3.10824 score=1 valid=1 mode=tracking state=TRACKING evaluated=831 execution_us=27105 reason=tracking_pose_accepted
x=1.45 y=0.199999 yaw=-3.70258 score=0.996877 valid=1 mode=tracking state=TRACKING evaluated=807 execution_us=23720 reason=tracking_pose_accepted
x=1.65 y=0.0999991 yaw=-4.29693 score=1 valid=1 mode=tracking state=TRACKING evaluated=807 execution_us=23426 reason=tracking_pose_accepted
x=1.65 y=0.0999991 yaw=-4.33277 score=1 valid=1 mode=tracking state=TRACKING evaluated=831 execution_us=26389 reason=tracking_pose_accepted
x=1.55 y=0.0999991 yaw=-4.36861 score=1 valid=1 mode=tracking state=TRACKING evaluated=831 execution_us=27497 reason=tracking_pose_accepted
x=1.7 y=0.0999991 yaw=-4.96295 score=0.993412 valid=1 mode=tracking state=TRACKING evaluated=831 execution_us=27381 reason=tracking_pose_accepted
x=1.65 y=0.0999991 yaw=-5.5573 score=1 valid=1 mode=tracking state=TRACKING evaluated=831 execution_us=27834 reason=tracking_pose_accepted
x=1.4 y=0.249999 yaw=-6.11674 score=0.983193 valid=1 mode=tracking state=TRACKING evaluated=831 execution_us=20518 reason=tracking_pose_accepted
x=1.7 y=0.149999 yaw=-6.71109 score=0.999011 valid=1 mode=tracking state=TRACKING evaluated=831 execution_us=20752 reason=tracking_pose_accepted
x=1.7 y=0.149999 yaw=-6.6073 score=0.998039 valid=1 mode=tracking state=TRACKING evaluated=831 execution_us=21237 reason=tracking_pose_accepted
x=1.75 y=0.149999 yaw=-6.50351 score=0.998986 valid=1 mode=tracking state=TRACKING evaluated=831 execution_us=21264 reason=tracking_pose_accepted
x=1.7 y=0.149999 yaw=-6.67898 score=0.996904 valid=1 mode=tracking state=TRACKING evaluated=831 execution_us=25478 reason=tracking_pose_accepted
x=1.75 y=0.149999 yaw=-6.54029 score=0.99682 valid=1 mode=tracking state=TRACKING evaluated=831 execution_us=34106 reason=tracking_pose_accepted
x=1.7 y=0.149999 yaw=-6.71575 score=0.996686 valid=1 mode=tracking state=TRACKING evaluated=831 execution_us=29165 reason=tracking_pose_accepted
x=1.7 y=0.149999 yaw=-7.3101 score=1 valid=1 mode=tracking state=TRACKING evaluated=831 execution_us=29741 reason=tracking_pose_accepted
x=1.5 y=0.199999 yaw=-7.90445 score=1 valid=1 mode=tracking state=TRACKING evaluated=831 execution_us=29684 reason=tracking_pose_accepted
x=1.45 y=0.249999 yaw=-8.49879 score=1 valid=1 mode=tracking state=TRACKING evaluated=831 execution_us=28033 reason=tracking_pose_accepted
x=1.8 y=0.099999 yaw=-9.09314 score=1 valid=1 mode=tracking state=TRACKING evaluated=831 execution_us=30307 reason=tracking_pose_accepted
x=1.45 y=0.249999 yaw=-9.61767 score=0.999177 valid=1 mode=tracking state=TRACKING evaluated=807 execution_us=26419 reason=tracking_pose_accepted
x=1.8 y=0.0999989 yaw=-10.212 score=1 valid=1 mode=tracking state=TRACKING evaluated=807 execution_us=26385 reason=tracking_pose_accepted
x=1.65 y=0.0999989 yaw=-10.8064 score=1 valid=1 mode=tracking state=TRACKING evaluated=831 execution_us=26054 reason=tracking_pose_accepted
x=1.65 y=0.0999989 yaw=-10.7026 score=1 valid=1 mode=tracking state=TRACKING evaluated=831 execution_us=27150 reason=tracking_pose_accepted
x=1.65 y=0.0999989 yaw=-10.7384 score=1 valid=1 mode=tracking state=TRACKING evaluated=831 execution_us=26279 reason=tracking_pose_accepted
x=1.65 y=0.0999989 yaw=-10.6346 score=1 valid=1 mode=tracking state=TRACKING evaluated=831 execution_us=34759 reason=tracking_pose_accepted
x=1.8 y=0.0999989 yaw=-10.5308 score=1 valid=1 mode=tracking state=TRACKING evaluated=831 execution_us=31746 reason=tracking_pose_accepted
x=1.65 y=0.0999989 yaw=-11.1252 score=1 valid=1 mode=tracking state=TRACKING evaluated=807 execution_us=30477 reason=tracking_pose_accepted
x=1.4 y=0.249999 yaw=-11.0214 score=1 valid=1 mode=tracking state=TRACKING evaluated=831 execution_us=30976 reason=tracking_pose_accepted
x=1.4 y=0.249999 yaw=-11.6157 score=1 valid=1 mode=tracking state=TRACKING evaluated=831 execution_us=30455 reason=tracking_pose_accepted
x=1.4 y=0.299999 yaw=-12.2101 score=1 valid=1 mode=tracking state=TRACKING evaluated=831 execution_us=30357 reason=tracking_pose_accepted
x=1.75 y=0.149999 yaw=-12.7695 score=0.999102 valid=1 mode=tracking state=TRACKING evaluated=831 execution_us=26909 reason=tracking_pose_accepted
x=1.7 y=0.149999 yaw=-13.2243 score=0.998343 valid=1 mode=tracking state=TRACKING evaluated=807 execution_us=28153 reason=tracking_pose_accepted
x=1.7 y=0.149999 yaw=-13.8186 score=1 valid=1 mode=tracking state=TRACKING evaluated=831 execution_us=28608 reason=tracking_pose_accepted
x=1.7 y=0.149999 yaw=-14.4129 score=1 valid=1 mode=tracking state=TRACKING evaluated=831 execution_us=28070 reason=tracking_pose_accepted
x=1.45 y=0.249999 yaw=-15.0073 score=1 valid=1 mode=tracking state=TRACKING evaluated=831 execution_us=30525 reason=tracking_pose_accepted
x=1.8 y=0.0999988 yaw=-15.6016 score=1 valid=1 mode=tracking state=TRACKING evaluated=807 execution_us=29906 reason=tracking_pose_accepted
x=1.45 y=0.249999 yaw=-16.1611 score=0.999171 valid=1 mode=tracking state=TRACKING evaluated=807 execution_us=21980 reason=tracking_pose_accepted
x=1.45 y=0.199999 yaw=-16.7554 score=0.998399 valid=1 mode=tracking state=TRACKING evaluated=831 execution_us=23050 reason=tracking_pose_accepted
x=1.65 y=0.0999987 yaw=-17.3498 score=1 valid=1 mode=tracking state=TRACKING evaluated=807 execution_us=22087 reason=tracking_pose_accepted
x=1.65 y=0.0999987 yaw=-17.246 score=1 valid=1 mode=tracking state=TRACKING evaluated=831 execution_us=23308 reason=tracking_pose_accepted
x=1.65 y=0.0999987 yaw=-17.1422 score=1 valid=1 mode=tracking state=TRACKING evaluated=831 execution_us=22148 reason=tracking_pose_accepted
x=1.65 y=0.0999987 yaw=-17.0384 score=1 valid=1 mode=tracking state=TRACKING evaluated=831 execution_us=25386 reason=tracking_pose_accepted
x=1.65 y=0.0999987 yaw=-16.9346 score=1 valid=1 mode=tracking state=TRACKING evaluated=831 execution_us=30921 reason=tracking_pose_accepted
x=1.65 y=0.0999987 yaw=-16.9705 score=1 valid=1 mode=tracking state=TRACKING evaluated=831 execution_us=31545 reason=tracking_pose_accepted
x=1.65 y=0.0999987 yaw=-16.8667 score=1 valid=1 mode=tracking state=TRACKING evaluated=831 execution_us=31490 reason=tracking_pose_accepted
x=1.65 y=0.0999987 yaw=-16.9025 score=1 valid=1 mode=tracking state=TRACKING evaluated=831 execution_us=32040 reason=tracking_pose_accepted
x=1.4 y=0.249999 yaw=-16.9384 score=1 valid=1 mode=tracking state=TRACKING evaluated=831 execution_us=31725 reason=tracking_pose_accepted
x=1.4 y=0.299999 yaw=-17.5327 score=1 valid=1 mode=tracking state=TRACKING evaluated=831 execution_us=37109 reason=tracking_pose_accepted
x=1.75 y=0.149999 yaw=-18.1271 score=0.998355 valid=1 mode=tracking state=TRACKING evaluated=831 execution_us=21279 reason=tracking_pose_accepted
x=1.4 y=0.299999 yaw=-18.7214 score=1 valid=1 mode=tracking state=TRACKING evaluated=831 execution_us=26308 reason=tracking_pose_accepted
x=1.75 y=0.149999 yaw=-19.3158 score=0.996884 valid=1 mode=tracking state=TRACKING evaluated=831 execution_us=25780 reason=tracking_pose_accepted
x=1.7 y=0.149999 yaw=-19.212 score=0.993888 valid=1 mode=tracking state=TRACKING evaluated=807 execution_us=25372 reason=tracking_pose_accepted
x=1.75 y=0.149998 yaw=-19.0558 score=1 valid=1 mode=tracking state=TRACKING evaluated=807 execution_us=29298 reason=tracking_pose_accepted
x=1.7 y=0.149998 yaw=-19.2313 score=0.995198 valid=1 mode=tracking state=TRACKING evaluated=831 execution_us=29817 reason=tracking_pose_accepted
x=1.75 y=0.149998 yaw=-19.4068 score=0.998431 valid=1 mode=tracking state=TRACKING evaluated=831 execution_us=30736 reason=tracking_pose_accepted
x=1.45 y=0.249998 yaw=-20.0011 score=1 valid=1 mode=tracking state=TRACKING evaluated=831 execution_us=32483 reason=tracking_pose_accepted
x=1.45 y=0.249998 yaw=-20.5955 score=1 valid=1 mode=tracking state=TRACKING evaluated=807 execution_us=31783 reason=tracking_pose_accepted
x=1.45 y=0.249998 yaw=-21.1898 score=1 valid=1 mode=tracking state=TRACKING evaluated=807 execution_us=29591 reason=tracking_pose_accepted
x=1.8 y=0.0999984 yaw=-21.7842 score=1 valid=1 mode=tracking state=TRACKING evaluated=807 execution_us=28874 reason=tracking_pose_accepted
x=1.45 y=0.249998 yaw=-22.3087 score=0.998548 valid=1 mode=tracking state=TRACKING evaluated=807 execution_us=29453 reason=tracking_pose_accepted
x=1.8 y=0.0999984 yaw=-22.903 score=1 valid=1 mode=tracking state=TRACKING evaluated=831 execution_us=29517 reason=tracking_pose_accepted
x=1.65 y=0.0999984 yaw=-23.4974 score=1 valid=1 mode=tracking state=TRACKING evaluated=789 execution_us=29897 reason=tracking_pose_accepted
x=1.4 y=0.249998 yaw=-23.3936 score=1 valid=1 mode=tracking state=TRACKING evaluated=807 execution_us=32735 reason=tracking_pose_accepted
x=1.4 y=0.299998 yaw=-23.9879 score=1 valid=1 mode=tracking state=TRACKING evaluated=807 execution_us=32857 reason=tracking_pose_accepted
x=1.75 y=0.149998 yaw=-24.5823 score=1 valid=1 mode=tracking state=TRACKING evaluated=807 execution_us=32436 reason=tracking_pose_accepted
x=1.4 y=0.299998 yaw=-25.1766 score=1 valid=1 mode=tracking state=TRACKING evaluated=789 execution_us=29946 reason=tracking_pose_accepted
x=1.75 y=0.149998 yaw=-25.7186 score=0.998231 valid=1 mode=tracking state=TRACKING evaluated=807 execution_us=29695 reason=tracking_pose_accepted
x=1.7 y=0.149998 yaw=-25.6148 score=0.997948 valid=1 mode=tracking state=TRACKING evaluated=807 execution_us=23755 reason=tracking_pose_accepted
x=1.75 y=0.149998 yaw=-25.511 score=0.996964 valid=1 mode=tracking state=TRACKING evaluated=831 execution_us=29385 reason=tracking_pose_accepted
x=1.45 y=0.249998 yaw=-26.1054 score=0.99921 valid=1 mode=tracking state=TRACKING evaluated=831 execution_us=28937 reason=tracking_pose_accepted
x=1.45 y=0.249998 yaw=-26.6997 score=1 valid=1 mode=tracking state=TRACKING evaluated=807 execution_us=29932 reason=tracking_pose_accepted
x=1.45 y=0.249998 yaw=-27.2941 score=1 valid=1 mode=tracking state=TRACKING evaluated=807 execution_us=34274 reason=tracking_pose_accepted
x=1.8 y=0.0999982 yaw=-27.8884 score=1 valid=1 mode=tracking state=TRACKING evaluated=807 execution_us=29701 reason=tracking_pose_accepted
x=1.65 y=0.0999982 yaw=-28.4828 score=0.994819 valid=1 mode=tracking state=TRACKING evaluated=807 execution_us=38810 reason=tracking_pose_accepted
x=1.8 y=0.0999982 yaw=-28.379 score=1 valid=1 mode=tracking state=TRACKING evaluated=831 execution_us=29533 reason=tracking_pose_accepted
x=1.65 y=0.0999982 yaw=-28.9733 score=1 valid=1 mode=tracking state=TRACKING evaluated=831 execution_us=29155 reason=tracking_pose_accepted
x=1.7 y=0.0999982 yaw=-29.3582 score=0.985535 valid=1 mode=tracking state=TRACKING evaluated=831 execution_us=28900 reason=tracking_pose_accepted
x=1.75 y=0.149998 yaw=-29.9526 score=0.9943 valid=1 mode=tracking state=TRACKING evaluated=831 execution_us=28909 reason=tracking_pose_accepted
x=1.4 y=0.299998 yaw=-30.5469 score=1 valid=1 mode=tracking state=TRACKING evaluated=807 execution_us=28748 reason=tracking_pose_accepted
x=1.75 y=0.149998 yaw=-31.1413 score=0.999283 valid=1 mode=tracking state=TRACKING evaluated=807 execution_us=32844 reason=tracking_pose_accepted
x=1.7 y=0.149998 yaw=-31.0375 score=0.990651 valid=1 mode=tracking state=TRACKING evaluated=831 execution_us=31727 reason=tracking_pose_accepted
x=1.7 y=0.149998 yaw=-31.6318 score=1 valid=1 mode=tracking state=TRACKING evaluated=831 execution_us=30121 reason=tracking_pose_accepted
x=1.5 y=0.199998 yaw=-32.2262 score=1 valid=1 mode=tracking state=TRACKING evaluated=831 execution_us=34828 reason=tracking_pose_accepted
x=1.45 y=0.249998 yaw=-32.8205 score=1 valid=1 mode=tracking state=TRACKING evaluated=831 execution_us=35724 reason=tracking_pose_accepted
x=1.45 y=0.249998 yaw=-33.4149 score=1 valid=1 mode=tracking state=TRACKING evaluated=831 execution_us=37793 reason=tracking_pose_accepted
x=1.8 y=0.099998 yaw=-34.0092 score=1 valid=1 mode=tracking state=TRACKING evaluated=831 execution_us=29944 reason=tracking_pose_accepted
x=1.45 y=0.249998 yaw=-34.5861 score=0.991159 valid=1 mode=tracking state=TRACKING evaluated=789 execution_us=27374 reason=tracking_pose_accepted
x=1.65 y=0.099998 yaw=-35.1805 score=1 valid=1 mode=tracking state=TRACKING evaluated=807 execution_us=27216 reason=tracking_pose_accepted
x=1.75 y=0.0999979 yaw=-35.7224 score=0.997371 valid=1 mode=tracking state=TRACKING evaluated=831 execution_us=28863 reason=tracking_pose_accepted
x=1.4 y=0.249998 yaw=-36.247 score=0.983333 valid=1 mode=tracking state=TRACKING evaluated=831 execution_us=29260 reason=tracking_pose_accepted
x=1.75 y=0.149998 yaw=-36.8413 score=0.998775 valid=1 mode=tracking state=TRACKING evaluated=831 execution_us=34400 reason=tracking_pose_accepted
x=1.4 y=0.449998 yaw=-37.0168 score=1 valid=1 mode=tracking state=TRACKING evaluated=831 execution_us=33829 reason=tracking_pose_accepted
x=1.7 y=0.149998 yaw=-37.6111 score=0.99675 valid=1 mode=tracking state=TRACKING evaluated=831 execution_us=33927 reason=tracking_pose_accepted
x=1.7 y=0.149998 yaw=-38.2055 score=1 valid=1 mode=tracking state=TRACKING evaluated=831 execution_us=35240 reason=tracking_pose_accepted
x=1.45 y=0.249998 yaw=-38.7998 score=1 valid=1 mode=tracking state=TRACKING evaluated=831 execution_us=34846 reason=tracking_pose_accepted
x=1.45 y=0.249998 yaw=-39.3942 score=1 valid=1 mode=tracking state=TRACKING evaluated=807 execution_us=30282 reason=tracking_pose_accepted
x=1.8 y=0.0999978 yaw=-39.9885 score=1 valid=1 mode=tracking state=TRACKING evaluated=807 execution_us=31250 reason=tracking_pose_accepted
x=1.45 y=0.249998 yaw=-40.5654 score=0.995882 valid=1 mode=tracking state=TRACKING evaluated=831 execution_us=31926 reason=tracking_pose_accepted
x=1.8 y=0.0999978 yaw=-41.0725 score=1 valid=1 mode=tracking state=TRACKING evaluated=831 execution_us=31209 reason=tracking_pose_accepted
x=1.65 y=0.0999978 yaw=-41.597 score=0.994709 valid=1 mode=tracking state=TRACKING evaluated=807 execution_us=31310 reason=tracking_pose_accepted
x=1.65 y=0.0999978 yaw=-41.4932 score=1 valid=1 mode=tracking state=TRACKING evaluated=807 execution_us=33861 reason=tracking_pose_accepted
x=1.4 y=0.249998 yaw=-41.948 score=0.985222 valid=1 mode=tracking state=TRACKING evaluated=807 execution_us=37316 reason=tracking_pose_accepted
x=1.4 y=0.299998 yaw=-42.5423 score=1 valid=1 mode=tracking state=TRACKING evaluated=807 execution_us=36906 reason=tracking_pose_accepted
x=1.75 y=0.149998 yaw=-43.1366 score=0.998092 valid=1 mode=tracking state=TRACKING evaluated=807 execution_us=35314 reason=tracking_pose_accepted
x=1.7 y=0.149998 yaw=-43.5914 score=0.994018 valid=1 mode=tracking state=TRACKING evaluated=807 execution_us=35170 reason=tracking_pose_accepted
x=1.7 y=0.149998 yaw=-44.1857 score=0.997611 valid=1 mode=tracking state=TRACKING evaluated=807 execution_us=38265 reason=tracking_pose_accepted
x=1.45 y=0.249998 yaw=-44.7801 score=1 valid=1 mode=tracking state=TRACKING evaluated=807 execution_us=43205 reason=tracking_pose_accepted
x=1.45 y=0.249998 yaw=-45.3744 score=1 valid=1 mode=tracking state=TRACKING evaluated=831 execution_us=35044 reason=tracking_pose_accepted
x=1.45 y=0.249998 yaw=-45.9687 score=1 valid=1 mode=tracking state=TRACKING evaluated=831 execution_us=35244 reason=tracking_pose_accepted
x=1.45 y=0.249998 yaw=-46.5107 score=0.997238 valid=1 mode=tracking state=TRACKING evaluated=831 execution_us=36909 reason=tracking_pose_accepted
x=1.8 y=0.0999977 yaw=-47.1051 score=1 valid=1 mode=tracking state=TRACKING evaluated=831 execution_us=36354 reason=tracking_pose_accepted
x=1.74999 y=0.0999977 yaw=-47.6645 score=0.991966 valid=1 mode=tracking state=TRACKING evaluated=789 execution_us=35823 reason=tracking_pose_accepted
x=1.69999 y=0.0999976 yaw=-48.2065 score=0.991377 valid=1 mode=tracking state=TRACKING evaluated=789 execution_us=27066 reason=tracking_pose_accepted
x=1.74999 y=0.149998 yaw=-48.6612 score=0.986333 valid=1 mode=tracking state=TRACKING evaluated=807 execution_us=29199 reason=tracking_pose_accepted
x=1.39999 y=0.449998 yaw=-49.1159 score=1 valid=1 mode=tracking state=TRACKING evaluated=831 execution_us=31972 reason=tracking_pose_accepted
x=1.74999 y=0.149998 yaw=-49.7103 score=0.998847 valid=1 mode=tracking state=TRACKING evaluated=831 execution_us=30468 reason=tracking_pose_accepted
x=1.69999 y=0.149998 yaw=-49.8858 score=0.992076 valid=1 mode=tracking state=TRACKING evaluated=789 execution_us=28504 reason=tracking_pose_accepted
x=1.69999 y=0.149998 yaw=-50.4801 score=0.997599 valid=1 mode=tracking state=TRACKING evaluated=807 execution_us=29533 reason=tracking_pose_accepted
x=1.69999 y=0.149998 yaw=-51.0744 score=1 valid=1 mode=tracking state=TRACKING evaluated=807 execution_us=36467 reason=tracking_pose_accepted
x=1.44999 y=0.499998 yaw=-51.5117 score=0.99946 valid=1 mode=tracking state=TRACKING evaluated=807 execution_us=39420 reason=tracking_pose_accepted
x=1.79999 y=0.0999976 yaw=-52.1061 score=0.990291 valid=1 mode=tracking state=TRACKING evaluated=831 execution_us=38040 reason=tracking_pose_accepted
x=1.44999 y=0.249998 yaw=-52.7004 score=0.999448 valid=1 mode=tracking state=TRACKING evaluated=831 execution_us=39263 reason=tracking_pose_accepted
x=1.79999 y=0.0999976 yaw=-53.2948 score=1 valid=1 mode=tracking state=TRACKING evaluated=831 execution_us=39403 reason=tracking_pose_accepted
x=1.74999 y=0.0999975 yaw=-53.8891 score=0.990698 valid=1 mode=tracking state=TRACKING evaluated=807 execution_us=32657 reason=tracking_pose_accepted
x=1.39999 y=0.249997 yaw=-54.4834 score=0.985507 valid=1 mode=tracking state=TRACKING evaluated=807 execution_us=31742 reason=tracking_pose_accepted
x=1.39999 y=0.299997 yaw=-55.0778 score=1 valid=1 mode=tracking state=TRACKING evaluated=807 execution_us=31958 reason=tracking_pose_accepted
x=1.74999 y=0.149997 yaw=-55.6721 score=1 valid=1 mode=tracking state=TRACKING evaluated=807 execution_us=31053 reason=tracking_pose_accepted
x=1.39999 y=0.449997 yaw=-55.9698 score=1 valid=1 mode=tracking state=TRACKING evaluated=807 execution_us=31534 reason=tracking_pose_accepted
x=1.69999 y=0.149997 yaw=-56.5641 score=0.996097 valid=1 mode=tracking state=TRACKING evaluated=831 execution_us=33271 reason=tracking_pose_accepted
x=1.44999 y=0.249997 yaw=-57.1585 score=1 valid=1 mode=tracking state=TRACKING evaluated=831 execution_us=37981 reason=tracking_pose_accepted
x=1.44999 y=0.249997 yaw=-57.7528 score=0.999491 valid=1 mode=tracking state=TRACKING evaluated=807 execution_us=39258 reason=tracking_pose_accepted
x=1.44999 y=0.249997 yaw=-58.3472 score=1 valid=1 mode=tracking state=TRACKING evaluated=807 execution_us=37919 reason=tracking_pose_accepted
x=1.79999 y=0.0999974 yaw=-58.9415 score=1 valid=1 mode=tracking state=TRACKING evaluated=807 execution_us=36341 reason=tracking_pose_accepted
x=1.44999 y=0.249997 yaw=-59.4835 score=0.993363 valid=1 mode=tracking state=TRACKING evaluated=831 execution_us=36028 reason=tracking_pose_accepted
x=1.64999 y=0.0999973 yaw=-60.0778 score=1 valid=1 mode=tracking state=TRACKING evaluated=831 execution_us=30870 reason=tracking_pose_accepted
x=1.64999 y=0.0999973 yaw=-59.974 score=1 valid=1 mode=tracking state=TRACKING evaluated=807 execution_us=31705 reason=tracking_pose_accepted
x=1.64999 y=0.0999973 yaw=-59.8703 score=1 valid=1 mode=tracking state=TRACKING evaluated=807 execution_us=31675 reason=tracking_pose_accepted
x=1.79999 y=0.0999973 yaw=-59.9061 score=1 valid=1 mode=tracking state=TRACKING evaluated=807 execution_us=31866 reason=tracking_pose_accepted
x=1.69999 y=0.0999973 yaw=-60.483 score=0.992928 valid=1 mode=tracking state=TRACKING evaluated=807 execution_us=31599 reason=tracking_pose_accepted
x=1.69999 y=0.0999973 yaw=-61.0599 score=0.996034 valid=1 mode=tracking state=TRACKING evaluated=807 execution_us=31348 reason=tracking_pose_accepted
x=1.74999 y=0.149997 yaw=-61.6542 score=1 valid=1 mode=tracking state=TRACKING evaluated=807 execution_us=36255 reason=tracking_pose_accepted
x=1.39999 y=0.299997 yaw=-62.1962 score=1 valid=1 mode=tracking state=TRACKING evaluated=831 execution_us=35668 reason=tracking_pose_accepted
x=1.69999 y=0.149997 yaw=-62.7906 score=0.998693 valid=1 mode=tracking state=TRACKING evaluated=831 execution_us=35801 reason=tracking_pose_accepted
x=1.44999 y=0.249997 yaw=-63.3849 score=1 valid=1 mode=tracking state=TRACKING evaluated=807 execution_us=35585 reason=tracking_pose_accepted
x=1.44999 y=0.249997 yaw=-63.9793 score=1 valid=1 mode=tracking state=TRACKING evaluated=831 execution_us=36254 reason=tracking_pose_accepted
x=1.44999 y=0.249997 yaw=-64.5736 score=1 valid=1 mode=tracking state=TRACKING evaluated=831 execution_us=34011 reason=tracking_pose_accepted
x=1.79999 y=0.0999972 yaw=-65.168 score=1 valid=1 mode=tracking state=TRACKING evaluated=831 execution_us=32470 reason=tracking_pose_accepted
x=1.44999 y=0.249997 yaw=-65.7448 score=0.99805 valid=1 mode=tracking state=TRACKING evaluated=789 execution_us=31892 reason=tracking_pose_accepted
x=1.79999 y=0.0999971 yaw=-66.3392 score=1 valid=1 mode=tracking state=TRACKING evaluated=807 execution_us=34174 reason=tracking_pose_accepted
x=1.74999 y=0.0999971 yaw=-66.9161 score=0.991792 valid=1 mode=tracking state=TRACKING evaluated=807 execution_us=31976 reason=tracking_pose_accepted
x=1.74999 y=0.0999971 yaw=-67.0915 score=0.995711 valid=1 mode=tracking state=TRACKING evaluated=807 execution_us=34682 reason=tracking_pose_accepted
x=1.39999 y=0.249997 yaw=-67.6859 score=1 valid=1 mode=tracking state=TRACKING evaluated=831 execution_us=27391 reason=tracking_pose_accepted
x=1.74999 y=0.149997 yaw=-68.2802 score=0.99935 valid=1 mode=tracking state=TRACKING evaluated=831 execution_us=26794 reason=tracking_pose_accepted
x=1.69999 y=0.149997 yaw=-68.8746 score=0.99326 valid=1 mode=tracking state=TRACKING evaluated=807 execution_us=28062 reason=tracking_pose_accepted
x=1.44999 y=0.249997 yaw=-69.4689 score=0.999371 valid=1 mode=tracking state=TRACKING evaluated=831 execution_us=28751 reason=tracking_pose_accepted
x=1.44999 y=0.249997 yaw=-70.0633 score=1 valid=1 mode=tracking state=TRACKING evaluated=807 execution_us=27763 reason=tracking_pose_accepted
x=1.44999 y=0.249997 yaw=-70.6576 score=1 valid=1 mode=tracking state=TRACKING evaluated=807 execution_us=35635 reason=tracking_pose_accepted
x=1.44999 y=0.249997 yaw=-71.252 score=1 valid=1 mode=tracking state=TRACKING evaluated=807 execution_us=35822 reason=tracking_pose_accepted
x=1.79999 y=0.099997 yaw=-71.8463 score=1 valid=1 mode=tracking state=TRACKING evaluated=807 execution_us=34259 reason=tracking_pose_accepted
x=1.44999 y=0.199997 yaw=-72.3883 score=0.994994 valid=1 mode=tracking state=TRACKING evaluated=807 execution_us=36457 reason=tracking_pose_accepted
x=1.64999 y=0.099997 yaw=-72.9826 score=1 valid=1 mode=tracking state=TRACKING evaluated=831 execution_us=35412 reason=tracking_pose_accepted
x=1.39999 y=0.249997 yaw=-73.2454 score=0.995192 valid=1 mode=tracking state=TRACKING evaluated=831 execution_us=38784 reason=tracking_pose_accepted
x=1.39999 y=0.299997 yaw=-73.8397 score=1 valid=1 mode=tracking state=TRACKING evaluated=831 execution_us=30848 reason=tracking_pose_accepted
x=1.74999 y=0.149997 yaw=-74.434 score=0.999364 valid=1 mode=tracking state=TRACKING evaluated=831 execution_us=29221 reason=tracking_pose_accepted
x=1.39999 y=0.299997 yaw=-74.7317 score=0.989362 valid=1 mode=tracking state=TRACKING evaluated=831 execution_us=30288 reason=tracking_pose_accepted
x=1.74999 y=0.149997 yaw=-75.2911 score=0.9974 valid=1 mode=tracking state=TRACKING evaluated=831 execution_us=27586 reason=tracking_pose_accepted
x=1.69999 y=0.149997 yaw=-75.1873 score=0.995072 valid=1 mode=tracking state=TRACKING evaluated=807 execution_us=30149 reason=tracking_pose_accepted
x=1.44999 y=0.249997 yaw=-75.7817 score=1 valid=1 mode=tracking state=TRACKING evaluated=807 execution_us=35067 reason=tracking_pose_accepted
x=1.44999 y=0.249997 yaw=-76.376 score=1 valid=1 mode=tracking state=TRACKING evaluated=831 execution_us=35235 reason=tracking_pose_accepted
x=1.44999 y=0.249997 yaw=-76.9704 score=1 valid=1 mode=tracking state=TRACKING evaluated=831 execution_us=35151 reason=tracking_pose_accepted
x=1.79999 y=0.0999968 yaw=-77.5647 score=1 valid=1 mode=tracking state=TRACKING evaluated=831 execution_us=33459 reason=tracking_pose_accepted
x=1.44999 y=0.249997 yaw=-78.1591 score=0.999354 valid=1 mode=tracking state=TRACKING evaluated=807 execution_us=33580 reason=tracking_pose_accepted
x=1.79999 y=0.0999968 yaw=-78.7534 score=1 valid=1 mode=tracking state=TRACKING evaluated=807 execution_us=34869 reason=tracking_pose_accepted
x=1.64999 y=0.0999968 yaw=-79.3477 score=1 valid=1 mode=tracking state=TRACKING evaluated=831 execution_us=37154 reason=tracking_pose_accepted
x=1.39999 y=0.249997 yaw=-79.3661 score=1 valid=1 mode=tracking state=TRACKING evaluated=831 execution_us=33061 reason=tracking_pose_accepted
x=1.39999 y=0.299997 yaw=-79.9605 score=1 valid=1 mode=tracking state=TRACKING evaluated=831 execution_us=31736 reason=tracking_pose_accepted
x=1.74999 y=0.149997 yaw=-80.5548 score=1 valid=1 mode=tracking state=TRACKING evaluated=831 execution_us=35297 reason=tracking_pose_accepted
x=1.39999 y=0.299997 yaw=-81.0095 score=0.989011 valid=1 mode=tracking state=TRACKING evaluated=831 execution_us=35313 reason=tracking_pose_accepted
x=1.74999 y=0.149997 yaw=-81.5341 score=0.997483 valid=1 mode=tracking state=TRACKING evaluated=831 execution_us=36329 reason=tracking_pose_accepted
x=1.69999 y=0.149997 yaw=-81.4303 score=0.993225 valid=1 mode=tracking state=TRACKING evaluated=807 execution_us=36074 reason=tracking_pose_accepted
x=1.69999 y=0.149997 yaw=-81.7454 score=0.998061 valid=1 mode=tracking state=TRACKING evaluated=807 execution_us=35955 reason=tracking_pose_accepted
x=1.69999 y=0.149997 yaw=-82.3397 score=0.999406 valid=1 mode=tracking state=TRACKING evaluated=831 execution_us=34988 reason=tracking_pose_accepted
x=1.44999 y=0.249997 yaw=-82.9341 score=1 valid=1 mode=tracking state=TRACKING evaluated=831 execution_us=33215 reason=tracking_pose_accepted
x=1.44999 y=0.249997 yaw=-83.5284 score=1 valid=1 mode=tracking state=TRACKING evaluated=807 execution_us=33256 reason=tracking_pose_accepted
x=1.79999 y=0.0999965 yaw=-84.1228 score=1 valid=1 mode=tracking state=TRACKING evaluated=807 execution_us=32853 reason=tracking_pose_accepted
x=1.44999 y=0.249997 yaw=-84.7171 score=0.996343 valid=1 mode=tracking state=TRACKING evaluated=807 execution_us=33455 reason=tracking_pose_accepted
x=1.79999 y=0.0999965 yaw=-85.3114 score=1 valid=1 mode=tracking state=TRACKING evaluated=831 execution_us=41361 reason=tracking_pose_accepted
x=1.74999 y=0.0999965 yaw=-85.8709 score=0.988423 valid=1 mode=tracking state=TRACKING evaluated=789 execution_us=36497 reason=tracking_pose_accepted
x=1.39999 y=0.249996 yaw=-86.4652 score=0.978495 valid=1 mode=tracking state=TRACKING evaluated=789 execution_us=38000 reason=tracking_pose_accepted
x=1.74999 y=0.149996 yaw=-87.0596 score=0.999394 valid=1 mode=tracking state=TRACKING evaluated=807 execution_us=27878 reason=tracking_pose_accepted
x=1.39999 y=0.299996 yaw=-87.3747 score=0.994845 valid=1 mode=tracking state=TRACKING evaluated=789 execution_us=27340 reason=tracking_pose_accepted
x=1.44999 y=0.249996 yaw=-87.969 score=0.99484 valid=1 mode=tracking state=TRACKING evaluated=807 execution_us=31586 reason=tracking_pose_accepted
x=1.44999 y=0.249996 yaw=-88.5634 score=1 valid=1 mode=tracking state=TRACKING evaluated=831 execution_us=33191 reason=tracking_pose_accepted
x=1.44999 y=0.249996 yaw=-89.1577 score=1 valid=1 mode=tracking state=TRACKING evaluated=831 execution_us=37871 reason=tracking_pose_accepted
x=1.44999 y=0.249996 yaw=-89.752 score=1 valid=1 mode=tracking state=TRACKING evaluated=831 execution_us=35791 reason=tracking_pose_accepted
x=1.79999 y=0.0999964 yaw=-90.3464 score=1 valid=1 mode=tracking state=TRACKING evaluated=831 execution_us=36318 reason=tracking_pose_accepted
x=1.44999 y=0.249996 yaw=-90.9407 score=0.995247 valid=1 mode=tracking state=TRACKING evaluated=789 execution_us=35623 reason=tracking_pose_accepted
x=1.64999 y=0.0999963 yaw=-91.5351 score=1 valid=1 mode=tracking state=TRACKING evaluated=807 execution_us=41962 reason=tracking_pose_accepted
x=1.39999 y=0.249996 yaw=-91.4313 score=0.990991 valid=1 mode=tracking state=TRACKING evaluated=831 execution_us=33286 reason=tracking_pose_accepted
x=1.39999 y=0.299996 yaw=-92.0082 score=1 valid=1 mode=tracking state=TRACKING evaluated=831 execution_us=29841 reason=tracking_pose_accepted
x=1.74999 y=0.149996 yaw=-92.6025 score=0.981978 valid=1 mode=tracking state=TRACKING evaluated=831 execution_us=33056 reason=tracking_pose_accepted
x=1.39999 y=0.449996 yaw=-93.0573 score=1 valid=1 mode=tracking state=TRACKING evaluated=831 execution_us=34497 reason=tracking_pose_accepted
x=1.74999 y=0.149996 yaw=-93.5992 score=0.996877 valid=1 mode=tracking state=TRACKING evaluated=831 execution_us=33726 reason=tracking_pose_accepted
x=1.39999 y=0.299996 yaw=-93.4256 score=0.99115 valid=1 mode=tracking state=TRACKING evaluated=789 execution_us=40038 reason=tracking_pose_accepted
x=1.74999 y=0.149996 yaw=-93.9851 score=0.994885 valid=1 mode=tracking state=TRACKING evaluated=807 execution_us=37357 reason=tracking_pose_accepted
x=1.39999 y=0.449996 yaw=-93.8289 score=0.991453 valid=1 mode=tracking state=TRACKING evaluated=789 execution_us=40874 reason=tracking_pose_accepted
x=1.69999 y=0.149996 yaw=-94.4232 score=1 valid=1 mode=tracking state=TRACKING evaluated=831 execution_us=35874 reason=tracking_pose_accepted
x=1.44999 y=0.249996 yaw=-95.0176 score=1 valid=1 mode=tracking state=TRACKING evaluated=831 execution_us=39137 reason=tracking_pose_accepted
x=1.44999 y=0.249996 yaw=-95.6119 score=1 valid=1 mode=tracking state=TRACKING evaluated=807 execution_us=34860 reason=tracking_pose_accepted
x=1.44999 y=0.249996 yaw=-96.2063 score=1 valid=1 mode=tracking state=TRACKING evaluated=807 execution_us=34630 reason=tracking_pose_accepted
x=1.44999 y=0.249996 yaw=-96.6436 score=0.999506 valid=1 mode=tracking state=TRACKING evaluated=807 execution_us=36103 reason=tracking_pose_accepted
x=1.39999 y=0.749996 yaw=-97.2204 score=0.521108 valid=0 mode=tracking state=DEGRADED evaluated=807 execution_us=35949 reason=tracking_score_below_threshold
x=1.34999 y=1.4 yaw=-96.7841 score=0.255449 valid=0 mode=tracking state=DEGRADED evaluated=807 execution_us=53431 reason=tracking_score_below_threshold
x=2.19999 y=1.55 yaw=-96.3303 score=0.293059 valid=0 mode=tracking state=LOST evaluated=807 execution_us=54811 reason=rejection_limit_reached
x=2.95 y=1.45 yaw=-0.0654502 score=0.955654 valid=1 mode=global state=RECOVERED evaluated=15444 execution_us=904372 reason=global_relocalization_accepted
x=2.95 y=1.45 yaw=-0.0663844 score=0.991876 valid=1 mode=tracking state=RECOVERED evaluated=807 execution_us=48704 reason=recovery_confirmation_pending
x=2.95 y=1.45 yaw=-0.0673186 score=0.990246 valid=1 mode=tracking state=RECOVERED evaluated=807 execution_us=59334 reason=recovery_confirmation_pending
x=2.95 y=1.45 yaw=-0.0682528 score=0.992779 valid=1 mode=tracking state=TRACKING evaluated=807 execution_us=58966 reason=recovery_confirmed
x=2.95 y=1.45 yaw=-0.0691869 score=0.993363 valid=1 mode=tracking state=TRACKING evaluated=807 execution_us=58974 reason=tracking_pose_accepted
x=2.95 y=1.45 yaw=-0.0701211 score=0.987245 valid=1 mode=tracking state=TRACKING evaluated=807 execution_us=59841 reason=tracking_pose_accepted
x=2.95 y=1.45 yaw=-0.053602 score=0.987513 valid=1 mode=tracking state=TRACKING evaluated=807 execution_us=59502 reason=tracking_pose_accepted
x=2.95 y=1.45 yaw=-0.0545362 score=0.987845 valid=1 mode=tracking state=TRACKING evaluated=807 execution_us=66070 reason=tracking_pose_accepted
x=2.95 y=1.45 yaw=-0.0554704 score=0.987212 valid=1 mode=tracking state=TRACKING evaluated=807 execution_us=51839 reason=tracking_pose_accepted
x=2.95 y=1.45 yaw=-0.0564046 score=0.988688 valid=1 mode=tracking state=TRACKING evaluated=807 execution_us=52495 reason=tracking_pose_accepted
x=2.95 y=1.45 yaw=-0.0573387 score=0.990096 valid=1 mode=tracking state=TRACKING evaluated=807 execution_us=53457 reason=tracking_pose_accepted
x=2.95 y=1.45 yaw=-0.0582729 score=0.990973 valid=1 mode=tracking state=TRACKING evaluated=807 execution_us=52864 reason=tracking_pose_accepted
x=2.95 y=1.45 yaw=-0.0592071 score=0.990096 valid=1 mode=tracking state=TRACKING evaluated=807 execution_us=53466 reason=tracking_pose_accepted
x=2.95 y=1.45 yaw=-0.0601413 score=0.990973 valid=1 mode=tracking state=TRACKING evaluated=807 execution_us=60666 reason=tracking_pose_accepted
x=2.95 y=1.45 yaw=-0.0610755 score=0.988688 valid=1 mode=tracking state=TRACKING evaluated=807 execution_us=60444 reason=tracking_pose_accepted
x=2.95 y=1.45 yaw=-0.0620096 score=0.99095 valid=1 mode=tracking state=TRACKING evaluated=807 execution_us=57175 reason=tracking_pose_accepted
x=2.95 y=1.45 yaw=-0.0629438 score=0.990347 valid=1 mode=tracking state=TRACKING evaluated=807 execution_us=57772 reason=tracking_pose_accepted
x=2.95 y=1.45 yaw=-0.063878 score=0.991297 valid=1 mode=tracking state=TRACKING evaluated=807 execution_us=57257 reason=tracking_pose_accepted
x=2.95 y=1.45 yaw=-0.0648122 score=0.991297 valid=1 mode=tracking state=TRACKING evaluated=807 execution_us=57958 reason=tracking_pose_accepted
x=2.95 y=1.45 yaw=-0.0657464 score=0.992197 valid=1 mode=tracking state=TRACKING evaluated=807 execution_us=54951 reason=tracking_pose_accepted
x=2.95 y=1.45 yaw=-0.0666806 score=0.991876 valid=1 mode=tracking state=TRACKING evaluated=807 execution_us=54876 reason=tracking_pose_accepted
x=2.95 y=1.45 yaw=-0.0676147 score=0.994268 valid=1 mode=tracking state=TRACKING evaluated=807 execution_us=54014 reason=tracking_pose_accepted
x=2.95 y=1.45 yaw=-0.0685489 score=0.991403 valid=1 mode=tracking state=TRACKING evaluated=807 execution_us=55464 reason=tracking_pose_accepted
x=2.95 y=1.45 yaw=-0.0694831 score=0.988839 valid=1 mode=tracking state=TRACKING evaluated=807 execution_us=55984 reason=tracking_pose_accepted
x=2.95 y=1.45 yaw=-0.0704173 score=0.988839 valid=1 mode=tracking state=TRACKING evaluated=807 execution_us=56553 reason=tracking_pose_accepted
x=2.95 y=1.45 yaw=-0.0538982 score=0.987513 valid=1 mode=tracking state=TRACKING evaluated=807 execution_us=59782 reason=tracking_pose_accepted
x=2.95 y=1.45 yaw=-0.0548324 score=0.987545 valid=1 mode=tracking state=TRACKING evaluated=807 execution_us=60587 reason=tracking_pose_accepted
x=2.95 y=1.45 yaw=-0.0557666 score=0.988115 valid=1 mode=tracking state=TRACKING evaluated=807 execution_us=60875 reason=tracking_pose_accepted
x=2.95 y=1.45 yaw=-0.0567007 score=0.990696 valid=1 mode=tracking state=TRACKING evaluated=807 execution_us=61028 reason=tracking_pose_accepted
x=2.95 y=1.45 yaw=-0.0576349 score=0.99095 valid=1 mode=tracking state=TRACKING evaluated=807 execution_us=61790 reason=tracking_pose_accepted
x=2.95 y=1.45 yaw=-0.0585691 score=0.99095 valid=1 mode=tracking state=TRACKING evaluated=807 execution_us=57909 reason=tracking_pose_accepted
x=2.95 y=1.45 yaw=-0.0595033 score=0.990696 valid=1 mode=tracking state=TRACKING evaluated=807 execution_us=58347 reason=tracking_pose_accepted
x=2.95 y=1.45 yaw=-0.0604375 score=0.991575 valid=1 mode=tracking state=TRACKING evaluated=807 execution_us=58616 reason=tracking_pose_accepted
x=2.95 y=1.45 yaw=-0.0613716 score=0.990396 valid=1 mode=tracking state=TRACKING evaluated=807 execution_us=58614 reason=tracking_pose_accepted
x=2.95 y=1.45 yaw=-0.0623058 score=0.991597 valid=1 mode=tracking state=TRACKING evaluated=807 execution_us=58784 reason=tracking_pose_accepted
x=2.95 y=1.45 yaw=-0.06324 score=0.991575 valid=1 mode=tracking state=TRACKING evaluated=807 execution_us=59460 reason=tracking_pose_accepted
x=2.95 y=1.45 yaw=-0.0641742 score=0.990996 valid=1 mode=tracking state=TRACKING evaluated=807 execution_us=65814 reason=tracking_pose_accepted
x=2.95 y=1.45 yaw=-0.0651084 score=0.992497 valid=1 mode=tracking state=TRACKING evaluated=807 execution_us=52432 reason=tracking_pose_accepted
x=2.95 y=1.45 yaw=-0.0660426 score=0.99308 valid=1 mode=tracking state=TRACKING evaluated=807 execution_us=52692 reason=tracking_pose_accepted
x=2.95 y=1.45 yaw=-0.0669767 score=0.991101 valid=1 mode=tracking state=TRACKING evaluated=807 execution_us=52596 reason=tracking_pose_accepted
x=2.95 y=1.45 yaw=-0.0679109 score=0.993062 valid=1 mode=tracking state=TRACKING evaluated=807 execution_us=53526 reason=tracking_pose_accepted
x=2.95 y=1.45 yaw=-0.0688451 score=0.990546 valid=1 mode=tracking state=TRACKING evaluated=807 execution_us=53099 reason=tracking_pose_accepted
x=2.95 y=1.45 yaw=-0.0697793 score=0.987395 valid=1 mode=tracking state=TRACKING evaluated=807 execution_us=60031 reason=tracking_pose_accepted
x=2.95 y=1.45 yaw=-0.0532602 score=0.987245 valid=1 mode=tracking state=TRACKING evaluated=807 execution_us=60681 reason=tracking_pose_accepted
x=2.95 y=1.45 yaw=-0.0541943 score=0.987513 valid=1 mode=tracking state=TRACKING evaluated=807 execution_us=60277 reason=tracking_pose_accepted
x=2.95 y=1.45 yaw=-0.0551285 score=0.985483 valid=1 mode=tracking state=TRACKING evaluated=807 execution_us=60785 reason=tracking_pose_accepted
x=2.95 y=1.45 yaw=-0.0560627 score=0.990347 valid=1 mode=tracking state=TRACKING evaluated=807 execution_us=58154 reason=tracking_pose_accepted
x=2.95 y=1.45 yaw=-0.0569969 score=0.989196 valid=1 mode=tracking state=TRACKING evaluated=807 execution_us=57570 reason=tracking_pose_accepted
x=2.95 y=1.45 yaw=-0.0579311 score=0.988746 valid=1 mode=tracking state=TRACKING evaluated=807 execution_us=55127 reason=tracking_pose_accepted
x=2.95 y=1.45 yaw=-0.0588653 score=0.990696 valid=1 mode=tracking state=TRACKING evaluated=807 execution_us=54618 reason=tracking_pose_accepted
x=2.95 y=1.45 yaw=-0.0597994 score=0.990996 valid=1 mode=tracking state=TRACKING evaluated=807 execution_us=54925 reason=tracking_pose_accepted
x=2.95 y=1.45 yaw=-0.0607336 score=0.99095 valid=1 mode=tracking state=TRACKING evaluated=807 execution_us=55191 reason=tracking_pose_accepted
x=2.95 y=1.45 yaw=-0.0616678 score=0.990996 valid=1 mode=tracking state=TRACKING evaluated=807 execution_us=55012 reason=tracking_pose_accepted
x=2.95 y=1.45 yaw=-0.062602 score=0.990696 valid=1 mode=tracking state=TRACKING evaluated=807 execution_us=61970 reason=tracking_pose_accepted
x=2.95 y=1.45 yaw=-0.0635362 score=0.99095 valid=1 mode=tracking state=TRACKING evaluated=807 execution_us=59101 reason=tracking_pose_accepted
x=2.95 y=1.45 yaw=-0.0644704 score=0.990996 valid=1 mode=tracking state=TRACKING evaluated=807 execution_us=59020 reason=tracking_pose_accepted
x=2.95 y=1.45 yaw=-0.0654045 score=0.992797 valid=1 mode=tracking state=TRACKING evaluated=807 execution_us=61482 reason=tracking_pose_accepted
x=2.95 y=1.45 yaw=-0.0663387 score=0.989619 valid=1 mode=tracking state=TRACKING evaluated=807 execution_us=59516 reason=tracking_pose_accepted
x=2.95 y=1.45 yaw=-0.0672729 score=0.990846 valid=1 mode=tracking state=TRACKING evaluated=807 execution_us=59972 reason=tracking_pose_accepted
x=2.95 y=1.45 yaw=-0.0682071 score=0.991425 valid=1 mode=tracking state=TRACKING evaluated=807 execution_us=57016 reason=tracking_pose_accepted
x=2.95 y=1.45 yaw=-0.0691413 score=0.990799 valid=1 mode=tracking state=TRACKING evaluated=807 execution_us=55918 reason=tracking_pose_accepted
x=2.95 y=1.45 yaw=-0.0526222 score=0.987245 valid=1 mode=tracking state=TRACKING evaluated=807 execution_us=56499 reason=tracking_pose_accepted
x=2.95 y=1.45 yaw=-0.0710096 score=0.987845 valid=1 mode=tracking state=TRACKING evaluated=807 execution_us=58130 reason=tracking_pose_accepted
x=2.95 y=1.45 yaw=-0.0544905 score=0.984956 valid=1 mode=tracking state=TRACKING evaluated=807 execution_us=57764 reason=tracking_pose_accepted
x=2.95 y=1.45 yaw=-0.072878 score=0.987212 valid=1 mode=tracking state=TRACKING evaluated=807 execution_us=57078 reason=tracking_pose_accepted
x=2.95 y=1.45 yaw=-0.0563588 score=0.989196 valid=1 mode=tracking state=TRACKING evaluated=807 execution_us=60665 reason=tracking_pose_accepted
x=2.95 y=1.45 yaw=-0.057293 score=0.990625 valid=1 mode=tracking state=TRACKING evaluated=807 execution_us=61031 reason=tracking_pose_accepted
x=2.95 y=1.45 yaw=-0.0582272 score=0.990396 valid=1 mode=tracking state=TRACKING evaluated=807 execution_us=61959 reason=tracking_pose_accepted
x=2.95 y=1.45 yaw=-0.0591613 score=0.990973 valid=1 mode=tracking state=TRACKING evaluated=807 execution_us=61215 reason=tracking_pose_accepted
x=2.95 y=1.45 yaw=-0.0600955 score=0.988717 valid=1 mode=tracking state=TRACKING evaluated=807 execution_us=62016 reason=tracking_pose_accepted
x=2.95 y=1.45 yaw=-0.0610297 score=0.988416 valid=1 mode=tracking state=TRACKING evaluated=807 execution_us=51639 reason=tracking_pose_accepted
x=2.95 y=1.45 yaw=-0.0619639 score=0.990996 valid=1 mode=tracking state=TRACKING evaluated=807 execution_us=58477 reason=tracking_pose_accepted
x=2.95 y=1.45 yaw=-0.0628981 score=0.990696 valid=1 mode=tracking state=TRACKING evaluated=807 execution_us=58533 reason=tracking_pose_accepted
x=2.95 y=1.45 yaw=-0.0638322 score=0.988717 valid=1 mode=tracking state=TRACKING evaluated=807 execution_us=59740 reason=tracking_pose_accepted
x=2.95 y=1.45 yaw=-0.0647664 score=0.99308 valid=1 mode=tracking state=TRACKING evaluated=807 execution_us=58969 reason=tracking_pose_accepted
mission_command=STOP
x=2.95 y=1.45 yaw=-0.0657006 score=0.993097 valid=1 mode=tracking state=TRACKING evaluated=807 execution_us=60296 reason=tracking_pose_accepted
[YDLIDAR] Now lidar scanning has stopped!
lidar_state=STOPPED
signal_handler(15)
