mission_command=START
[YDLIDAR] SDK initializing
[YDLIDAR] SDK has been initialized
[YDLIDAR] SDK Version: 1.2.7
[YDLIDAR] Lidar successfully connected [/dev/ttyS3:230400]
[YDLIDAR] Lidar running correctly! The health status: good
Current Lidar Model Code 151
[YDLIDAR] Baseplate device info
Firmware version: 1.2
Hardware version: 1
Model: Tmini Plus
Serial: 2025042300090381
[YDLIDAR] Current scan frequency: 10.00Hz
[YDLIDAR] Current scan frequency: 10.00Hz
[YDLIDAR] Lidar init success, Elapsed time 1041 ms
[YDLIDAR] Create thread 0xA69424C0
[YDLIDAR] Successed to start scan mode, Elapsed time 2097 ms
[YDLIDAR] Scan Frequency: 10.00Hz
[YDLIDAR] Fixed Size: 400
[YDLIDAR] Sample Rate: 4.00K
[YDLIDAR] Successed to check the lidar, Elapsed time 0 ms
[2026-07-25 01:35:43][info] [YDLIDAR] Now lidar is scanning...
lidar_state=RUNNING
x=2.95 y=1.45 yaw=-0.0436336 score=0.985144 valid=1 mode=global state=RECOVERED evaluated=15444 execution_us=914868 reason=initial_global_pose_accepted
x=2.95 y=1.45 yaw=-0.0620211 score=0.98914 valid=1 mode=tracking state=RECOVERED evaluated=807 execution_us=49762 reason=recovery_confirmation_pending
x=2.95 y=1.45 yaw=-0.0629552 score=0.987528 valid=1 mode=tracking state=RECOVERED evaluated=807 execution_us=49099 reason=recovery_confirmation_pending
x=2.95 y=1.45 yaw=-0.0638894 score=0.988445 valid=1 mode=tracking state=TRACKING evaluated=807 execution_us=47571 reason=recovery_confirmed
x=2.95 y=1.45 yaw=-0.0648236 score=0.991297 valid=1 mode=tracking state=TRACKING evaluated=807 execution_us=55263 reason=tracking_pose_accepted
x=2.95 y=1.45 yaw=-0.0657578 score=0.990649 valid=1 mode=tracking state=TRACKING evaluated=807 execution_us=55167 reason=tracking_pose_accepted
x=2.95 y=1.45 yaw=-0.0666919 score=0.992197 valid=1 mode=tracking state=TRACKING evaluated=807 execution_us=56688 reason=tracking_pose_accepted
x=2.95 y=1.45 yaw=-0.0676261 score=0.992478 valid=1 mode=tracking state=TRACKING evaluated=807 execution_us=54564 reason=tracking_pose_accepted
x=2.95 y=1.45 yaw=-0.0685603 score=0.993697 valid=1 mode=tracking state=TRACKING evaluated=807 execution_us=59545 reason=tracking_pose_accepted
x=2.95 y=1.45 yaw=-0.0694945 score=0.99338 valid=1 mode=tracking state=TRACKING evaluated=807 execution_us=60808 reason=tracking_pose_accepted
x=2.95 y=1.45 yaw=-0.0704287 score=0.994268 valid=1 mode=tracking state=TRACKING evaluated=807 execution_us=60412 reason=tracking_pose_accepted
x=2.95 y=1.45 yaw=-0.0713629 score=0.988896 valid=1 mode=tracking state=TRACKING evaluated=807 execution_us=60974 reason=tracking_pose_accepted
x=2.95 y=1.45 yaw=-0.0722971 score=0.991146 valid=1 mode=tracking state=TRACKING evaluated=807 execution_us=61421 reason=tracking_pose_accepted
x=2.95 y=1.45 yaw=-0.0557779 score=0.98914 valid=1 mode=tracking state=TRACKING evaluated=807 execution_us=61428 reason=tracking_pose_accepted
x=2.95 y=1.45 yaw=-0.0567121 score=0.989796 valid=1 mode=tracking state=TRACKING evaluated=807 execution_us=58727 reason=tracking_pose_accepted
x=2.95 y=1.45 yaw=-0.0576463 score=0.990649 valid=1 mode=tracking state=TRACKING evaluated=807 execution_us=58327 reason=tracking_pose_accepted
x=2.95 y=1.45 yaw=-0.0585805 score=0.989442 valid=1 mode=tracking state=TRACKING evaluated=807 execution_us=58327 reason=tracking_pose_accepted
x=2.95 y=1.45 yaw=-0.0595147 score=0.989744 valid=1 mode=tracking state=TRACKING evaluated=807 execution_us=59175 reason=tracking_pose_accepted
x=2.95 y=1.45 yaw=-0.0604488 score=0.990649 valid=1 mode=tracking state=TRACKING evaluated=807 execution_us=58752 reason=tracking_pose_accepted
x=2.95 y=1.45 yaw=-0.061383 score=0.990396 valid=1 mode=tracking state=TRACKING evaluated=807 execution_us=59410 reason=tracking_pose_accepted
x=2.95 y=1.45 yaw=-0.0623172 score=0.990096 valid=1 mode=tracking state=TRACKING evaluated=807 execution_us=66871 reason=tracking_pose_accepted
x=2.95 y=1.45 yaw=-0.0632514 score=0.990996 valid=1 mode=tracking state=TRACKING evaluated=807 execution_us=51731 reason=tracking_pose_accepted
x=2.95 y=1.45 yaw=-0.0641856 score=0.991274 valid=1 mode=tracking state=TRACKING evaluated=807 execution_us=52811 reason=tracking_pose_accepted
x=2.95 y=1.45 yaw=-0.0651198 score=0.98977 valid=1 mode=tracking state=TRACKING evaluated=807 execution_us=54063 reason=tracking_pose_accepted
x=2.95 y=1.45 yaw=-0.0660539 score=0.992497 valid=1 mode=tracking state=TRACKING evaluated=807 execution_us=53286 reason=tracking_pose_accepted
x=2.95 y=1.45 yaw=-0.0669881 score=0.992497 valid=1 mode=tracking state=TRACKING evaluated=807 execution_us=53887 reason=tracking_pose_accepted
x=2.95 y=1.45 yaw=-0.0679223 score=0.993097 valid=1 mode=tracking state=TRACKING evaluated=807 execution_us=60165 reason=tracking_pose_accepted
x=2.95 y=1.45 yaw=-0.0688565 score=0.991297 valid=1 mode=tracking state=TRACKING evaluated=807 execution_us=57390 reason=tracking_pose_accepted
x=2.95 y=1.45 yaw=-0.0697907 score=0.990096 valid=1 mode=tracking state=TRACKING evaluated=807 execution_us=57890 reason=tracking_pose_accepted
x=2.95 y=1.45 yaw=-0.0532716 score=0.987179 valid=1 mode=tracking state=TRACKING evaluated=807 execution_us=57127 reason=tracking_pose_accepted
x=2.95 y=1.45 yaw=-0.071659 score=0.992047 valid=1 mode=tracking state=TRACKING evaluated=807 execution_us=58042 reason=tracking_pose_accepted
x=2.95 y=1.45 yaw=-0.0551399 score=0.990071 valid=1 mode=tracking state=TRACKING evaluated=807 execution_us=58222 reason=tracking_pose_accepted
x=2.95 y=1.45 yaw=-0.0560741 score=0.990322 valid=1 mode=tracking state=TRACKING evaluated=807 execution_us=54675 reason=tracking_pose_accepted
x=2.95 y=1.45 yaw=-0.0570082 score=0.989496 valid=1 mode=tracking state=TRACKING evaluated=807 execution_us=55673 reason=tracking_pose_accepted
x=2.95 y=1.45 yaw=-0.0579424 score=0.989796 valid=1 mode=tracking state=TRACKING evaluated=807 execution_us=55148 reason=tracking_pose_accepted
x=2.95 y=1.45 yaw=-0.0588766 score=0.99095 valid=1 mode=tracking state=TRACKING evaluated=807 execution_us=55215 reason=tracking_pose_accepted
x=2.95 y=1.45 yaw=-0.0598108 score=0.990672 valid=1 mode=tracking state=TRACKING evaluated=807 execution_us=56146 reason=tracking_pose_accepted
x=2.95 y=1.45 yaw=-0.060745 score=0.990096 valid=1 mode=tracking state=TRACKING evaluated=807 execution_us=55331 reason=tracking_pose_accepted
x=2.95 y=1.45 yaw=-0.0616791 score=0.990396 valid=1 mode=tracking state=TRACKING evaluated=807 execution_us=59369 reason=tracking_pose_accepted
x=2.95 y=1.45 yaw=-0.0626133 score=0.991897 valid=1 mode=tracking state=TRACKING evaluated=807 execution_us=60400 reason=tracking_pose_accepted
x=2.95 y=1.45 yaw=-0.0635475 score=0.990372 valid=1 mode=tracking state=TRACKING evaluated=807 execution_us=60345 reason=tracking_pose_accepted
x=2.95 y=1.45 yaw=-0.0644817 score=0.987845 valid=1 mode=tracking state=TRACKING evaluated=807 execution_us=61050 reason=tracking_pose_accepted
x=2.95 y=1.45 yaw=-0.0654159 score=0.990396 valid=1 mode=tracking state=TRACKING evaluated=807 execution_us=60736 reason=tracking_pose_accepted
x=2.95 y=1.45 yaw=-0.0663501 score=0.991876 valid=1 mode=tracking state=TRACKING evaluated=807 execution_us=60808 reason=tracking_pose_accepted
x=2.95 y=1.45 yaw=-0.0672842 score=0.989619 valid=1 mode=tracking state=TRACKING evaluated=807 execution_us=59251 reason=tracking_pose_accepted
x=2.95 y=1.45 yaw=-0.0682184 score=0.993062 valid=1 mode=tracking state=TRACKING evaluated=807 execution_us=56928 reason=tracking_pose_accepted
x=2.95 y=1.45 yaw=-0.0691526 score=0.991597 valid=1 mode=tracking state=TRACKING evaluated=807 execution_us=57580 reason=tracking_pose_accepted
x=2.95 y=1.45 yaw=-0.0700868 score=0.994298 valid=1 mode=tracking state=TRACKING evaluated=807 execution_us=58482 reason=tracking_pose_accepted
x=2.95 y=1.45 yaw=-0.0535677 score=0.987814 valid=1 mode=tracking state=TRACKING evaluated=807 execution_us=58165 reason=tracking_pose_accepted
x=2.95 y=1.45 yaw=-0.0719551 score=0.988896 valid=1 mode=tracking state=TRACKING evaluated=807 execution_us=58490 reason=tracking_pose_accepted
x=2.95 y=1.45 yaw=-0.055436 score=0.98977 valid=1 mode=tracking state=TRACKING evaluated=807 execution_us=61550 reason=tracking_pose_accepted
x=2.95 y=1.45 yaw=-0.0563702 score=0.989496 valid=1 mode=tracking state=TRACKING evaluated=807 execution_us=51784 reason=tracking_pose_accepted
x=2.95 y=1.45 yaw=-0.0573044 score=0.990696 valid=1 mode=tracking state=TRACKING evaluated=807 execution_us=52489 reason=tracking_pose_accepted
x=2.95 y=1.45 yaw=-0.0582385 score=0.990672 valid=1 mode=tracking state=TRACKING evaluated=807 execution_us=52211 reason=tracking_pose_accepted
x=2.95 y=1.45 yaw=-0.0591727 score=0.989496 valid=1 mode=tracking state=TRACKING evaluated=807 execution_us=52402 reason=tracking_pose_accepted
x=2.95 y=1.45 yaw=-0.0601069 score=0.990396 valid=1 mode=tracking state=TRACKING evaluated=807 execution_us=53141 reason=tracking_pose_accepted
x=2.95 y=1.45 yaw=-0.0610411 score=0.990996 valid=1 mode=tracking state=TRACKING evaluated=807 execution_us=59556 reason=tracking_pose_accepted
x=2.95 y=1.45 yaw=-0.0619753 score=0.991297 valid=1 mode=tracking state=TRACKING evaluated=807 execution_us=60060 reason=tracking_pose_accepted
x=2.95 y=1.45 yaw=-0.0629094 score=0.990973 valid=1 mode=tracking state=TRACKING evaluated=807 execution_us=60049 reason=tracking_pose_accepted
x=2.95 y=1.45 yaw=-0.0638436 score=0.990672 valid=1 mode=tracking state=TRACKING evaluated=807 execution_us=60113 reason=tracking_pose_accepted
x=2.95 y=1.45 yaw=-0.0647778 score=0.991252 valid=1 mode=tracking state=TRACKING evaluated=807 execution_us=60560 reason=tracking_pose_accepted
x=2.95 y=1.45 yaw=-0.065712 score=0.990996 valid=1 mode=tracking state=TRACKING evaluated=807 execution_us=60238 reason=tracking_pose_accepted
x=2.95 y=1.45 yaw=-0.0666462 score=0.991876 valid=1 mode=tracking state=TRACKING evaluated=807 execution_us=52467 reason=tracking_pose_accepted
x=2.95 y=1.45 yaw=-0.0675804 score=0.990904 valid=1 mode=tracking state=TRACKING evaluated=807 execution_us=54105 reason=tracking_pose_accepted
x=2.95 y=1.45 yaw=-0.0685145 score=0.994298 valid=1 mode=tracking state=TRACKING evaluated=807 execution_us=53735 reason=tracking_pose_accepted
x=2.95 y=1.45 yaw=-0.0694487 score=0.987395 valid=1 mode=tracking state=TRACKING evaluated=807 execution_us=55130 reason=tracking_pose_accepted
x=2.95 y=1.45 yaw=-0.0703829 score=0.992497 valid=1 mode=tracking state=TRACKING evaluated=807 execution_us=54829 reason=tracking_pose_accepted
x=2.95 y=1.45 yaw=-0.0538638 score=0.990297 valid=1 mode=tracking state=TRACKING evaluated=807 execution_us=53764 reason=tracking_pose_accepted
x=2.95 y=1.45 yaw=-0.054798 score=0.989496 valid=1 mode=tracking state=TRACKING evaluated=807 execution_us=58322 reason=tracking_pose_accepted
x=2.95 y=1.45 yaw=-0.0557322 score=0.990372 valid=1 mode=tracking state=TRACKING evaluated=807 execution_us=58542 reason=tracking_pose_accepted
x=2.95 y=1.45 yaw=-0.0566663 score=0.990045 valid=1 mode=tracking state=TRACKING evaluated=807 execution_us=58964 reason=tracking_pose_accepted
x=2.95 y=1.45 yaw=-0.0576005 score=0.988896 valid=1 mode=tracking state=TRACKING evaluated=807 execution_us=59458 reason=tracking_pose_accepted
x=2.95 y=1.45 yaw=-0.0585347 score=0.988595 valid=1 mode=tracking state=TRACKING evaluated=807 execution_us=58790 reason=tracking_pose_accepted
x=2.95 y=1.45 yaw=-0.0594689 score=0.989442 valid=1 mode=tracking state=TRACKING evaluated=807 execution_us=58934 reason=tracking_pose_accepted
x=2.95 y=1.45 yaw=-0.0604031 score=0.990927 valid=1 mode=tracking state=TRACKING evaluated=807 execution_us=55912 reason=tracking_pose_accepted
x=2.95 y=1.45 yaw=-0.0613372 score=0.990973 valid=1 mode=tracking state=TRACKING evaluated=807 execution_us=55316 reason=tracking_pose_accepted
x=2.95 y=1.45 yaw=-0.0622714 score=0.991597 valid=1 mode=tracking state=TRACKING evaluated=807 execution_us=55869 reason=tracking_pose_accepted
x=2.95 y=1.45 yaw=-0.0632056 score=0.990396 valid=1 mode=tracking state=TRACKING evaluated=807 execution_us=56262 reason=tracking_pose_accepted
x=2.95 y=1.45 yaw=-0.0641398 score=0.991597 valid=1 mode=tracking state=TRACKING evaluated=807 execution_us=56236 reason=tracking_pose_accepted
x=2.95 y=1.45 yaw=-0.065074 score=0.993397 valid=1 mode=tracking state=TRACKING evaluated=807 execution_us=56496 reason=tracking_pose_accepted
x=2.95 y=1.45 yaw=-0.0660082 score=0.993397 valid=1 mode=tracking state=TRACKING evaluated=807 execution_us=60231 reason=tracking_pose_accepted
x=2.95 y=1.45 yaw=-0.0669423 score=0.992497 valid=1 mode=tracking state=TRACKING evaluated=807 execution_us=60158 reason=tracking_pose_accepted
x=2.95 y=1.45 yaw=-0.0678765 score=0.992006 valid=1 mode=tracking state=TRACKING evaluated=807 execution_us=60441 reason=tracking_pose_accepted
x=2.95 y=1.45 yaw=-0.0688107 score=0.993097 valid=1 mode=tracking state=TRACKING evaluated=807 execution_us=60297 reason=tracking_pose_accepted
x=2.95 y=1.45 yaw=-0.0697449 score=0.992347 valid=1 mode=tracking state=TRACKING evaluated=807 execution_us=60677 reason=tracking_pose_accepted
x=2.95 y=1.45 yaw=-0.0706791 score=0.990396 valid=1 mode=tracking state=TRACKING evaluated=807 execution_us=66162 reason=tracking_pose_accepted
x=2.95 y=1.45 yaw=-0.05416 score=0.989168 valid=1 mode=tracking state=TRACKING evaluated=807 execution_us=57803 reason=tracking_pose_accepted
x=2.95 y=1.45 yaw=-0.0550941 score=0.990396 valid=1 mode=tracking state=TRACKING evaluated=807 execution_us=57765 reason=tracking_pose_accepted
x=2.95 y=1.45 yaw=-0.0560283 score=0.990973 valid=1 mode=tracking state=TRACKING evaluated=807 execution_us=57308 reason=tracking_pose_accepted
x=2.95 y=1.45 yaw=-0.0569625 score=0.988746 valid=1 mode=tracking state=TRACKING evaluated=807 execution_us=57431 reason=tracking_pose_accepted
x=2.95 y=1.45 yaw=-0.0578967 score=0.990696 valid=1 mode=tracking state=TRACKING evaluated=807 execution_us=58648 reason=tracking_pose_accepted
x=2.95 y=1.45 yaw=-0.0588309 score=0.987845 valid=1 mode=tracking state=TRACKING evaluated=807 execution_us=57606 reason=tracking_pose_accepted
x=2.95 y=1.45 yaw=-0.0597651 score=0.990045 valid=1 mode=tracking state=TRACKING evaluated=807 execution_us=61720 reason=tracking_pose_accepted
x=2.95 y=1.45 yaw=-0.0606993 score=0.990696 valid=1 mode=tracking state=TRACKING evaluated=807 execution_us=52113 reason=tracking_pose_accepted
x=2.95 y=1.45 yaw=-0.0616334 score=0.988746 valid=1 mode=tracking state=TRACKING evaluated=807 execution_us=52370 reason=tracking_pose_accepted
x=2.95 y=1.45 yaw=-0.0625676 score=0.992497 valid=1 mode=tracking state=TRACKING evaluated=807 execution_us=52459 reason=tracking_pose_accepted
x=2.95 y=1.45 yaw=-0.0635018 score=0.991597 valid=1 mode=tracking state=TRACKING evaluated=807 execution_us=52734 reason=tracking_pose_accepted
x=2.95 y=1.45 yaw=-0.064436 score=0.990396 valid=1 mode=tracking state=TRACKING evaluated=807 execution_us=52728 reason=tracking_pose_accepted
x=2.95 y=1.45 yaw=-0.0653702 score=0.990973 valid=1 mode=tracking state=TRACKING evaluated=807 execution_us=60240 reason=tracking_pose_accepted
x=2.95 y=1.45 yaw=-0.0663043 score=0.993998 valid=1 mode=tracking state=TRACKING evaluated=807 execution_us=59853 reason=tracking_pose_accepted
x=2.95 y=1.45 yaw=-0.0672385 score=0.990522 valid=1 mode=tracking state=TRACKING evaluated=807 execution_us=60132 reason=tracking_pose_accepted
x=2.95 y=1.45 yaw=-0.0681727 score=0.993998 valid=1 mode=tracking state=TRACKING evaluated=807 execution_us=60841 reason=tracking_pose_accepted
x=2.95 y=1.45 yaw=-0.0691069 score=0.987695 valid=1 mode=tracking state=TRACKING evaluated=807 execution_us=60195 reason=tracking_pose_accepted
x=2.95 y=1.45 yaw=-0.0700411 score=0.985708 valid=1 mode=tracking state=TRACKING evaluated=807 execution_us=59667 reason=tracking_pose_accepted
x=2.95 y=1.45 yaw=-0.0709753 score=0.987545 valid=1 mode=tracking state=TRACKING evaluated=807 execution_us=54526 reason=tracking_pose_accepted
x=2.95 y=1.45 yaw=-0.0544562 score=0.989796 valid=1 mode=tracking state=TRACKING evaluated=807 execution_us=53875 reason=tracking_pose_accepted
x=2.95 y=1.45 yaw=-0.0553903 score=0.990696 valid=1 mode=tracking state=TRACKING evaluated=807 execution_us=54413 reason=tracking_pose_accepted
x=2.95 y=1.45 yaw=-0.0563245 score=0.990696 valid=1 mode=tracking state=TRACKING evaluated=807 execution_us=54321 reason=tracking_pose_accepted
x=2.95 y=1.45 yaw=-0.0572587 score=0.991297 valid=1 mode=tracking state=TRACKING evaluated=807 execution_us=54388 reason=tracking_pose_accepted
x=2.95 y=1.45 yaw=-0.0581929 score=0.990696 valid=1 mode=tracking state=TRACKING evaluated=807 execution_us=61772 reason=tracking_pose_accepted
x=2.95 y=1.45 yaw=-0.059127 score=0.991252 valid=1 mode=tracking state=TRACKING evaluated=807 execution_us=58205 reason=tracking_pose_accepted
x=2.95 y=1.45 yaw=-0.0600612 score=0.88984 valid=0 mode=tracking state=DEGRADED evaluated=807 execution_us=57313 reason=tracking_score_below_threshold
x=2.95 y=1.45 yaw=-0.0600612 score=0.940723 valid=1 mode=tracking state=TRACKING evaluated=807 execution_us=58833 reason=tracking_quality_restored
x=2.95 y=1.45 yaw=-0.0609954 score=0.92873 valid=1 mode=tracking state=TRACKING evaluated=807 execution_us=58104 reason=tracking_pose_accepted
x=2.95 y=1.45 yaw=-0.0619296 score=0.921316 valid=1 mode=tracking state=TRACKING evaluated=807 execution_us=58170 reason=tracking_pose_accepted
x=2.95 y=1.45 yaw=-0.0628638 score=0.91184 valid=1 mode=tracking state=TRACKING evaluated=807 execution_us=55222 reason=tracking_pose_accepted
x=2.95 y=1.45 yaw=-0.063798 score=0.898769 valid=0 mode=tracking state=DEGRADED evaluated=807 execution_us=55331 reason=tracking_score_below_threshold
x=2.95 y=1.45 yaw=-0.063798 score=0.613914 valid=0 mode=tracking state=DEGRADED evaluated=807 execution_us=49090 reason=tracking_score_below_threshold
x=4 y=2.5 yaw=-0.0987045 score=0.995711 valid=1 mode=tracking state=TRACKING evaluated=807 execution_us=32443 reason=tracking_quality_restored
x=4.1 y=1.25 yaw=-0.623237 score=0.982209 valid=1 mode=tracking state=TRACKING evaluated=789 execution_us=33913 reason=tracking_pose_accepted
x=3.9 y=0.049999 yaw=-1.07796 score=1 valid=1 mode=tracking state=TRACKING evaluated=807 execution_us=32771 reason=tracking_pose_accepted
x=3.9 y=0.049999 yaw=-1.6723 score=1 valid=1 mode=tracking state=TRACKING evaluated=789 execution_us=33090 reason=tracking_pose_accepted
x=4.05 y=0.099999 yaw=-2.26665 score=0.982137 valid=1 mode=tracking state=TRACKING evaluated=789 execution_us=36177 reason=tracking_pose_accepted
x=4.1 y=0.099999 yaw=-2.30249 score=1 valid=1 mode=tracking state=TRACKING evaluated=807 execution_us=35732 reason=tracking_pose_accepted
x=3.85 y=0.099999 yaw=-2.12889 score=0.975973 valid=1 mode=tracking state=TRACKING evaluated=807 execution_us=31277 reason=tracking_pose_accepted
x=4.1 y=0.149999 yaw=-2.70579 score=0.99085 valid=1 mode=tracking state=TRACKING evaluated=807 execution_us=35526 reason=tracking_pose_accepted
x=3.75 y=0.099999 yaw=-2.53219 score=0.990512 valid=1 mode=tracking state=TRACKING evaluated=807 execution_us=36647 reason=tracking_pose_accepted
x=4.1 y=0.149999 yaw=-2.35859 score=0.993363 valid=1 mode=tracking state=TRACKING evaluated=807 execution_us=33567 reason=tracking_pose_accepted
x=3.75 y=0.099999 yaw=-2.2548 score=0.997497 valid=1 mode=tracking state=TRACKING evaluated=807 execution_us=30734 reason=tracking_pose_accepted
x=4.1 y=0.149999 yaw=-2.08121 score=0.99486 valid=1 mode=tracking state=TRACKING evaluated=807 execution_us=33885 reason=tracking_pose_accepted
x=3.75 y=0.099999 yaw=-1.97742 score=0.997536 valid=1 mode=tracking state=TRACKING evaluated=807 execution_us=31704 reason=tracking_pose_accepted
x=4.1 y=0.149999 yaw=-1.87363 score=0.999387 valid=1 mode=tracking state=TRACKING evaluated=807 execution_us=31083 reason=tracking_pose_accepted
x=3.75 y=0.099999 yaw=-1.76985 score=1 valid=1 mode=tracking state=TRACKING evaluated=807 execution_us=31162 reason=tracking_pose_accepted
x=4.1 y=0.149999 yaw=-1.66606 score=0.9994 valid=1 mode=tracking state=TRACKING evaluated=807 execution_us=35299 reason=tracking_pose_accepted
x=3.85 y=0.099999 yaw=-1.56228 score=1 valid=1 mode=tracking state=TRACKING evaluated=807 execution_us=35438 reason=tracking_pose_accepted
x=4.1 y=0.149999 yaw=-2.08681 score=0.994088 valid=1 mode=tracking state=TRACKING evaluated=789 execution_us=35575 reason=tracking_pose_accepted
x=3.75 y=0.0999989 yaw=-1.91321 score=0.993562 valid=1 mode=tracking state=TRACKING evaluated=807 execution_us=37120 reason=tracking_pose_accepted
x=4.1 y=0.149999 yaw=-2.03632 score=0.998755 valid=1 mode=tracking state=TRACKING evaluated=831 execution_us=35646 reason=tracking_pose_accepted
x=3.75 y=0.0999989 yaw=-1.86272 score=1 valid=1 mode=tracking state=TRACKING evaluated=789 execution_us=29874 reason=tracking_pose_accepted
x=3.75 y=0.0999989 yaw=-2.45707 score=0.997723 valid=1 mode=tracking state=TRACKING evaluated=831 execution_us=27182 reason=tracking_pose_accepted
x=4.1 y=0.149999 yaw=-2.30092 score=0.997102 valid=1 mode=tracking state=TRACKING evaluated=807 execution_us=32495 reason=tracking_pose_accepted
x=3.85 y=0.0999989 yaw=-2.14478 score=0.996803 valid=1 mode=tracking state=TRACKING evaluated=789 execution_us=29532 reason=tracking_pose_accepted
x=4.1 y=0.149999 yaw=-2.66931 score=0.99366 valid=1 mode=tracking state=TRACKING evaluated=807 execution_us=28158 reason=tracking_pose_accepted
x=4.15 y=0.149999 yaw=-3.26366 score=1 valid=1 mode=tracking state=TRACKING evaluated=807 execution_us=28471 reason=tracking_pose_accepted
x=3.9 y=0.0499988 yaw=-3.858 score=1 valid=1 mode=tracking state=TRACKING evaluated=807 execution_us=36136 reason=tracking_pose_accepted
x=3.9 y=0.0499988 yaw=-4.45235 score=1 valid=1 mode=tracking state=TRACKING evaluated=789 execution_us=35691 reason=tracking_pose_accepted
x=3.9 y=0.0499988 yaw=-5.02924 score=0.990244 valid=1 mode=tracking state=TRACKING evaluated=807 execution_us=36856 reason=tracking_pose_accepted
x=4.05 y=0.0999988 yaw=-5.60613 score=0.986265 valid=1 mode=tracking state=TRACKING evaluated=807 execution_us=36732 reason=tracking_pose_accepted
x=3.85 y=0.0999988 yaw=-6.20048 score=0.962108 valid=1 mode=tracking state=TRACKING evaluated=789 execution_us=39538 reason=tracking_pose_accepted
x=3.85 y=0.0999988 yaw=-6.79483 score=0.997431 valid=1 mode=tracking state=TRACKING evaluated=789 execution_us=39865 reason=tracking_pose_accepted
x=3.85 y=0.0999988 yaw=-7.38917 score=0.99947 valid=1 mode=tracking state=TRACKING evaluated=789 execution_us=33452 reason=tracking_pose_accepted
x=4.1 y=0.149999 yaw=-7.91371 score=0.997314 valid=1 mode=tracking state=TRACKING evaluated=789 execution_us=34800 reason=tracking_pose_accepted
x=3.85 y=0.0999988 yaw=-7.74011 score=0.998472 valid=1 mode=tracking state=TRACKING evaluated=807 execution_us=36981 reason=tracking_pose_accepted
x=4.1 y=0.149999 yaw=-8.26464 score=0.996606 valid=1 mode=tracking state=TRACKING evaluated=789 execution_us=33161 reason=tracking_pose_accepted
x=3.75 y=0.0999988 yaw=-8.12595 score=0.994706 valid=1 mode=tracking state=TRACKING evaluated=807 execution_us=33974 reason=tracking_pose_accepted
x=4.1 y=0.149999 yaw=-8.24905 score=0.997611 valid=1 mode=tracking state=TRACKING evaluated=831 execution_us=33994 reason=tracking_pose_accepted
x=3.85 y=0.0999988 yaw=-8.12781 score=0.997574 valid=1 mode=tracking state=TRACKING evaluated=789 execution_us=36199 reason=tracking_pose_accepted
x=4.1 y=0.149999 yaw=-8.65235 score=0.990588 valid=1 mode=tracking state=TRACKING evaluated=807 execution_us=37463 reason=tracking_pose_accepted
x=3.75 y=0.0999987 yaw=-8.4962 score=0.993295 valid=1 mode=tracking state=TRACKING evaluated=807 execution_us=37910 reason=tracking_pose_accepted
x=4.1 y=0.149999 yaw=-8.37496 score=0.995046 valid=1 mode=tracking state=TRACKING evaluated=807 execution_us=37388 reason=tracking_pose_accepted
x=3.75 y=0.0999987 yaw=-8.27118 score=0.994514 valid=1 mode=tracking state=TRACKING evaluated=807 execution_us=37728 reason=tracking_pose_accepted
x=4.1 y=0.149999 yaw=-8.09758 score=0.998162 valid=1 mode=tracking state=TRACKING evaluated=831 execution_us=37955 reason=tracking_pose_accepted
x=3.85 y=0.0999987 yaw=-7.99379 score=0.999387 valid=1 mode=tracking state=TRACKING evaluated=789 execution_us=34176 reason=tracking_pose_accepted
x=4.1 y=0.149999 yaw=-8.57068 score=0.992076 valid=1 mode=tracking state=TRACKING evaluated=807 execution_us=34645 reason=tracking_pose_accepted
x=3.75 y=0.0999986 yaw=-8.39708 score=0.996936 valid=1 mode=tracking state=TRACKING evaluated=807 execution_us=35211 reason=tracking_pose_accepted
x=4.1 y=0.149999 yaw=-8.24094 score=0.996471 valid=1 mode=tracking state=TRACKING evaluated=807 execution_us=35989 reason=tracking_pose_accepted
x=3.75 y=0.0999985 yaw=-8.1197 score=0.994835 valid=1 mode=tracking state=TRACKING evaluated=807 execution_us=37048 reason=tracking_pose_accepted
x=4.1 y=0.149999 yaw=-7.9461 score=0.99939 valid=1 mode=tracking state=TRACKING evaluated=831 execution_us=43056 reason=tracking_pose_accepted
x=3.85 y=0.0999985 yaw=-7.78995 score=1 valid=1 mode=tracking state=TRACKING evaluated=789 execution_us=29161 reason=tracking_pose_accepted
x=4.1 y=0.149999 yaw=-8.34939 score=0.994147 valid=1 mode=tracking state=TRACKING evaluated=807 execution_us=30629 reason=tracking_pose_accepted
x=3.75 y=0.0999985 yaw=-8.17579 score=0.99582 valid=1 mode=tracking state=TRACKING evaluated=789 execution_us=29688 reason=tracking_pose_accepted
x=4.1 y=0.149999 yaw=-8.21163 score=0.997623 valid=1 mode=tracking state=TRACKING evaluated=831 execution_us=30765 reason=tracking_pose_accepted
x=3.75 y=0.0999985 yaw=-8.03803 score=0.994344 valid=1 mode=tracking state=TRACKING evaluated=789 execution_us=31221 reason=tracking_pose_accepted
x=4.1 y=0.149999 yaw=-7.93425 score=0.999412 valid=1 mode=tracking state=TRACKING evaluated=831 execution_us=37913 reason=tracking_pose_accepted
x=3.85 y=0.0999985 yaw=-7.79556 score=1 valid=1 mode=tracking state=TRACKING evaluated=789 execution_us=36583 reason=tracking_pose_accepted
x=4.1 y=0.149999 yaw=-8.35499 score=0.994205 valid=1 mode=tracking state=TRACKING evaluated=807 execution_us=38247 reason=tracking_pose_accepted
x=3.75 y=0.0999985 yaw=-8.1814 score=0.995841 valid=1 mode=tracking state=TRACKING evaluated=789 execution_us=33675 reason=tracking_pose_accepted
x=4.1 y=0.149999 yaw=-8.35686 score=0.996936 valid=1 mode=tracking state=TRACKING evaluated=831 execution_us=34769 reason=tracking_pose_accepted
x=3.75 y=0.0999985 yaw=-8.25308 score=0.995364 valid=1 mode=tracking state=TRACKING evaluated=789 execution_us=35104 reason=tracking_pose_accepted
x=4.1 y=0.149999 yaw=-8.11438 score=0.9994 valid=1 mode=tracking state=TRACKING evaluated=831 execution_us=32043 reason=tracking_pose_accepted
x=3.85 y=0.0999985 yaw=-7.95824 score=0.997727 valid=1 mode=tracking state=TRACKING evaluated=789 execution_us=32527 reason=tracking_pose_accepted
x=4.1 y=0.149999 yaw=-8.50022 score=0.993397 valid=1 mode=tracking state=TRACKING evaluated=807 execution_us=31947 reason=tracking_pose_accepted
x=3.75 y=0.0999985 yaw=-8.32662 score=0.993625 valid=1 mode=tracking state=TRACKING evaluated=789 execution_us=32671 reason=tracking_pose_accepted
x=4.1 y=0.149999 yaw=-8.15303 score=0.997225 valid=1 mode=tracking state=TRACKING evaluated=831 execution_us=34028 reason=tracking_pose_accepted
x=3.85 y=0.0999985 yaw=-7.97943 score=0.99654 valid=1 mode=tracking state=TRACKING evaluated=789 execution_us=39114 reason=tracking_pose_accepted
x=4.1 y=0.149999 yaw=-8.52141 score=0.992976 valid=1 mode=tracking state=TRACKING evaluated=807 execution_us=36270 reason=tracking_pose_accepted
x=3.75 y=0.0999985 yaw=-8.34781 score=0.994485 valid=1 mode=tracking state=TRACKING evaluated=789 execution_us=34423 reason=tracking_pose_accepted
x=4.1 y=0.149999 yaw=-8.34875 score=0.998768 valid=1 mode=tracking state=TRACKING evaluated=831 execution_us=35416 reason=tracking_pose_accepted
x=3.75 y=0.0999985 yaw=-8.17515 score=0.994542 valid=1 mode=tracking state=TRACKING evaluated=789 execution_us=35603 reason=tracking_pose_accepted
x=4.1 y=0.149999 yaw=-8.05391 score=0.999371 valid=1 mode=tracking state=TRACKING evaluated=831 execution_us=35649 reason=tracking_pose_accepted
x=3.85 y=0.0999985 yaw=-7.95012 score=0.998768 valid=1 mode=tracking state=TRACKING evaluated=789 execution_us=32747 reason=tracking_pose_accepted
x=4.1 y=0.149999 yaw=-8.49211 score=0.99502 valid=1 mode=tracking state=TRACKING evaluated=807 execution_us=32166 reason=tracking_pose_accepted
x=3.75 y=0.0999985 yaw=-8.31851 score=0.996245 valid=1 mode=tracking state=TRACKING evaluated=789 execution_us=32028 reason=tracking_pose_accepted
x=4.1 y=0.149999 yaw=-8.19727 score=0.999394 valid=1 mode=tracking state=TRACKING evaluated=831 execution_us=34212 reason=tracking_pose_accepted
x=3.75 y=0.0999985 yaw=-8.02367 score=0.996361 valid=1 mode=tracking state=TRACKING evaluated=789 execution_us=33876 reason=tracking_pose_accepted
x=4.1 y=0.149999 yaw=-8.30386 score=0.997599 valid=1 mode=tracking state=TRACKING evaluated=831 execution_us=35053 reason=tracking_pose_accepted
x=3.75 y=0.0999985 yaw=-8.13026 score=0.998787 valid=1 mode=tracking state=TRACKING evaluated=789 execution_us=37257 reason=tracking_pose_accepted
x=4.1 y=0.149999 yaw=-8.23591 score=0.998728 valid=1 mode=tracking state=TRACKING evaluated=831 execution_us=37013 reason=tracking_pose_accepted
x=3.75 y=0.0999985 yaw=-8.09722 score=0.99747 valid=1 mode=tracking state=TRACKING evaluated=789 execution_us=36466 reason=tracking_pose_accepted
x=4.1 y=0.149999 yaw=-7.99343 score=0.998781 valid=1 mode=tracking state=TRACKING evaluated=831 execution_us=28247 reason=tracking_pose_accepted
x=3.85 y=0.0999985 yaw=-7.88965 score=1 valid=1 mode=tracking state=TRACKING evaluated=789 execution_us=27243 reason=tracking_pose_accepted
x=4.1 y=0.149999 yaw=-8.46654 score=0.995666 valid=1 mode=tracking state=TRACKING evaluated=807 execution_us=28490 reason=tracking_pose_accepted
x=3.75 y=0.0999985 yaw=-8.29294 score=0.995777 valid=1 mode=tracking state=TRACKING evaluated=807 execution_us=36289 reason=tracking_pose_accepted
x=4.1 y=0.149998 yaw=-8.25897 score=0.996904 valid=1 mode=tracking state=TRACKING evaluated=807 execution_us=35476 reason=tracking_pose_accepted
x=3.75 y=0.0999984 yaw=-8.13773 score=0.998152 valid=1 mode=tracking state=TRACKING evaluated=807 execution_us=36446 reason=tracking_pose_accepted
x=4.1 y=0.149998 yaw=-8.57499 score=0.994885 valid=1 mode=tracking state=TRACKING evaluated=831 execution_us=35691 reason=tracking_pose_accepted
x=3.75 y=0.0999984 yaw=-8.40139 score=0.993936 valid=1 mode=tracking state=TRACKING evaluated=789 execution_us=35510 reason=tracking_pose_accepted
x=4.1 y=0.149998 yaw=-8.2627 score=0.998152 valid=1 mode=tracking state=TRACKING evaluated=831 execution_us=36188 reason=tracking_pose_accepted
x=3.75 y=0.0999984 yaw=-8.12401 score=0.999367 valid=1 mode=tracking state=TRACKING evaluated=789 execution_us=27775 reason=tracking_pose_accepted
x=4.1 y=0.149998 yaw=-8.09004 score=0.999394 valid=1 mode=tracking state=TRACKING evaluated=831 execution_us=30369 reason=tracking_pose_accepted
x=3.85 y=0.0999984 yaw=-7.91644 score=1 valid=1 mode=tracking state=TRACKING evaluated=789 execution_us=28454 reason=tracking_pose_accepted
x=4.1 y=0.149998 yaw=-8.49333 score=0.99494 valid=1 mode=tracking state=TRACKING evaluated=807 execution_us=29603 reason=tracking_pose_accepted
x=3.75 y=0.0999984 yaw=-8.33718 score=0.995098 valid=1 mode=tracking state=TRACKING evaluated=789 execution_us=29925 reason=tracking_pose_accepted
x=4.1 y=0.149998 yaw=-8.21594 score=0.998768 valid=1 mode=tracking state=TRACKING evaluated=831 execution_us=34460 reason=tracking_pose_accepted
x=3.85 y=0.0999984 yaw=-8.0598 score=0.998133 valid=1 mode=tracking state=TRACKING evaluated=789 execution_us=33362 reason=tracking_pose_accepted
x=4.1 y=0.149998 yaw=-8.63669 score=0.992723 valid=1 mode=tracking state=TRACKING evaluated=807 execution_us=34961 reason=tracking_pose_accepted
x=3.75 y=0.0999984 yaw=-8.46309 score=0.996225 valid=1 mode=tracking state=TRACKING evaluated=807 execution_us=34065 reason=tracking_pose_accepted
x=4.1 y=0.149998 yaw=-8.42912 score=0.995572 valid=1 mode=tracking state=TRACKING evaluated=807 execution_us=33506 reason=tracking_pose_accepted
x=3.75 y=0.0999983 yaw=-8.32533 score=0.996324 valid=1 mode=tracking state=TRACKING evaluated=807 execution_us=34572 reason=tracking_pose_accepted
x=4.1 y=0.149998 yaw=-8.16919 score=0.997599 valid=1 mode=tracking state=TRACKING evaluated=831 execution_us=31692 reason=tracking_pose_accepted
x=3.85 y=0.0999983 yaw=-8.01304 score=0.998123 valid=1 mode=tracking state=TRACKING evaluated=789 execution_us=30080 reason=tracking_pose_accepted
x=4.1 y=0.149998 yaw=-8.57248 score=0.993742 valid=1 mode=tracking state=TRACKING evaluated=807 execution_us=29540 reason=tracking_pose_accepted
x=3.75 y=0.0999982 yaw=-8.39888 score=0.992157 valid=1 mode=tracking state=TRACKING evaluated=807 execution_us=31426 reason=tracking_pose_accepted
x=4.1 y=0.149998 yaw=-8.29509 score=0.998102 valid=1 mode=tracking state=TRACKING evaluated=807 execution_us=30207 reason=tracking_pose_accepted
x=3.75 y=0.0999982 yaw=-8.13895 score=0.994598 valid=1 mode=tracking state=TRACKING evaluated=807 execution_us=32057 reason=tracking_pose_accepted
x=4.1 y=0.149998 yaw=-8.12243 score=0.998244 valid=1 mode=tracking state=TRACKING evaluated=831 execution_us=36899 reason=tracking_pose_accepted
x=3.85 y=0.0999982 yaw=-7.98374 score=0.997102 valid=1 mode=tracking state=TRACKING evaluated=789 execution_us=36159 reason=tracking_pose_accepted
x=4.1 y=0.149998 yaw=-8.50827 score=0.993529 valid=1 mode=tracking state=TRACKING evaluated=807 execution_us=32035 reason=tracking_pose_accepted
x=3.75 y=0.0999981 yaw=-8.40448 score=0.994485 valid=1 mode=tracking state=TRACKING evaluated=807 execution_us=36470 reason=tracking_pose_accepted
x=4.1 y=0.149998 yaw=-8.40542 score=0.994598 valid=1 mode=tracking state=TRACKING evaluated=807 execution_us=32564 reason=tracking_pose_accepted
x=3.75 y=0.0999981 yaw=-8.23182 score=0.992612 valid=1 mode=tracking state=TRACKING evaluated=807 execution_us=34474 reason=tracking_pose_accepted
x=4.1 y=0.149998 yaw=-8.09312 score=0.997727 valid=1 mode=tracking state=TRACKING evaluated=831 execution_us=34821 reason=tracking_pose_accepted
x=3.85 y=0.0999981 yaw=-7.93698 score=0.998755 valid=1 mode=tracking state=TRACKING evaluated=789 execution_us=32036 reason=tracking_pose_accepted
x=4.1 y=0.149998 yaw=-8.47896 score=0.994835 valid=1 mode=tracking state=TRACKING evaluated=807 execution_us=38170 reason=tracking_pose_accepted
x=3.75 y=0.099998 yaw=-8.37518 score=0.99582 valid=1 mode=tracking state=TRACKING evaluated=807 execution_us=38757 reason=tracking_pose_accepted
x=4.1 y=0.149998 yaw=-8.23649 score=0.995475 valid=1 mode=tracking state=TRACKING evaluated=807 execution_us=39768 reason=tracking_pose_accepted
x=3.75 y=0.099998 yaw=-8.09779 score=0.997059 valid=1 mode=tracking state=TRACKING evaluated=807 execution_us=39740 reason=tracking_pose_accepted
x=3.85 y=0.099998 yaw=-8.13363 score=0.998424 valid=1 mode=tracking state=TRACKING evaluated=807 execution_us=31244 reason=tracking_pose_accepted
x=4.1 y=0.149998 yaw=-8.65817 score=0.99287 valid=1 mode=tracking state=TRACKING evaluated=789 execution_us=27782 reason=tracking_pose_accepted
x=3.75 y=0.0999979 yaw=-8.48457 score=0.991556 valid=1 mode=tracking state=TRACKING evaluated=789 execution_us=36819 reason=tracking_pose_accepted
x=4.1 y=0.149998 yaw=-8.52041 score=0.994261 valid=1 mode=tracking state=TRACKING evaluated=831 execution_us=37314 reason=tracking_pose_accepted
x=3.75 y=0.0999979 yaw=-8.38171 score=0.995386 valid=1 mode=tracking state=TRACKING evaluated=789 execution_us=36193 reason=tracking_pose_accepted
x=4.1 y=0.149998 yaw=-8.38265 score=0.994885 valid=1 mode=tracking state=TRACKING evaluated=831 execution_us=39052 reason=tracking_pose_accepted
x=3.85 y=0.0999979 yaw=-8.20905 score=0.995983 valid=1 mode=tracking state=TRACKING evaluated=789 execution_us=36716 reason=tracking_pose_accepted
x=4.1 y=0.149998 yaw=-8.80339 score=0.992339 valid=1 mode=tracking state=TRACKING evaluated=807 execution_us=38291 reason=tracking_pose_accepted
x=3.75 y=0.0999979 yaw=-8.6298 score=0.987107 valid=1 mode=tracking state=TRACKING evaluated=807 execution_us=32858 reason=tracking_pose_accepted
x=4.1 y=0.149998 yaw=-8.4562 score=0.996285 valid=1 mode=tracking state=TRACKING evaluated=807 execution_us=29691 reason=tracking_pose_accepted
x=3.75 y=0.0999978 yaw=-8.3175 score=0.996343 valid=1 mode=tracking state=TRACKING evaluated=807 execution_us=30827 reason=tracking_pose_accepted
x=4.1 y=0.149998 yaw=-8.28353 score=0.998748 valid=1 mode=tracking state=TRACKING evaluated=831 execution_us=30479 reason=tracking_pose_accepted
x=3.85 y=0.0999978 yaw=-8.12738 score=0.99819 valid=1 mode=tracking state=TRACKING evaluated=789 execution_us=30182 reason=tracking_pose_accepted
x=4.1 y=0.149998 yaw=-8.68682 score=0.992243 valid=1 mode=tracking state=TRACKING evaluated=807 execution_us=28891 reason=tracking_pose_accepted
x=3.75 y=0.0999978 yaw=-8.54813 score=0.991777 valid=1 mode=tracking state=TRACKING evaluated=807 execution_us=33599 reason=tracking_pose_accepted
x=4.1 y=0.149998 yaw=-8.39198 score=0.997587 valid=1 mode=tracking state=TRACKING evaluated=807 execution_us=34046 reason=tracking_pose_accepted
x=3.85 y=0.0999977 yaw=-8.27075 score=0.99582 valid=1 mode=tracking state=TRACKING evaluated=807 execution_us=35536 reason=tracking_pose_accepted
x=4.1 y=0.149998 yaw=-8.86509 score=0.992116 valid=1 mode=tracking state=TRACKING evaluated=807 execution_us=34407 reason=tracking_pose_accepted
x=3.75 y=0.0999976 yaw=-8.69149 score=0.992116 valid=1 mode=tracking state=TRACKING evaluated=807 execution_us=35648 reason=tracking_pose_accepted
x=4.1 y=0.149998 yaw=-8.51789 score=0.994706 valid=1 mode=tracking state=TRACKING evaluated=807 execution_us=32050 reason=tracking_pose_accepted
x=3.75 y=0.0999976 yaw=-8.3792 score=0.994456 valid=1 mode=tracking state=TRACKING evaluated=807 execution_us=31319 reason=tracking_pose_accepted
x=4.1 y=0.149998 yaw=-8.34523 score=0.998762 valid=1 mode=tracking state=TRACKING evaluated=831 execution_us=31648 reason=tracking_pose_accepted
x=3.85 y=0.0999976 yaw=-8.20653 score=0.997574 valid=1 mode=tracking state=TRACKING evaluated=789 execution_us=31141 reason=tracking_pose_accepted
x=4.1 y=0.149998 yaw=-8.78343 score=0.991422 valid=1 mode=tracking state=TRACKING evaluated=807 execution_us=30972 reason=tracking_pose_accepted
x=3.75 y=0.0999975 yaw=-8.60983 score=0.98988 valid=1 mode=tracking state=TRACKING evaluated=807 execution_us=29451 reason=tracking_pose_accepted
x=4.1 y=0.149998 yaw=-8.61076 score=0.994679 valid=1 mode=tracking state=TRACKING evaluated=807 execution_us=36289 reason=tracking_pose_accepted
x=3.75 y=0.0999975 yaw=-8.47207 score=0.992157 valid=1 mode=tracking state=TRACKING evaluated=807 execution_us=36753 reason=tracking_pose_accepted
x=4.1 y=0.149997 yaw=-8.33338 score=0.998806 valid=1 mode=tracking state=TRACKING evaluated=831 execution_us=36759 reason=tracking_pose_accepted
x=3.85 y=0.0999975 yaw=-8.15978 score=0.997623 valid=1 mode=tracking state=TRACKING evaluated=789 execution_us=36849 reason=tracking_pose_accepted
x=4.1 y=0.149997 yaw=-8.70176 score=0.993189 valid=1 mode=tracking state=TRACKING evaluated=807 execution_us=36742 reason=tracking_pose_accepted
x=3.75 y=0.0999974 yaw=-8.54562 score=0.991733 valid=1 mode=tracking state=TRACKING evaluated=807 execution_us=36757 reason=tracking_pose_accepted
x=4.1 y=0.149997 yaw=-8.40692 score=0.997647 valid=1 mode=tracking state=TRACKING evaluated=807 execution_us=34040 reason=tracking_pose_accepted
x=3.75 y=0.0999973 yaw=-8.26823 score=0.994147 valid=1 mode=tracking state=TRACKING evaluated=807 execution_us=34858 reason=tracking_pose_accepted
x=4.1 y=0.149997 yaw=-8.39134 score=0.996324 valid=1 mode=tracking state=TRACKING evaluated=831 execution_us=34275 reason=tracking_pose_accepted
x=3.75 y=0.0999973 yaw=-8.2701 score=0.996265 valid=1 mode=tracking state=TRACKING evaluated=789 execution_us=33065 reason=tracking_pose_accepted
x=4.1 y=0.149997 yaw=-8.25358 score=0.999381 valid=1 mode=tracking state=TRACKING evaluated=831 execution_us=34498 reason=tracking_pose_accepted
x=3.85 y=0.0999973 yaw=-8.09743 score=0.998181 valid=1 mode=tracking state=TRACKING evaluated=789 execution_us=38161 reason=tracking_pose_accepted
x=4.1 y=0.149997 yaw=-8.62197 score=0.994542 valid=1 mode=tracking state=TRACKING evaluated=807 execution_us=27142 reason=tracking_pose_accepted
x=3.75 y=0.0999973 yaw=-8.51818 score=0.993363 valid=1 mode=tracking state=TRACKING evaluated=807 execution_us=28887 reason=tracking_pose_accepted
x=4.1 y=0.149997 yaw=-8.48421 score=0.997059 valid=1 mode=tracking state=TRACKING evaluated=807 execution_us=29260 reason=tracking_pose_accepted
x=3.75 y=0.0999972 yaw=-8.38042 score=0.993464 valid=1 mode=tracking state=TRACKING evaluated=807 execution_us=29641 reason=tracking_pose_accepted
x=4.1 y=0.149997 yaw=-8.34645 score=0.998755 valid=1 mode=tracking state=TRACKING evaluated=831 execution_us=28594 reason=tracking_pose_accepted
x=3.85 y=0.0999972 yaw=-8.17285 score=0.997044 valid=1 mode=tracking state=TRACKING evaluated=789 execution_us=35497 reason=tracking_pose_accepted
x=4.1 y=0.149997 yaw=-8.71484 score=0.990856 valid=1 mode=tracking state=TRACKING evaluated=807 execution_us=35615 reason=tracking_pose_accepted
x=3.75 y=0.0999972 yaw=-8.57614 score=0.99151 valid=1 mode=tracking state=TRACKING evaluated=807 execution_us=36065 reason=tracking_pose_accepted
x=4.1 y=0.149997 yaw=-8.40254 score=0.99827 valid=1 mode=tracking state=TRACKING evaluated=807 execution_us=36859 reason=tracking_pose_accepted
x=3.85 y=0.0999971 yaw=-8.22894 score=0.995046 valid=1 mode=tracking state=TRACKING evaluated=807 execution_us=35783 reason=tracking_pose_accepted
x=4.1 y=0.149997 yaw=-8.78838 score=0.992315 valid=1 mode=tracking state=TRACKING evaluated=807 execution_us=36265 reason=tracking_pose_accepted
x=3.75 y=0.0999971 yaw=-8.63224 score=0.989412 valid=1 mode=tracking state=TRACKING evaluated=807 execution_us=30925 reason=tracking_pose_accepted
x=4.1 y=0.149997 yaw=-8.45864 score=0.996435 valid=1 mode=tracking state=TRACKING evaluated=807 execution_us=30114 reason=tracking_pose_accepted
x=3.85 y=0.099997 yaw=-8.28504 score=0.994028 valid=1 mode=tracking state=TRACKING evaluated=807 execution_us=30525 reason=tracking_pose_accepted
x=4.1 y=0.149997 yaw=-8.84448 score=0.991733 valid=1 mode=tracking state=TRACKING evaluated=807 execution_us=28726 reason=tracking_pose_accepted
x=3.75 y=0.0999969 yaw=-8.67088 score=0.988176 valid=1 mode=tracking state=TRACKING evaluated=807 execution_us=30890 reason=tracking_pose_accepted
x=4.1 y=0.149997 yaw=-8.49728 score=0.992941 valid=1 mode=tracking state=TRACKING evaluated=807 execution_us=34157 reason=tracking_pose_accepted
x=3.75 y=0.0999969 yaw=-8.32368 score=0.992197 valid=1 mode=tracking state=TRACKING evaluated=807 execution_us=34298 reason=tracking_pose_accepted
x=4.1 y=0.149997 yaw=-8.28971 score=0.998829 valid=1 mode=tracking state=TRACKING evaluated=831 execution_us=35336 reason=tracking_pose_accepted
x=3.85 y=0.0999969 yaw=-8.15102 score=0.997611 valid=1 mode=tracking state=TRACKING evaluated=789 execution_us=34909 reason=tracking_pose_accepted
x=4.1 y=0.149997 yaw=-8.693 score=0.993363 valid=1 mode=tracking state=TRACKING evaluated=807 execution_us=34257 reason=tracking_pose_accepted
x=3.75 y=0.0999968 yaw=-8.55431 score=0.992276 valid=1 mode=tracking state=TRACKING evaluated=807 execution_us=31622 reason=tracking_pose_accepted
x=4.1 y=0.149997 yaw=-8.5727 score=0.99457 valid=1 mode=tracking state=TRACKING evaluated=807 execution_us=31096 reason=tracking_pose_accepted
x=3.75 y=0.0999968 yaw=-8.41655 score=0.993363 valid=1 mode=tracking state=TRACKING evaluated=807 execution_us=31393 reason=tracking_pose_accepted
x=4.1 y=0.149997 yaw=-8.40003 score=0.998171 valid=1 mode=tracking state=TRACKING evaluated=831 execution_us=31584 reason=tracking_pose_accepted
x=3.85 y=0.0999968 yaw=-8.22643 score=0.996361 valid=1 mode=tracking state=TRACKING evaluated=789 execution_us=31035 reason=tracking_pose_accepted
x=4.1 y=0.149997 yaw=-8.80332 score=0.99095 valid=1 mode=tracking state=TRACKING evaluated=807 execution_us=30923 reason=tracking_pose_accepted
x=3.75 y=0.0999967 yaw=-8.62972 score=0.99384 valid=1 mode=tracking state=TRACKING evaluated=807 execution_us=35793 reason=tracking_pose_accepted
x=4.1 y=0.149997 yaw=-8.45613 score=0.995923 valid=1 mode=tracking state=TRACKING evaluated=807 execution_us=36127 reason=tracking_pose_accepted
x=3.75 y=0.0999966 yaw=-8.31743 score=0.993529 valid=1 mode=tracking state=TRACKING evaluated=807 execution_us=36233 reason=tracking_pose_accepted
x=4.1 y=0.149997 yaw=-8.19619 score=0.998847 valid=1 mode=tracking state=TRACKING evaluated=831 execution_us=37722 reason=tracking_pose_accepted
x=3.85 y=0.0999966 yaw=-8.09241 score=0.998824 valid=1 mode=tracking state=TRACKING evaluated=789 execution_us=36193 reason=tracking_pose_accepted
x=4.1 y=0.149997 yaw=-8.65185 score=0.992236 valid=1 mode=tracking state=TRACKING evaluated=807 execution_us=32510 reason=tracking_pose_accepted
x=3.75 y=0.0999966 yaw=-8.47825 score=0.993046 valid=1 mode=tracking state=TRACKING evaluated=807 execution_us=34651 reason=tracking_pose_accepted
x=4.1 y=0.149997 yaw=-8.5839 score=0.994913 valid=1 mode=tracking state=TRACKING evaluated=807 execution_us=31652 reason=tracking_pose_accepted
x=3.75 y=0.0999965 yaw=-8.42775 score=0.990338 valid=1 mode=tracking state=TRACKING evaluated=807 execution_us=35067 reason=tracking_pose_accepted
x=4.1 y=0.149997 yaw=-8.30651 score=0.998253 valid=1 mode=tracking state=TRACKING evaluated=831 execution_us=35121 reason=tracking_pose_accepted
x=3.8 y=0.0999965 yaw=-8.15037 score=0.995755 valid=1 mode=tracking state=TRACKING evaluated=789 execution_us=33154 reason=tracking_pose_accepted
x=3.75 y=0.0999965 yaw=-8.6749 score=0.991377 valid=1 mode=tracking state=TRACKING evaluated=807 execution_us=37286 reason=tracking_pose_accepted
x=4.1 y=0.149997 yaw=-8.5013 score=0.995318 valid=1 mode=tracking state=TRACKING evaluated=831 execution_us=39077 reason=tracking_pose_accepted
x=3.75 y=0.0999965 yaw=-8.39752 score=0.992194 valid=1 mode=tracking state=TRACKING evaluated=789 execution_us=39458 reason=tracking_pose_accepted
x=4.1 y=0.149997 yaw=-8.381 score=0.998261 valid=1 mode=tracking state=TRACKING evaluated=831 execution_us=29605 reason=tracking_pose_accepted
x=3.75 y=0.0999965 yaw=-8.27721 score=0.996983 valid=1 mode=tracking state=TRACKING evaluated=789 execution_us=27768 reason=tracking_pose_accepted
x=4.1 y=0.149997 yaw=-8.12106 score=0.999409 valid=1 mode=tracking state=TRACKING evaluated=831 execution_us=29376 reason=tracking_pose_accepted
x=3.85 y=0.0999965 yaw=-7.94747 score=0.999403 valid=1 mode=tracking state=TRACKING evaluated=789 execution_us=34801 reason=tracking_pose_accepted
x=4.1 y=0.149997 yaw=-8.50691 score=0.997044 valid=1 mode=tracking state=TRACKING evaluated=807 execution_us=35485 reason=tracking_pose_accepted
x=3.75 y=0.0999965 yaw=-8.36821 score=0.996143 valid=1 mode=tracking state=TRACKING evaluated=789 execution_us=34195 reason=tracking_pose_accepted
x=4.1 y=0.149997 yaw=-8.3866 score=0.997442 valid=1 mode=tracking state=TRACKING evaluated=831 execution_us=34869 reason=tracking_pose_accepted
x=3.85 y=0.0999965 yaw=-8.26536 score=0.996803 valid=1 mode=tracking state=TRACKING evaluated=789 execution_us=33923 reason=tracking_pose_accepted
x=4.1 y=0.149996 yaw=-8.78989 score=0.99308 valid=1 mode=tracking state=TRACKING evaluated=807 execution_us=41769 reason=tracking_pose_accepted
x=3.75 y=0.0999965 yaw=-8.63375 score=0.991821 valid=1 mode=tracking state=TRACKING evaluated=807 execution_us=28547 reason=tracking_pose_accepted
x=4.1 y=0.149996 yaw=-8.46015 score=0.9974 valid=1 mode=tracking state=TRACKING evaluated=807 execution_us=27260 reason=tracking_pose_accepted
x=3.75 y=0.0999964 yaw=-8.33891 score=1 valid=1 mode=tracking state=TRACKING evaluated=807 execution_us=26441 reason=tracking_pose_accepted
x=4.1 y=0.149996 yaw=-8.23512 score=0.999367 valid=1 mode=tracking state=TRACKING evaluated=831 execution_us=29040 reason=tracking_pose_accepted
x=3.85 y=0.0999964 yaw=-8.07898 score=1 valid=1 mode=tracking state=TRACKING evaluated=789 execution_us=27318 reason=tracking_pose_accepted
x=4.1 y=0.149996 yaw=-8.62096 score=0.996205 valid=1 mode=tracking state=TRACKING evaluated=807 execution_us=34980 reason=tracking_pose_accepted
x=3.75 y=0.0999963 yaw=-8.48227 score=0.994857 valid=1 mode=tracking state=TRACKING evaluated=807 execution_us=35683 reason=tracking_pose_accepted
x=4.1 y=0.149996 yaw=-8.30867 score=0.998748 valid=1 mode=tracking state=TRACKING evaluated=807 execution_us=35842 reason=tracking_pose_accepted
x=3.85 y=0.0999963 yaw=-8.18743 score=0.999361 valid=1 mode=tracking state=TRACKING evaluated=807 execution_us=35920 reason=tracking_pose_accepted
x=4.1 y=0.149996 yaw=-8.74687 score=0.992369 valid=1 mode=tracking state=TRACKING evaluated=807 execution_us=35164 reason=tracking_pose_accepted
x=3.75 y=0.0999962 yaw=-8.57327 score=0.993772 valid=1 mode=tracking state=TRACKING evaluated=807 execution_us=26755 reason=tracking_pose_accepted
x=4.1 y=0.149996 yaw=-8.41712 score=0.997356 valid=1 mode=tracking state=TRACKING evaluated=807 execution_us=27354 reason=tracking_pose_accepted
x=3.75 y=0.0999962 yaw=-8.31334 score=0.998071 valid=1 mode=tracking state=TRACKING evaluated=807 execution_us=29778 reason=tracking_pose_accepted
x=4.1 y=0.149996 yaw=-8.34918 score=0.997456 valid=1 mode=tracking state=TRACKING evaluated=831 execution_us=29276 reason=tracking_pose_accepted
x=3.8 y=0.0999962 yaw=-8.24539 score=0.999332 valid=1 mode=tracking state=TRACKING evaluated=789 execution_us=27385 reason=tracking_pose_accepted
x=3.75 y=0.0999961 yaw=-8.76993 score=0.986378 valid=1 mode=tracking state=TRACKING evaluated=807 execution_us=30293 reason=tracking_pose_accepted
x=4.1 y=0.149996 yaw=-8.63123 score=0.996143 valid=1 mode=tracking state=TRACKING evaluated=831 execution_us=33637 reason=tracking_pose_accepted
x=3.75 y=0.0999962 yaw=-8.49254 score=0.99545 valid=1 mode=tracking state=TRACKING evaluated=789 execution_us=32935 reason=tracking_pose_accepted
x=4.1 y=0.149996 yaw=-8.38875 score=0.998102 valid=1 mode=tracking state=TRACKING evaluated=831 execution_us=34734 reason=tracking_pose_accepted
x=3.75 y=0.0999962 yaw=-8.25006 score=0.99747 valid=1 mode=tracking state=TRACKING evaluated=789 execution_us=33505 reason=tracking_pose_accepted
x=2.5 y=0.0999961 yaw=-8.2859 score=1 valid=1 mode=tracking state=TRACKING evaluated=831 execution_us=33191 reason=tracking_pose_accepted
x=1.7 y=0.149996 yaw=-8.60099 score=1 valid=1 mode=tracking state=TRACKING evaluated=807 execution_us=30902 reason=tracking_pose_accepted
x=1.7 y=0.149996 yaw=-9.19534 score=1 valid=1 mode=tracking state=TRACKING evaluated=831 execution_us=30877 reason=tracking_pose_accepted
x=1.45 y=0.249996 yaw=-9.78969 score=1 valid=1 mode=tracking state=TRACKING evaluated=831 execution_us=31260 reason=tracking_pose_accepted
x=1.8 y=0.0999961 yaw=-10.384 score=1 valid=1 mode=tracking state=TRACKING evaluated=807 execution_us=30742 reason=tracking_pose_accepted
x=1.45 y=0.249996 yaw=-10.9784 score=0.999354 valid=1 mode=tracking state=TRACKING evaluated=807 execution_us=30178 reason=tracking_pose_accepted
x=1.65 y=0.099996 yaw=-11.5727 score=1 valid=1 mode=tracking state=TRACKING evaluated=831 execution_us=30613 reason=tracking_pose_accepted
x=1.8 y=0.099996 yaw=-11.4689 score=1 valid=1 mode=tracking state=TRACKING evaluated=807 execution_us=34796 reason=tracking_pose_accepted
x=1.65 y=0.099996 yaw=-12.0633 score=1 valid=1 mode=tracking state=TRACKING evaluated=789 execution_us=34259 reason=tracking_pose_accepted
x=1.65 y=0.099996 yaw=-12.0991 score=1 valid=1 mode=tracking state=TRACKING evaluated=807 execution_us=35052 reason=tracking_pose_accepted
x=1.65 y=0.099996 yaw=-11.9953 score=1 valid=1 mode=tracking state=TRACKING evaluated=807 execution_us=34243 reason=tracking_pose_accepted
x=1.65 y=0.099996 yaw=-11.8916 score=1 valid=1 mode=tracking state=TRACKING evaluated=807 execution_us=37214 reason=tracking_pose_accepted
x=1.65 y=0.099996 yaw=-11.7878 score=1 valid=1 mode=tracking state=TRACKING evaluated=807 execution_us=32173 reason=tracking_pose_accepted
x=1.65 y=0.099996 yaw=-11.684 score=1 valid=1 mode=tracking state=TRACKING evaluated=807 execution_us=33439 reason=tracking_pose_accepted
x=1.65 y=0.099996 yaw=-11.5802 score=1 valid=1 mode=tracking state=TRACKING evaluated=807 execution_us=33134 reason=tracking_pose_accepted
x=1.65 y=0.099996 yaw=-11.4764 score=1 valid=1 mode=tracking state=TRACKING evaluated=807 execution_us=34784 reason=tracking_pose_accepted
x=1.65 y=0.099996 yaw=-11.3726 score=1 valid=1 mode=tracking state=TRACKING evaluated=807 execution_us=34282 reason=tracking_pose_accepted
x=1.45 y=0.199996 yaw=-11.2514 score=0.998123 valid=1 mode=tracking state=TRACKING evaluated=807 execution_us=33840 reason=tracking_pose_accepted
x=1.65 y=0.0999959 yaw=-11.8457 score=1 valid=1 mode=tracking state=TRACKING evaluated=831 execution_us=39975 reason=tracking_pose_accepted
x=1.65 y=0.0999959 yaw=-12.0212 score=1 valid=1 mode=tracking state=TRACKING evaluated=831 execution_us=27679 reason=tracking_pose_accepted
x=1.65 y=0.0999959 yaw=-11.9174 score=1 valid=1 mode=tracking state=TRACKING evaluated=831 execution_us=27929 reason=tracking_pose_accepted
x=1.65 y=0.0999959 yaw=-11.8136 score=1 valid=1 mode=tracking state=TRACKING evaluated=831 execution_us=40790 reason=tracking_pose_accepted
x=1.65 y=0.0999959 yaw=-11.8495 score=1 valid=1 mode=tracking state=TRACKING evaluated=831 execution_us=30361 reason=tracking_pose_accepted
x=1.65 y=0.0999959 yaw=-11.7457 score=0.995192 valid=1 mode=tracking state=TRACKING evaluated=831 execution_us=30718 reason=tracking_pose_accepted
x=1.65 y=0.0999959 yaw=-11.6419 score=1 valid=1 mode=tracking state=TRACKING evaluated=831 execution_us=37047 reason=tracking_pose_accepted
x=1.65 y=0.0999959 yaw=-11.5381 score=1 valid=1 mode=tracking state=TRACKING evaluated=831 execution_us=36785 reason=tracking_pose_accepted
x=1.8 y=0.0999959 yaw=-11.4343 score=1 valid=1 mode=tracking state=TRACKING evaluated=831 execution_us=37051 reason=tracking_pose_accepted
x=1.65 y=0.0999959 yaw=-12.0287 score=1 valid=1 mode=tracking state=TRACKING evaluated=831 execution_us=37500 reason=tracking_pose_accepted
x=1.65 y=0.0999959 yaw=-11.9249 score=1 valid=1 mode=tracking state=TRACKING evaluated=831 execution_us=38673 reason=tracking_pose_accepted
x=1.4 y=0.249996 yaw=-11.8211 score=1 valid=1 mode=tracking state=TRACKING evaluated=831 execution_us=45017 reason=tracking_pose_accepted
x=1.65 y=0.0999959 yaw=-12.4154 score=1 valid=1 mode=tracking state=TRACKING evaluated=831 execution_us=31694 reason=tracking_pose_accepted
x=1.65 y=0.0999959 yaw=-12.4164 score=1 valid=1 mode=tracking state=TRACKING evaluated=807 execution_us=30592 reason=tracking_pose_accepted
x=1.4 y=0.249996 yaw=-12.9933 score=0.994924 valid=1 mode=tracking state=TRACKING evaluated=807 execution_us=30595 reason=tracking_pose_accepted
x=1.75 y=0.149996 yaw=-13.5876 score=1 valid=1 mode=tracking state=TRACKING evaluated=807 execution_us=30968 reason=tracking_pose_accepted
x=1.7 y=0.149996 yaw=-14.182 score=0.994205 valid=1 mode=tracking state=TRACKING evaluated=807 execution_us=30914 reason=tracking_pose_accepted
x=1.7 y=0.149996 yaw=-14.7763 score=1 valid=1 mode=tracking state=TRACKING evaluated=807 execution_us=33918 reason=tracking_pose_accepted
x=1.7 y=0.149996 yaw=-15.3706 score=1 valid=1 mode=tracking state=TRACKING evaluated=807 execution_us=35982 reason=tracking_pose_accepted
x=1.45 y=0.249996 yaw=-15.965 score=1 valid=1 mode=tracking state=TRACKING evaluated=807 execution_us=35510 reason=tracking_pose_accepted
x=1.8 y=0.0999958 yaw=-16.5593 score=1 valid=1 mode=tracking state=TRACKING evaluated=831 execution_us=35327 reason=tracking_pose_accepted
x=1.45 y=0.249996 yaw=-17.1537 score=0.999434 valid=1 mode=tracking state=TRACKING evaluated=789 execution_us=35546 reason=tracking_pose_accepted
x=1.8 y=0.0999957 yaw=-17.748 score=1 valid=1 mode=tracking state=TRACKING evaluated=807 execution_us=31979 reason=tracking_pose_accepted
x=1.65 y=0.0999957 yaw=-18.3424 score=1 valid=1 mode=tracking state=TRACKING evaluated=807 execution_us=33834 reason=tracking_pose_accepted
x=1.65 y=0.0999957 yaw=-18.2386 score=1 valid=1 mode=tracking state=TRACKING evaluated=831 execution_us=34763 reason=tracking_pose_accepted
x=1.65 y=0.0999957 yaw=-18.1348 score=1 valid=1 mode=tracking state=TRACKING evaluated=831 execution_us=32416 reason=tracking_pose_accepted
x=1.65 y=0.0999957 yaw=-18.031 score=1 valid=1 mode=tracking state=TRACKING evaluated=831 execution_us=33940 reason=tracking_pose_accepted
x=1.65 y=0.0999957 yaw=-17.9272 score=0.995192 valid=1 mode=tracking state=TRACKING evaluated=831 execution_us=32593 reason=tracking_pose_accepted
x=1.65 y=0.0999957 yaw=-17.9631 score=0.99495 valid=1 mode=tracking state=TRACKING evaluated=831 execution_us=36801 reason=tracking_pose_accepted
x=1.65 y=0.0999957 yaw=-17.8593 score=1 valid=1 mode=tracking state=TRACKING evaluated=831 execution_us=36788 reason=tracking_pose_accepted
x=1.8 y=0.0999957 yaw=-17.7555 score=1 valid=1 mode=tracking state=TRACKING evaluated=831 execution_us=37712 reason=tracking_pose_accepted
x=1.65 y=0.0999957 yaw=-18.3499 score=0.995146 valid=1 mode=tracking state=TRACKING evaluated=831 execution_us=38334 reason=tracking_pose_accepted
x=1.65 y=0.0999957 yaw=-18.2461 score=1 valid=1 mode=tracking state=TRACKING evaluated=831 execution_us=37502 reason=tracking_pose_accepted
x=1.65 y=0.0999957 yaw=-18.1423 score=1 valid=1 mode=tracking state=TRACKING evaluated=831 execution_us=42256 reason=tracking_pose_accepted
x=1.65 y=0.0999957 yaw=-18.1781 score=1 valid=1 mode=tracking state=TRACKING evaluated=831 execution_us=34594 reason=tracking_pose_accepted
x=1.4 y=0.249996 yaw=-18.0744 score=1 valid=1 mode=tracking state=TRACKING evaluated=831 execution_us=33174 reason=tracking_pose_accepted
x=1.65 y=0.0999956 yaw=-18.6687 score=1 valid=1 mode=tracking state=TRACKING evaluated=831 execution_us=34186 reason=tracking_pose_accepted
x=1.4 y=0.249996 yaw=-19.2456 score=0.990099 valid=1 mode=tracking state=TRACKING evaluated=807 execution_us=31723 reason=tracking_pose_accepted
x=1.75 y=0.149996 yaw=-19.8399 score=1 valid=1 mode=tracking state=TRACKING evaluated=807 execution_us=33267 reason=tracking_pose_accepted
x=1.7 y=0.149996 yaw=-20.4343 score=0.995364 valid=1 mode=tracking state=TRACKING evaluated=807 execution_us=37334 reason=tracking_pose_accepted
x=1.7 y=0.149996 yaw=-21.0286 score=1 valid=1 mode=tracking state=TRACKING evaluated=807 execution_us=37740 reason=tracking_pose_accepted
x=1.5 y=0.199996 yaw=-21.623 score=1 valid=1 mode=tracking state=TRACKING evaluated=807 execution_us=38505 reason=tracking_pose_accepted
x=1.45 y=0.249996 yaw=-22.2173 score=1 valid=1 mode=tracking state=TRACKING evaluated=831 execution_us=38796 reason=tracking_pose_accepted
x=1.8 y=0.0999955 yaw=-22.8117 score=1 valid=1 mode=tracking state=TRACKING evaluated=831 execution_us=39023 reason=tracking_pose_accepted
x=1.45 y=0.249995 yaw=-23.406 score=1 valid=1 mode=tracking state=TRACKING evaluated=807 execution_us=38581 reason=tracking_pose_accepted
x=1.8 y=0.0999955 yaw=-24.0004 score=1 valid=1 mode=tracking state=TRACKING evaluated=807 execution_us=35081 reason=tracking_pose_accepted
x=1.65 y=0.0999954 yaw=-24.5947 score=1 valid=1 mode=tracking state=TRACKING evaluated=831 execution_us=34887 reason=tracking_pose_accepted
x=1.65 y=0.0999954 yaw=-24.4909 score=1 valid=1 mode=tracking state=TRACKING evaluated=831 execution_us=36254 reason=tracking_pose_accepted
x=1.65 y=0.0999954 yaw=-24.3871 score=1 valid=1 mode=tracking state=TRACKING evaluated=831 execution_us=35895 reason=tracking_pose_accepted
x=1.65 y=0.0999954 yaw=-24.2833 score=1 valid=1 mode=tracking state=TRACKING evaluated=831 execution_us=36628 reason=tracking_pose_accepted
x=1.65 y=0.0999954 yaw=-24.1796 score=1 valid=1 mode=tracking state=TRACKING evaluated=831 execution_us=41764 reason=tracking_pose_accepted
x=1.65 y=0.0999954 yaw=-24.0758 score=1 valid=1 mode=tracking state=TRACKING evaluated=831 execution_us=30011 reason=tracking_pose_accepted
x=1.8 y=0.0999954 yaw=-23.972 score=1 valid=1 mode=tracking state=TRACKING evaluated=831 execution_us=31024 reason=tracking_pose_accepted
x=1.65 y=0.0999954 yaw=-24.5663 score=1 valid=1 mode=tracking state=TRACKING evaluated=807 execution_us=28783 reason=tracking_pose_accepted
x=1.65 y=0.0999954 yaw=-24.4626 score=1 valid=1 mode=tracking state=TRACKING evaluated=831 execution_us=29151 reason=tracking_pose_accepted
x=1.65 y=0.0999954 yaw=-24.3588 score=1 valid=1 mode=tracking state=TRACKING evaluated=831 execution_us=43259 reason=tracking_pose_accepted
x=1.65 y=0.0999954 yaw=-24.255 score=1 valid=1 mode=tracking state=TRACKING evaluated=831 execution_us=22527 reason=tracking_pose_accepted
x=1.65 y=0.0999954 yaw=-24.2908 score=1 valid=1 mode=tracking state=TRACKING evaluated=831 execution_us=35512 reason=tracking_pose_accepted
x=1.65 y=0.0999954 yaw=-24.1871 score=1 valid=1 mode=tracking state=TRACKING evaluated=831 execution_us=36039 reason=tracking_pose_accepted
x=1.65 y=0.0999954 yaw=-24.0833 score=1 valid=1 mode=tracking state=TRACKING evaluated=831 execution_us=30023 reason=tracking_pose_accepted
x=1.8 y=0.0999954 yaw=-23.9795 score=1 valid=1 mode=tracking state=TRACKING evaluated=831 execution_us=29827 reason=tracking_pose_accepted
x=1.65 y=0.0999954 yaw=-24.5738 score=1 valid=1 mode=tracking state=TRACKING evaluated=831 execution_us=30077 reason=tracking_pose_accepted
x=1.65 y=0.0999954 yaw=-24.4701 score=1 valid=1 mode=tracking state=TRACKING evaluated=831 execution_us=28968 reason=tracking_pose_accepted
x=1.65 y=0.0999954 yaw=-24.3663 score=1 valid=1 mode=tracking state=TRACKING evaluated=831 execution_us=29545 reason=tracking_pose_accepted
x=1.65 y=0.0999954 yaw=-24.2625 score=1 valid=1 mode=tracking state=TRACKING evaluated=831 execution_us=33970 reason=tracking_pose_accepted
x=1.65 y=0.0999954 yaw=-24.1587 score=1 valid=1 mode=tracking state=TRACKING evaluated=831 execution_us=34088 reason=tracking_pose_accepted
x=1.45 y=0.199995 yaw=-24.02 score=0.995072 valid=1 mode=tracking state=TRACKING evaluated=831 execution_us=34237 reason=tracking_pose_accepted
x=1.65 y=0.0999954 yaw=-24.6144 score=1 valid=1 mode=tracking state=TRACKING evaluated=807 execution_us=47369 reason=tracking_pose_accepted
x=1.65 y=0.0999954 yaw=-24.5106 score=1 valid=1 mode=tracking state=TRACKING evaluated=807 execution_us=22645 reason=tracking_pose_accepted
x=1.65 y=0.0999954 yaw=-24.4068 score=1 valid=1 mode=tracking state=TRACKING evaluated=807 execution_us=32232 reason=tracking_pose_accepted
x=1.65 y=0.0999954 yaw=-24.303 score=1 valid=1 mode=tracking state=TRACKING evaluated=807 execution_us=30368 reason=tracking_pose_accepted
x=1.65 y=0.0999954 yaw=-24.1992 score=1 valid=1 mode=tracking state=TRACKING evaluated=807 execution_us=30914 reason=tracking_pose_accepted
x=1.65 y=0.0999954 yaw=-24.0954 score=1 valid=1 mode=tracking state=TRACKING evaluated=807 execution_us=30534 reason=tracking_pose_accepted
x=1.8 y=0.0999954 yaw=-23.9917 score=1 valid=1 mode=tracking state=TRACKING evaluated=807 execution_us=30992 reason=tracking_pose_accepted
x=1.65 y=0.0999954 yaw=-24.586 score=1 valid=1 mode=tracking state=TRACKING evaluated=789 execution_us=37542 reason=tracking_pose_accepted
x=1.65 y=0.0999954 yaw=-24.4822 score=1 valid=1 mode=tracking state=TRACKING evaluated=807 execution_us=36187 reason=tracking_pose_accepted
x=1.65 y=0.0999954 yaw=-24.3784 score=1 valid=1 mode=tracking state=TRACKING evaluated=807 execution_us=35440 reason=tracking_pose_accepted
x=1.65 y=0.0999954 yaw=-24.2747 score=1 valid=1 mode=tracking state=TRACKING evaluated=807 execution_us=35995 reason=tracking_pose_accepted
x=1.65 y=0.0999954 yaw=-24.1709 score=1 valid=1 mode=tracking state=TRACKING evaluated=807 execution_us=36042 reason=tracking_pose_accepted
x=1.65 y=0.0999954 yaw=-24.0671 score=0.994819 valid=1 mode=tracking state=TRACKING evaluated=807 execution_us=36850 reason=tracking_pose_accepted
x=1.8 y=0.0999954 yaw=-23.9633 score=1 valid=1 mode=tracking state=TRACKING evaluated=807 execution_us=32489 reason=tracking_pose_accepted
x=1.65 y=0.0999954 yaw=-24.5577 score=1 valid=1 mode=tracking state=TRACKING evaluated=807 execution_us=32540 reason=tracking_pose_accepted
x=1.65 y=0.0999954 yaw=-24.4539 score=1 valid=1 mode=tracking state=TRACKING evaluated=807 execution_us=33252 reason=tracking_pose_accepted
x=1.65 y=0.0999954 yaw=-24.3501 score=1 valid=1 mode=tracking state=TRACKING evaluated=807 execution_us=32287 reason=tracking_pose_accepted
x=1.65 y=0.0999954 yaw=-24.2463 score=1 valid=1 mode=tracking state=TRACKING evaluated=807 execution_us=32239 reason=tracking_pose_accepted
x=1.65 y=0.0999954 yaw=-24.1425 score=1 valid=1 mode=tracking state=TRACKING evaluated=807 execution_us=36892 reason=tracking_pose_accepted
x=1.65 y=0.0999954 yaw=-24.0387 score=0.994764 valid=1 mode=tracking state=TRACKING evaluated=807 execution_us=37403 reason=tracking_pose_accepted
x=1.8 y=0.149995 yaw=-24.4935 score=0.95774 valid=1 mode=tracking state=TRACKING evaluated=807 execution_us=47197 reason=tracking_pose_accepted
x=1.55 y=1.45 yaw=-24.9482 score=0.322679 valid=0 mode=tracking state=DEGRADED evaluated=807 execution_us=60896 reason=tracking_score_below_threshold
x=1.6 y=1.5 yaw=-24.9482 score=0.289377 valid=0 mode=tracking state=DEGRADED evaluated=807 execution_us=50396 reason=tracking_score_below_threshold
x=1.55 y=1.55 yaw=-24.9482 score=0.298882 valid=0 mode=tracking state=LOST evaluated=807 execution_us=49620 reason=rejection_limit_reached
x=3.95 y=4.45 yaw=-0.0654502 score=0.938251 valid=1 mode=global state=RECOVERED evaluated=15444 execution_us=906549 reason=global_relocalization_accepted
x=3.95 y=4.45 yaw=-0.0489311 score=0.993142 valid=1 mode=tracking state=RECOVERED evaluated=807 execution_us=55167 reason=recovery_confirmation_pending
x=3.95 y=4.45 yaw=-0.0498653 score=0.993752 valid=1 mode=tracking state=RECOVERED evaluated=789 execution_us=54184 reason=recovery_confirmation_pending
x=3.95 y=4.45 yaw=-0.0507994 score=0.994528 valid=1 mode=tracking state=TRACKING evaluated=789 execution_us=54365 reason=recovery_confirmed
x=3.95 y=4.45 yaw=-0.0517336 score=0.996017 valid=1 mode=tracking state=TRACKING evaluated=789 execution_us=53541 reason=tracking_pose_accepted
x=3.95 y=4.45 yaw=-0.0526678 score=0.993277 valid=1 mode=tracking state=TRACKING evaluated=789 execution_us=54818 reason=tracking_pose_accepted
x=3.95 y=4.45 yaw=-0.053602 score=0.9945 valid=1 mode=tracking state=TRACKING evaluated=789 execution_us=54472 reason=tracking_pose_accepted
x=3.95 y=4.45 yaw=-0.0545362 score=0.994194 valid=1 mode=tracking state=TRACKING evaluated=789 execution_us=58087 reason=tracking_pose_accepted
x=3.95 y=4.45 yaw=-0.0554704 score=0.992208 valid=1 mode=tracking state=TRACKING evaluated=789 execution_us=59181 reason=tracking_pose_accepted
x=3.95 y=4.45 yaw=-0.0564045 score=0.992208 valid=1 mode=tracking state=TRACKING evaluated=789 execution_us=58888 reason=tracking_pose_accepted
x=3.95 y=4.45 yaw=-0.0573387 score=0.993089 valid=1 mode=tracking state=TRACKING evaluated=807 execution_us=60039 reason=tracking_pose_accepted
x=3.95 y=4.45 yaw=-0.0582729 score=0.989277 valid=1 mode=tracking state=TRACKING evaluated=789 execution_us=59322 reason=tracking_pose_accepted
x=3.95 y=4.45 yaw=-0.0592071 score=0.990728 valid=1 mode=tracking state=TRACKING evaluated=789 execution_us=59814 reason=tracking_pose_accepted
x=3.95 y=4.45 yaw=-0.0601413 score=0.994805 valid=1 mode=tracking state=TRACKING evaluated=789 execution_us=56394 reason=tracking_pose_accepted
x=3.95 y=4.45 yaw=-0.0610755 score=0.989583 valid=1 mode=tracking state=TRACKING evaluated=789 execution_us=56127 reason=tracking_pose_accepted
x=3.95 y=4.45 yaw=-0.0620096 score=0.98784 valid=1 mode=tracking state=TRACKING evaluated=789 execution_us=56547 reason=tracking_pose_accepted
x=3.95 y=4.45 yaw=-0.0454905 score=0.987867 valid=1 mode=tracking state=TRACKING evaluated=789 execution_us=58239 reason=tracking_pose_accepted
x=3.95 y=4.45 yaw=-0.0464247 score=0.984988 valid=1 mode=tracking state=TRACKING evaluated=789 execution_us=56261 reason=tracking_pose_accepted
x=3.95 y=4.45 yaw=-0.0473589 score=0.992819 valid=1 mode=tracking state=TRACKING evaluated=789 execution_us=56859 reason=tracking_pose_accepted
x=3.95 y=4.45 yaw=-0.0482931 score=0.990222 valid=1 mode=tracking state=TRACKING evaluated=789 execution_us=50931 reason=tracking_pose_accepted
x=3.95 y=4.45 yaw=-0.0492273 score=0.993107 valid=1 mode=tracking state=TRACKING evaluated=789 execution_us=50662 reason=tracking_pose_accepted
x=3.95 y=4.45 yaw=-0.0501614 score=0.994528 valid=1 mode=tracking state=TRACKING evaluated=789 execution_us=51720 reason=tracking_pose_accepted
x=3.95 y=4.45 yaw=-0.0510956 score=0.993295 valid=1 mode=tracking state=TRACKING evaluated=789 execution_us=51211 reason=tracking_pose_accepted
x=3.95 y=4.45 yaw=-0.0520298 score=0.995688 valid=1 mode=tracking state=TRACKING evaluated=789 execution_us=50197 reason=tracking_pose_accepted
x=3.95 y=4.45 yaw=-0.052964 score=0.994514 valid=1 mode=tracking state=TRACKING evaluated=789 execution_us=58518 reason=tracking_pose_accepted
x=3.95 y=4.45 yaw=-0.0538982 score=0.9957 valid=1 mode=tracking state=TRACKING evaluated=789 execution_us=57560 reason=tracking_pose_accepted
x=3.95 y=4.45 yaw=-0.0548324 score=0.993888 valid=1 mode=tracking state=TRACKING evaluated=789 execution_us=57322 reason=tracking_pose_accepted
x=3.95 y=4.45 yaw=-0.0557665 score=0.990196 valid=1 mode=tracking state=TRACKING evaluated=789 execution_us=58275 reason=tracking_pose_accepted
x=3.95 y=4.45 yaw=-0.0567007 score=0.989556 valid=1 mode=tracking state=TRACKING evaluated=789 execution_us=57251 reason=tracking_pose_accepted
x=3.95 y=4.45 yaw=-0.0576349 score=0.994528 valid=1 mode=tracking state=TRACKING evaluated=789 execution_us=58286 reason=tracking_pose_accepted
x=3.95 y=4.45 yaw=-0.0585691 score=0.99186 valid=1 mode=tracking state=TRACKING evaluated=789 execution_us=58485 reason=tracking_pose_accepted
x=3.95 y=4.45 yaw=-0.0595033 score=0.99164 valid=1 mode=tracking state=TRACKING evaluated=789 execution_us=52118 reason=tracking_pose_accepted
x=3.95 y=4.45 yaw=-0.0604375 score=0.989332 valid=1 mode=tracking state=TRACKING evaluated=789 execution_us=52297 reason=tracking_pose_accepted
x=3.95 y=4.45 yaw=-0.0613716 score=0.98961 valid=1 mode=tracking state=TRACKING evaluated=789 execution_us=51637 reason=tracking_pose_accepted
x=3.95 y=4.45 yaw=-0.0623058 score=0.989028 valid=1 mode=tracking state=TRACKING evaluated=789 execution_us=52416 reason=tracking_pose_accepted
x=3.95 y=4.45 yaw=-0.06324 score=0.986928 valid=1 mode=tracking state=TRACKING evaluated=789 execution_us=53269 reason=tracking_pose_accepted
x=3.95 y=4.45 yaw=-0.0467209 score=0.987592 valid=1 mode=tracking state=TRACKING evaluated=789 execution_us=55817 reason=tracking_pose_accepted
x=3.95 y=4.45 yaw=-0.0476551 score=0.990502 valid=1 mode=tracking state=TRACKING evaluated=789 execution_us=55809 reason=tracking_pose_accepted
x=3.95 y=4.45 yaw=-0.0485892 score=0.990527 valid=1 mode=tracking state=TRACKING evaluated=789 execution_us=56613 reason=tracking_pose_accepted
x=3.95 y=4.45 yaw=-0.0495234 score=0.994179 valid=1 mode=tracking state=TRACKING evaluated=789 execution_us=56345 reason=tracking_pose_accepted
x=3.95 y=4.45 yaw=-0.0504576 score=0.995098 valid=1 mode=tracking state=TRACKING evaluated=789 execution_us=56873 reason=tracking_pose_accepted
x=3.95 y=4.45 yaw=-0.0513918 score=0.994832 valid=1 mode=tracking state=TRACKING evaluated=789 execution_us=54026 reason=tracking_pose_accepted
x=3.95 y=4.45 yaw=-0.052326 score=0.993888 valid=1 mode=tracking state=TRACKING evaluated=789 execution_us=54251 reason=tracking_pose_accepted
x=3.95 y=4.45 yaw=-0.0532602 score=0.993904 valid=1 mode=tracking state=TRACKING evaluated=789 execution_us=54603 reason=tracking_pose_accepted
x=3.95 y=4.45 yaw=-0.0541943 score=0.9945 valid=1 mode=tracking state=TRACKING evaluated=789 execution_us=53750 reason=tracking_pose_accepted
x=3.95 y=4.45 yaw=-0.0551285 score=0.991902 valid=1 mode=tracking state=TRACKING evaluated=789 execution_us=53783 reason=tracking_pose_accepted
x=3.95 y=4.45 yaw=-0.0560627 score=0.994792 valid=1 mode=tracking state=TRACKING evaluated=789 execution_us=54821 reason=tracking_pose_accepted
x=3.95 y=4.45 yaw=-0.0569969 score=0.99017 valid=1 mode=tracking state=TRACKING evaluated=789 execution_us=57281 reason=tracking_pose_accepted
x=3.95 y=4.45 yaw=-0.0579311 score=0.994805 valid=1 mode=tracking state=TRACKING evaluated=789 execution_us=58349 reason=tracking_pose_accepted
x=3.95 y=4.45 yaw=-0.0588653 score=0.989583 valid=1 mode=tracking state=TRACKING evaluated=789 execution_us=58015 reason=tracking_pose_accepted
x=3.95 y=4.45 yaw=-0.0597994 score=0.98936 valid=1 mode=tracking state=TRACKING evaluated=789 execution_us=58982 reason=tracking_pose_accepted
x=3.95 y=4.45 yaw=-0.0607336 score=0.989556 valid=1 mode=tracking state=TRACKING evaluated=789 execution_us=59096 reason=tracking_pose_accepted
x=3.95 y=4.45 yaw=-0.0616678 score=0.98518 valid=1 mode=tracking state=TRACKING evaluated=789 execution_us=58905 reason=tracking_pose_accepted
x=3.95 y=4.45 yaw=-0.062602 score=0.989305 valid=1 mode=tracking state=TRACKING evaluated=789 execution_us=55434 reason=tracking_pose_accepted
x=3.95 y=4.45 yaw=-0.0635362 score=0.988971 valid=1 mode=tracking state=TRACKING evaluated=789 execution_us=56012 reason=tracking_pose_accepted
x=3.95 y=4.45 yaw=-0.0470171 score=0.987867 valid=1 mode=tracking state=TRACKING evaluated=789 execution_us=55361 reason=tracking_pose_accepted
x=3.95 y=4.45 yaw=-0.0479512 score=0.993719 valid=1 mode=tracking state=TRACKING evaluated=789 execution_us=55547 reason=tracking_pose_accepted
x=3.95 y=4.45 yaw=-0.0488854 score=0.995711 valid=1 mode=tracking state=TRACKING evaluated=789 execution_us=56069 reason=tracking_pose_accepted
x=3.95 y=4.45 yaw=-0.0498196 score=0.9945 valid=1 mode=tracking state=TRACKING evaluated=789 execution_us=59066 reason=tracking_pose_accepted
x=3.95 y=4.45 yaw=-0.0507538 score=0.993857 valid=1 mode=tracking state=TRACKING evaluated=789 execution_us=60320 reason=tracking_pose_accepted
x=3.95 y=4.45 yaw=-0.051688 score=0.995085 valid=1 mode=tracking state=TRACKING evaluated=789 execution_us=60310 reason=tracking_pose_accepted
x=3.95 y=4.45 yaw=-0.0526222 score=0.995428 valid=1 mode=tracking state=TRACKING evaluated=789 execution_us=60418 reason=tracking_pose_accepted
x=3.95 y=4.45 yaw=-0.0535563 score=0.994194 valid=1 mode=tracking state=TRACKING evaluated=789 execution_us=60886 reason=tracking_pose_accepted
x=3.95 y=4.45 yaw=-0.0544905 score=0.991902 valid=1 mode=tracking state=TRACKING evaluated=789 execution_us=49981 reason=tracking_pose_accepted
x=3.95 y=4.45 yaw=-0.0554247 score=0.993904 valid=1 mode=tracking state=TRACKING evaluated=789 execution_us=56656 reason=tracking_pose_accepted
x=3.95 y=4.45 yaw=-0.0563589 score=0.994514 valid=1 mode=tracking state=TRACKING evaluated=789 execution_us=57367 reason=tracking_pose_accepted
x=3.95 y=4.45 yaw=-0.0572931 score=0.992781 valid=1 mode=tracking state=TRACKING evaluated=789 execution_us=56410 reason=tracking_pose_accepted
x=3.95 y=4.45 yaw=-0.0582273 score=0.991336 valid=1 mode=tracking state=TRACKING evaluated=789 execution_us=58058 reason=tracking_pose_accepted
x=3.95 y=4.45 yaw=-0.0591614 score=0.994819 valid=1 mode=tracking state=TRACKING evaluated=789 execution_us=58784 reason=tracking_pose_accepted
x=3.95 y=4.45 yaw=-0.0600956 score=0.991314 valid=1 mode=tracking state=TRACKING evaluated=789 execution_us=57477 reason=tracking_pose_accepted
x=3.95 y=4.45 yaw=-0.0610298 score=0.992474 valid=1 mode=tracking state=TRACKING evaluated=789 execution_us=51472 reason=tracking_pose_accepted
x=3.95 y=4.45 yaw=-0.061964 score=0.989028 valid=1 mode=tracking state=TRACKING evaluated=789 execution_us=51121 reason=tracking_pose_accepted
x=3.95 y=4.45 yaw=-0.0454449 score=0.988205 valid=1 mode=tracking state=TRACKING evaluated=789 execution_us=51298 reason=tracking_pose_accepted
x=3.95 y=4.45 yaw=-0.046379 score=0.987961 valid=1 mode=tracking state=TRACKING evaluated=789 execution_us=52394 reason=tracking_pose_accepted
x=3.95 y=4.45 yaw=-0.0473132 score=0.987592 valid=1 mode=tracking state=TRACKING evaluated=789 execution_us=51721 reason=tracking_pose_accepted
x=3.95 y=4.45 yaw=-0.0482474 score=0.995416 valid=1 mode=tracking state=TRACKING evaluated=789 execution_us=51841 reason=tracking_pose_accepted
x=3.95 y=4.45 yaw=-0.0491816 score=0.995123 valid=1 mode=tracking state=TRACKING evaluated=789 execution_us=59310 reason=tracking_pose_accepted
x=3.95 y=4.45 yaw=-0.0501158 score=0.99544 valid=1 mode=tracking state=TRACKING evaluated=789 execution_us=58736 reason=tracking_pose_accepted
x=3.95 y=4.45 yaw=-0.05105 score=0.994209 valid=1 mode=tracking state=TRACKING evaluated=789 execution_us=59918 reason=tracking_pose_accepted
x=3.95 y=4.45 yaw=-0.0519841 score=0.994805 valid=1 mode=tracking state=TRACKING evaluated=789 execution_us=56484 reason=tracking_pose_accepted
x=3.95 y=4.45 yaw=-0.0529183 score=0.995098 valid=1 mode=tracking state=TRACKING evaluated=789 execution_us=56489 reason=tracking_pose_accepted
x=3.95 y=4.45 yaw=-0.0538525 score=0.994832 valid=1 mode=tracking state=TRACKING evaluated=789 execution_us=53450 reason=tracking_pose_accepted
x=3.95 y=4.45 yaw=-0.0547867 score=0.992228 valid=1 mode=tracking state=TRACKING evaluated=789 execution_us=53268 reason=tracking_pose_accepted
x=3.95 y=4.45 yaw=-0.0557209 score=0.995085 valid=1 mode=tracking state=TRACKING evaluated=789 execution_us=52861 reason=tracking_pose_accepted
x=3.95 y=4.45 yaw=-0.0566551 score=0.991902 valid=1 mode=tracking state=TRACKING evaluated=789 execution_us=54038 reason=tracking_pose_accepted
x=3.95 y=4.45 yaw=-0.0575892 score=0.992819 valid=1 mode=tracking state=TRACKING evaluated=789 execution_us=53749 reason=tracking_pose_accepted
x=3.95 y=4.45 yaw=-0.0585234 score=0.992248 valid=1 mode=tracking state=TRACKING evaluated=789 execution_us=54170 reason=tracking_pose_accepted
x=3.95 y=4.45 yaw=-0.0594576 score=0.992167 valid=1 mode=tracking state=TRACKING evaluated=789 execution_us=57459 reason=tracking_pose_accepted
x=3.95 y=4.45 yaw=-0.0603918 score=0.991314 valid=1 mode=tracking state=TRACKING evaluated=789 execution_us=58419 reason=tracking_pose_accepted
x=3.95 y=4.45 yaw=-0.061326 score=0.98961 valid=1 mode=tracking state=TRACKING evaluated=789 execution_us=58617 reason=tracking_pose_accepted
x=3.95 y=4.45 yaw=-0.0622602 score=0.990374 valid=1 mode=tracking state=TRACKING evaluated=789 execution_us=58411 reason=tracking_pose_accepted
x=3.95 y=4.45 yaw=-0.0457411 score=0.98989 valid=1 mode=tracking state=TRACKING evaluated=789 execution_us=58463 reason=tracking_pose_accepted
x=3.95 y=4.45 yaw=-0.0466752 score=0.985675 valid=1 mode=tracking state=TRACKING evaluated=789 execution_us=64516 reason=tracking_pose_accepted
x=3.95 y=4.45 yaw=-0.0476094 score=0.98989 valid=1 mode=tracking state=TRACKING evaluated=789 execution_us=55085 reason=tracking_pose_accepted
x=3.95 y=4.45 yaw=-0.0485436 score=0.992533 valid=1 mode=tracking state=TRACKING evaluated=789 execution_us=55334 reason=tracking_pose_accepted
x=3.95 y=4.45 yaw=-0.0494778 score=0.995428 valid=1 mode=tracking state=TRACKING evaluated=789 execution_us=55828 reason=tracking_pose_accepted
x=3.95 y=4.45 yaw=-0.050412 score=0.994792 valid=1 mode=tracking state=TRACKING evaluated=789 execution_us=55313 reason=tracking_pose_accepted
x=3.95 y=4.45 yaw=-0.0513461 score=0.99538 valid=1 mode=tracking state=TRACKING evaluated=789 execution_us=55933 reason=tracking_pose_accepted
x=3.95 y=4.45 yaw=-0.0522803 score=0.995136 valid=1 mode=tracking state=TRACKING evaluated=789 execution_us=59431 reason=tracking_pose_accepted
x=3.95 y=4.45 yaw=-0.0532145 score=0.995416 valid=1 mode=tracking state=TRACKING evaluated=789 execution_us=59696 reason=tracking_pose_accepted
x=3.95 y=4.45 yaw=-0.0541487 score=0.994819 valid=1 mode=tracking state=TRACKING evaluated=789 execution_us=60789 reason=tracking_pose_accepted
x=3.95 y=4.45 yaw=-0.0550829 score=0.994224 valid=1 mode=tracking state=TRACKING evaluated=789 execution_us=60100 reason=tracking_pose_accepted
x=3.95 y=4.45 yaw=-0.0560171 score=0.993107 valid=1 mode=tracking state=TRACKING evaluated=789 execution_us=60093 reason=tracking_pose_accepted
x=3.95 y=4.45 yaw=-0.0569512 score=0.994194 valid=1 mode=tracking state=TRACKING evaluated=789 execution_us=50028 reason=tracking_pose_accepted
x=3.95 y=4.45 yaw=-0.0578854 score=0.992228 valid=1 mode=tracking state=TRACKING evaluated=789 execution_us=57474 reason=tracking_pose_accepted
x=3.95 y=4.45 yaw=-0.0588196 score=0.992188 valid=1 mode=tracking state=TRACKING evaluated=789 execution_us=56997 reason=tracking_pose_accepted
x=3.95 y=4.45 yaw=-0.0597538 score=0.991291 valid=1 mode=tracking state=TRACKING evaluated=789 execution_us=57082 reason=tracking_pose_accepted
x=3.95 y=4.45 yaw=-0.060688 score=0.988752 valid=1 mode=tracking state=TRACKING evaluated=789 execution_us=57115 reason=tracking_pose_accepted
mission_command=STOP
x=3.95 y=4.45 yaw=-0.0616222 score=0.988664 valid=1 mode=tracking state=TRACKING evaluated=789 execution_us=58659 reason=tracking_pose_accepted
[YDLIDAR] Now lidar scanning has stopped!
lidar_state=STOPPED
signal_handler(15)
