mission_command=START
[YDLIDAR] SDK initializing
[YDLIDAR] SDK has been initialized
[YDLIDAR] SDK Version: 1.2.7
[YDLIDAR] Lidar successfully connected [/dev/ttyS3:230400]
[YDLIDAR] Lidar running correctly! The health status: good
Current Lidar Model Code 151
[YDLIDAR] Baseplate device info
Firmware version: 1.2
Hardware version: 1
Model: Tmini Plus
Serial: 2025042300090381
[YDLIDAR] Current scan frequency: 10.00Hz
[YDLIDAR] Current scan frequency: 10.00Hz
[YDLIDAR] Lidar init success, Elapsed time 944 ms
[YDLIDAR] Create thread 0xA69584C0
[YDLIDAR] Successed to start scan mode, Elapsed time 2098 ms
[YDLIDAR] Scan Frequency: 10.00Hz
[YDLIDAR] Fixed Size: 400
[YDLIDAR] Sample Rate: 4.00K
[YDLIDAR] Successed to check the lidar, Elapsed time 0 ms
[2026-07-25 01:39:03][info] [YDLIDAR] Now lidar is scanning...
lidar_state=RUNNING
x=3.3 y=2.05 yaw=-0.0436336 score=0.975566 valid=1 mode=global state=RECOVERED evaluated=15444 execution_us=907007 reason=initial_global_pose_accepted
x=3.3 y=2.05 yaw=-0.0620211 score=0.979936 valid=1 mode=tracking state=RECOVERED evaluated=831 execution_us=51838 reason=recovery_confirmation_pending
x=3.3 y=2.05 yaw=-0.0455019 score=0.972345 valid=1 mode=tracking state=RECOVERED evaluated=807 execution_us=48394 reason=recovery_confirmation_pending
x=3.3 y=2.05 yaw=-0.0464361 score=0.977482 valid=1 mode=tracking state=TRACKING evaluated=807 execution_us=54379 reason=recovery_confirmed
x=3.3 y=2.05 yaw=-0.0473703 score=0.977714 valid=1 mode=tracking state=TRACKING evaluated=807 execution_us=57227 reason=tracking_pose_accepted
x=3.3 y=2.05 yaw=-0.0657577 score=0.979132 valid=1 mode=tracking state=TRACKING evaluated=807 execution_us=61690 reason=tracking_pose_accepted
x=3.3 y=2.05 yaw=-0.0492386 score=0.9752 valid=1 mode=tracking state=TRACKING evaluated=807 execution_us=61251 reason=tracking_pose_accepted
x=3.3 y=2.05 yaw=-0.0501728 score=0.97453 valid=1 mode=tracking state=TRACKING evaluated=807 execution_us=62110 reason=tracking_pose_accepted
x=3.3 y=2.05 yaw=-0.0511069 score=0.975312 valid=1 mode=tracking state=TRACKING evaluated=807 execution_us=51243 reason=tracking_pose_accepted
x=3.3 y=2.05 yaw=-0.0520411 score=0.975312 valid=1 mode=tracking state=TRACKING evaluated=807 execution_us=51231 reason=tracking_pose_accepted
x=3.3 y=2.05 yaw=-0.0529753 score=0.980544 valid=1 mode=tracking state=TRACKING evaluated=807 execution_us=53023 reason=tracking_pose_accepted
x=3.3 y=2.05 yaw=-0.0539095 score=0.977598 valid=1 mode=tracking state=TRACKING evaluated=807 execution_us=58623 reason=tracking_pose_accepted
x=3.3 y=2.05 yaw=-0.0548437 score=0.97796 valid=1 mode=tracking state=TRACKING evaluated=807 execution_us=59908 reason=tracking_pose_accepted
x=3.3 y=2.05 yaw=-0.0557779 score=0.982824 valid=1 mode=tracking state=TRACKING evaluated=807 execution_us=59618 reason=tracking_pose_accepted
x=3.29999 y=2.05 yaw=-0.0567121 score=0.978401 valid=1 mode=tracking state=TRACKING evaluated=807 execution_us=59092 reason=tracking_pose_accepted
x=3.29999 y=2.05 yaw=-0.0576462 score=0.978151 valid=1 mode=tracking state=TRACKING evaluated=807 execution_us=60020 reason=tracking_pose_accepted
x=3.29999 y=2.05 yaw=-0.0585804 score=0.977903 valid=1 mode=tracking state=TRACKING evaluated=807 execution_us=52177 reason=tracking_pose_accepted
x=3.29999 y=2.05 yaw=-0.0595146 score=0.98009 valid=1 mode=tracking state=TRACKING evaluated=807 execution_us=53775 reason=tracking_pose_accepted
x=3.29999 y=2.05 yaw=-0.0604488 score=0.979579 valid=1 mode=tracking state=TRACKING evaluated=807 execution_us=53966 reason=tracking_pose_accepted
x=3.29999 y=2.05 yaw=-0.061383 score=0.982216 valid=1 mode=tracking state=TRACKING evaluated=807 execution_us=53321 reason=tracking_pose_accepted
x=3.29999 y=2.05 yaw=-0.0623172 score=0.977771 valid=1 mode=tracking state=TRACKING evaluated=807 execution_us=53673 reason=tracking_pose_accepted
x=3.29999 y=2.05 yaw=-0.0457981 score=0.977411 valid=1 mode=tracking state=TRACKING evaluated=807 execution_us=53733 reason=tracking_pose_accepted
x=3.29999 y=2.05001 yaw=-0.0467322 score=0.980039 valid=1 mode=tracking state=TRACKING evaluated=807 execution_us=57702 reason=tracking_pose_accepted
x=3.29999 y=2.05001 yaw=-0.0651197 score=0.983389 valid=1 mode=tracking state=TRACKING evaluated=807 execution_us=56925 reason=tracking_pose_accepted
x=3.29999 y=2.05001 yaw=-0.0486005 score=0.974833 valid=1 mode=tracking state=TRACKING evaluated=807 execution_us=58005 reason=tracking_pose_accepted
x=3.29999 y=2.05001 yaw=-0.0495347 score=0.977352 valid=1 mode=tracking state=TRACKING evaluated=807 execution_us=57939 reason=tracking_pose_accepted
x=3.29999 y=2.05001 yaw=-0.0504689 score=0.974768 valid=1 mode=tracking state=TRACKING evaluated=807 execution_us=58742 reason=tracking_pose_accepted
x=3.29999 y=2.05001 yaw=-0.0514031 score=0.978073 valid=1 mode=tracking state=TRACKING evaluated=807 execution_us=58916 reason=tracking_pose_accepted
x=3.29999 y=2.05001 yaw=-0.0523373 score=0.9752 valid=1 mode=tracking state=TRACKING evaluated=807 execution_us=55110 reason=tracking_pose_accepted
x=3.29999 y=2.05001 yaw=-0.0532714 score=0.975617 valid=1 mode=tracking state=TRACKING evaluated=807 execution_us=55694 reason=tracking_pose_accepted
x=3.29999 y=2.05001 yaw=-0.0542056 score=0.982565 valid=1 mode=tracking state=TRACKING evaluated=807 execution_us=55007 reason=tracking_pose_accepted
x=3.29999 y=2.05001 yaw=-0.0551398 score=0.975376 valid=1 mode=tracking state=TRACKING evaluated=807 execution_us=55379 reason=tracking_pose_accepted
x=3.29999 y=2.05001 yaw=-0.056074 score=0.980291 valid=1 mode=tracking state=TRACKING evaluated=807 execution_us=56246 reason=tracking_pose_accepted
x=3.29999 y=2.05001 yaw=-0.0570082 score=0.982912 valid=1 mode=tracking state=TRACKING evaluated=807 execution_us=59694 reason=tracking_pose_accepted
x=3.29999 y=2.05001 yaw=-0.0579424 score=0.97813 valid=1 mode=tracking state=TRACKING evaluated=807 execution_us=60374 reason=tracking_pose_accepted
x=3.29999 y=2.05001 yaw=-0.0588765 score=0.979579 valid=1 mode=tracking state=TRACKING evaluated=807 execution_us=59645 reason=tracking_pose_accepted
x=3.29999 y=2.05001 yaw=-0.0598107 score=0.977166 valid=1 mode=tracking state=TRACKING evaluated=807 execution_us=60113 reason=tracking_pose_accepted
x=3.29999 y=2.05001 yaw=-0.0607449 score=0.977235 valid=1 mode=tracking state=TRACKING evaluated=807 execution_us=62355 reason=tracking_pose_accepted
x=3.29999 y=2.05001 yaw=-0.0616791 score=0.974293 valid=1 mode=tracking state=TRACKING evaluated=807 execution_us=60187 reason=tracking_pose_accepted
x=3.29998 y=2.05001 yaw=-0.0626133 score=0.979737 valid=1 mode=tracking state=TRACKING evaluated=807 execution_us=57075 reason=tracking_pose_accepted
x=3.29998 y=2.05001 yaw=-0.0635475 score=0.98024 valid=1 mode=tracking state=TRACKING evaluated=807 execution_us=57384 reason=tracking_pose_accepted
x=3.29998 y=2.05001 yaw=-0.0470283 score=0.979936 valid=1 mode=tracking state=TRACKING evaluated=807 execution_us=56946 reason=tracking_pose_accepted
x=3.29998 y=2.05001 yaw=-0.0654158 score=0.975248 valid=1 mode=tracking state=TRACKING evaluated=807 execution_us=57471 reason=tracking_pose_accepted
x=3.29998 y=2.05001 yaw=-0.0488966 score=0.97263 valid=1 mode=tracking state=TRACKING evaluated=807 execution_us=57824 reason=tracking_pose_accepted
x=3.29998 y=2.05001 yaw=-0.0498308 score=0.978017 valid=1 mode=tracking state=TRACKING evaluated=807 execution_us=57963 reason=tracking_pose_accepted
x=3.29998 y=2.05001 yaw=-0.050765 score=0.974398 valid=1 mode=tracking state=TRACKING evaluated=807 execution_us=61343 reason=tracking_pose_accepted
x=3.29998 y=2.05001 yaw=-0.0516992 score=0.981152 valid=1 mode=tracking state=TRACKING evaluated=807 execution_us=51623 reason=tracking_pose_accepted
x=3.29998 y=2.05001 yaw=-0.0526334 score=0.980494 valid=1 mode=tracking state=TRACKING evaluated=807 execution_us=51317 reason=tracking_pose_accepted
x=3.29998 y=2.05001 yaw=-0.0535675 score=0.975805 valid=1 mode=tracking state=TRACKING evaluated=807 execution_us=52501 reason=tracking_pose_accepted
x=3.29998 y=2.05001 yaw=-0.0545017 score=0.980342 valid=1 mode=tracking state=TRACKING evaluated=807 execution_us=51987 reason=tracking_pose_accepted
x=3.29998 y=2.05001 yaw=-0.0554359 score=0.975554 valid=1 mode=tracking state=TRACKING evaluated=807 execution_us=51746 reason=tracking_pose_accepted
x=3.29998 y=2.05001 yaw=-0.0563701 score=0.980848 valid=1 mode=tracking state=TRACKING evaluated=807 execution_us=52396 reason=tracking_pose_accepted
x=3.29998 y=2.05001 yaw=-0.0573043 score=0.980644 valid=1 mode=tracking state=TRACKING evaluated=807 execution_us=59274 reason=tracking_pose_accepted
x=3.29998 y=2.05001 yaw=-0.0582385 score=0.97453 valid=1 mode=tracking state=TRACKING evaluated=807 execution_us=59936 reason=tracking_pose_accepted
x=3.29998 y=2.05001 yaw=-0.0591727 score=0.980644 valid=1 mode=tracking state=TRACKING evaluated=807 execution_us=56513 reason=tracking_pose_accepted
x=3.29998 y=2.05001 yaw=-0.0601068 score=0.977656 valid=1 mode=tracking state=TRACKING evaluated=807 execution_us=59579 reason=tracking_pose_accepted
x=3.29998 y=2.05001 yaw=-0.061041 score=0.980392 valid=1 mode=tracking state=TRACKING evaluated=807 execution_us=59934 reason=tracking_pose_accepted
x=3.29998 y=2.05001 yaw=-0.0619752 score=0.976744 valid=1 mode=tracking state=TRACKING evaluated=807 execution_us=59600 reason=tracking_pose_accepted
x=3.29998 y=2.05001 yaw=-0.0629094 score=0.977714 valid=1 mode=tracking state=TRACKING evaluated=807 execution_us=53002 reason=tracking_pose_accepted
x=3.29998 y=2.05001 yaw=-0.0638436 score=0.977788 valid=1 mode=tracking state=TRACKING evaluated=807 execution_us=52972 reason=tracking_pose_accepted
x=3.29998 y=2.05001 yaw=-0.0647777 score=0.977048 valid=1 mode=tracking state=TRACKING evaluated=807 execution_us=52942 reason=tracking_pose_accepted
x=3.29998 y=2.05001 yaw=-0.0482586 score=0.977903 valid=1 mode=tracking state=TRACKING evaluated=807 execution_us=53414 reason=tracking_pose_accepted
x=3.29998 y=2.05001 yaw=-0.0491928 score=0.978264 valid=1 mode=tracking state=TRACKING evaluated=807 execution_us=54235 reason=tracking_pose_accepted
x=3.29998 y=2.05001 yaw=-0.050127 score=0.977469 valid=1 mode=tracking state=TRACKING evaluated=807 execution_us=58670 reason=tracking_pose_accepted
x=3.29998 y=2.05002 yaw=-0.0510612 score=0.974898 valid=1 mode=tracking state=TRACKING evaluated=807 execution_us=59038 reason=tracking_pose_accepted
x=3.29998 y=2.05002 yaw=-0.0519954 score=0.980291 valid=1 mode=tracking state=TRACKING evaluated=807 execution_us=58327 reason=tracking_pose_accepted
x=3.29998 y=2.05002 yaw=-0.0529295 score=0.97796 valid=1 mode=tracking state=TRACKING evaluated=807 execution_us=58065 reason=tracking_pose_accepted
x=3.29998 y=2.05002 yaw=-0.0538637 score=0.980494 valid=1 mode=tracking state=TRACKING evaluated=807 execution_us=58929 reason=tracking_pose_accepted
x=3.29998 y=2.05002 yaw=-0.0547979 score=0.980039 valid=1 mode=tracking state=TRACKING evaluated=807 execution_us=58781 reason=tracking_pose_accepted
x=3.29997 y=2.05002 yaw=-0.0557321 score=0.975248 valid=1 mode=tracking state=TRACKING evaluated=807 execution_us=54676 reason=tracking_pose_accepted
x=3.29997 y=2.05002 yaw=-0.0566663 score=0.977903 valid=1 mode=tracking state=TRACKING evaluated=807 execution_us=55626 reason=tracking_pose_accepted
x=3.29997 y=2.05002 yaw=-0.0576005 score=0.980291 valid=1 mode=tracking state=TRACKING evaluated=807 execution_us=55329 reason=tracking_pose_accepted
x=3.29997 y=2.05002 yaw=-0.0585347 score=0.980494 valid=1 mode=tracking state=TRACKING evaluated=807 execution_us=56025 reason=tracking_pose_accepted
x=3.29997 y=2.05002 yaw=-0.0594688 score=0.980544 valid=1 mode=tracking state=TRACKING evaluated=807 execution_us=55642 reason=tracking_pose_accepted
x=3.29997 y=2.05002 yaw=-0.060403 score=0.975617 valid=1 mode=tracking state=TRACKING evaluated=807 execution_us=62212 reason=tracking_pose_accepted
x=3.29997 y=2.05002 yaw=-0.0613372 score=0.979936 valid=1 mode=tracking state=TRACKING evaluated=807 execution_us=59951 reason=tracking_pose_accepted
x=3.29997 y=2.05002 yaw=-0.0622714 score=0.977828 valid=1 mode=tracking state=TRACKING evaluated=807 execution_us=59750 reason=tracking_pose_accepted
x=3.29997 y=2.05002 yaw=-0.0632056 score=0.977411 valid=1 mode=tracking state=TRACKING evaluated=807 execution_us=60183 reason=tracking_pose_accepted
x=3.29997 y=2.05002 yaw=-0.0641398 score=0.982308 valid=1 mode=tracking state=TRACKING evaluated=807 execution_us=60840 reason=tracking_pose_accepted
x=3.29997 y=2.05002 yaw=-0.0650739 score=0.977903 valid=1 mode=tracking state=TRACKING evaluated=807 execution_us=60403 reason=tracking_pose_accepted
x=3.29997 y=2.05002 yaw=-0.0485548 score=0.977526 valid=1 mode=tracking state=TRACKING evaluated=807 execution_us=66747 reason=tracking_pose_accepted
x=3.29997 y=2.05002 yaw=-0.049489 score=0.978017 valid=1 mode=tracking state=TRACKING evaluated=807 execution_us=57670 reason=tracking_pose_accepted
x=3.29997 y=2.05002 yaw=-0.0504232 score=0.974943 valid=1 mode=tracking state=TRACKING evaluated=807 execution_us=56976 reason=tracking_pose_accepted
x=3.29997 y=2.05002 yaw=-0.0513574 score=0.980544 valid=1 mode=tracking state=TRACKING evaluated=807 execution_us=57919 reason=tracking_pose_accepted
x=3.29997 y=2.05002 yaw=-0.0522915 score=0.975136 valid=1 mode=tracking state=TRACKING evaluated=807 execution_us=57616 reason=tracking_pose_accepted
x=3.29997 y=2.05002 yaw=-0.0532257 score=0.980594 valid=1 mode=tracking state=TRACKING evaluated=807 execution_us=57594 reason=tracking_pose_accepted
x=3.29997 y=2.05002 yaw=-0.0541599 score=0.975503 valid=1 mode=tracking state=TRACKING evaluated=807 execution_us=51093 reason=tracking_pose_accepted
x=3.29997 y=2.05002 yaw=-0.0550941 score=0.977598 valid=1 mode=tracking state=TRACKING evaluated=807 execution_us=50926 reason=tracking_pose_accepted
x=3.29997 y=2.05002 yaw=-0.0560283 score=0.975248 valid=1 mode=tracking state=TRACKING evaluated=807 execution_us=51331 reason=tracking_pose_accepted
x=3.29997 y=2.05002 yaw=-0.0569625 score=0.980749 valid=1 mode=tracking state=TRACKING evaluated=807 execution_us=51858 reason=tracking_pose_accepted
x=3.29997 y=2.05002 yaw=-0.0578966 score=0.975312 valid=1 mode=tracking state=TRACKING evaluated=807 execution_us=51780 reason=tracking_pose_accepted
x=3.29997 y=2.05002 yaw=-0.0588308 score=0.974332 valid=1 mode=tracking state=TRACKING evaluated=807 execution_us=52335 reason=tracking_pose_accepted
x=3.29997 y=2.05002 yaw=-0.059765 score=0.979381 valid=1 mode=tracking state=TRACKING evaluated=807 execution_us=59598 reason=tracking_pose_accepted
x=3.29997 y=2.05002 yaw=-0.0606992 score=0.977482 valid=1 mode=tracking state=TRACKING evaluated=807 execution_us=58894 reason=tracking_pose_accepted
x=3.29997 y=2.05002 yaw=-0.0616334 score=0.979779 valid=1 mode=tracking state=TRACKING evaluated=807 execution_us=59740 reason=tracking_pose_accepted
x=3.29997 y=2.05002 yaw=-0.0625676 score=0.97754 valid=1 mode=tracking state=TRACKING evaluated=807 execution_us=74375 reason=tracking_pose_accepted
x=3.29997 y=2.05002 yaw=-0.0635017 score=0.980648 valid=1 mode=tracking state=TRACKING evaluated=807 execution_us=58797 reason=tracking_pose_accepted
x=3.29997 y=2.05002 yaw=-0.0644359 score=0.981207 valid=1 mode=tracking state=TRACKING evaluated=807 execution_us=59551 reason=tracking_pose_accepted
x=3.29997 y=2.05002 yaw=-0.0479168 score=0.974637 valid=1 mode=tracking state=TRACKING evaluated=807 execution_us=52330 reason=tracking_pose_accepted
x=3.29997 y=2.05002 yaw=-0.048851 score=0.977903 valid=1 mode=tracking state=TRACKING evaluated=807 execution_us=54121 reason=tracking_pose_accepted
x=3.29997 y=2.05002 yaw=-0.0672384 score=0.982429 valid=1 mode=tracking state=TRACKING evaluated=807 execution_us=53177 reason=tracking_pose_accepted
x=3.29997 y=2.05002 yaw=-0.0507193 score=0.977771 valid=1 mode=tracking state=TRACKING evaluated=807 execution_us=53807 reason=tracking_pose_accepted
x=3.29997 y=2.05002 yaw=-0.0516535 score=0.982868 valid=1 mode=tracking state=TRACKING evaluated=807 execution_us=54461 reason=tracking_pose_accepted
x=3.29996 y=2.05002 yaw=-0.0525876 score=0.978017 valid=1 mode=tracking state=TRACKING evaluated=807 execution_us=57462 reason=tracking_pose_accepted
x=3.29996 y=2.05002 yaw=-0.0535218 score=0.977293 valid=1 mode=tracking state=TRACKING evaluated=807 execution_us=57282 reason=tracking_pose_accepted
x=3.29996 y=2.05002 yaw=-0.054456 score=0.977411 valid=1 mode=tracking state=TRACKING evaluated=807 execution_us=58570 reason=tracking_pose_accepted
x=3.29996 y=2.05003 yaw=-0.0553902 score=0.975136 valid=1 mode=tracking state=TRACKING evaluated=807 execution_us=57892 reason=tracking_pose_accepted
x=3.29996 y=2.05003 yaw=-0.0563244 score=0.980291 valid=1 mode=tracking state=TRACKING evaluated=807 execution_us=58302 reason=tracking_pose_accepted
x=3.29996 y=2.05003 yaw=-0.0572586 score=0.979737 valid=1 mode=tracking state=TRACKING evaluated=807 execution_us=63552 reason=tracking_pose_accepted
x=3.29996 y=2.05003 yaw=-0.0581928 score=0.979737 valid=1 mode=tracking state=TRACKING evaluated=807 execution_us=54884 reason=tracking_pose_accepted
x=3.29996 y=2.05003 yaw=-0.0591269 score=0.976929 valid=1 mode=tracking state=TRACKING evaluated=807 execution_us=55391 reason=tracking_pose_accepted
x=3.29996 y=2.05003 yaw=-0.0600611 score=0.98024 valid=1 mode=tracking state=TRACKING evaluated=807 execution_us=53877 reason=tracking_pose_accepted
x=3.29996 y=2.05003 yaw=-0.0609953 score=0.981959 valid=1 mode=tracking state=TRACKING evaluated=807 execution_us=56072 reason=tracking_pose_accepted
x=3.29996 y=2.05003 yaw=-0.0619295 score=0.977166 valid=1 mode=tracking state=TRACKING evaluated=807 execution_us=56272 reason=tracking_pose_accepted
x=3.29996 y=2.05003 yaw=-0.0628637 score=0.979275 valid=1 mode=tracking state=TRACKING evaluated=807 execution_us=62208 reason=tracking_pose_accepted
x=3.29996 y=2.05003 yaw=-0.0637978 score=0.977107 valid=1 mode=tracking state=TRACKING evaluated=807 execution_us=59236 reason=tracking_pose_accepted
x=3.29996 y=2.05003 yaw=-0.064732 score=0.979988 valid=1 mode=tracking state=TRACKING evaluated=807 execution_us=60523 reason=tracking_pose_accepted
x=3.29996 y=2.05003 yaw=-0.0656662 score=0.98024 valid=1 mode=tracking state=TRACKING evaluated=807 execution_us=59801 reason=tracking_pose_accepted
x=3.29996 y=2.05003 yaw=-0.0491471 score=0.977598 valid=1 mode=tracking state=TRACKING evaluated=807 execution_us=60392 reason=tracking_pose_accepted
x=3.29996 y=2.05003 yaw=-0.0500813 score=0.98024 valid=1 mode=tracking state=TRACKING evaluated=807 execution_us=60222 reason=tracking_pose_accepted
x=3.29996 y=2.05003 yaw=-0.0510155 score=0.97568 valid=1 mode=tracking state=TRACKING evaluated=807 execution_us=56559 reason=tracking_pose_accepted
x=3.29996 y=2.05003 yaw=-0.0519496 score=0.974833 valid=1 mode=tracking state=TRACKING evaluated=807 execution_us=57432 reason=tracking_pose_accepted
x=3.29996 y=2.05003 yaw=-0.0528838 score=0.974595 valid=1 mode=tracking state=TRACKING evaluated=807 execution_us=57362 reason=tracking_pose_accepted
x=3.29996 y=2.05003 yaw=-0.053818 score=0.976989 valid=1 mode=tracking state=TRACKING evaluated=807 execution_us=57182 reason=tracking_pose_accepted
x=3.29996 y=2.05003 yaw=-0.0547522 score=0.975008 valid=1 mode=tracking state=TRACKING evaluated=807 execution_us=57943 reason=tracking_pose_accepted
x=3.29996 y=2.05003 yaw=-0.0556864 score=0.977411 valid=1 mode=tracking state=TRACKING evaluated=807 execution_us=57539 reason=tracking_pose_accepted
x=3.29996 y=2.05003 yaw=-0.0566206 score=0.977411 valid=1 mode=tracking state=TRACKING evaluated=807 execution_us=61430 reason=tracking_pose_accepted
x=3.29996 y=2.05003 yaw=-0.0575548 score=0.980291 valid=1 mode=tracking state=TRACKING evaluated=807 execution_us=61502 reason=tracking_pose_accepted
x=3.29996 y=2.05003 yaw=-0.0584889 score=0.981912 valid=1 mode=tracking state=TRACKING evaluated=807 execution_us=61348 reason=tracking_pose_accepted
x=3.29996 y=2.05003 yaw=-0.0594231 score=0.980291 valid=1 mode=tracking state=TRACKING evaluated=807 execution_us=51919 reason=tracking_pose_accepted
x=3.29996 y=2.05003 yaw=-0.0603573 score=0.977293 valid=1 mode=tracking state=TRACKING evaluated=807 execution_us=51287 reason=tracking_pose_accepted
x=3.29996 y=2.05003 yaw=-0.0612915 score=0.977771 valid=1 mode=tracking state=TRACKING evaluated=807 execution_us=51976 reason=tracking_pose_accepted
x=3.29995 y=2.05003 yaw=-0.0622257 score=0.98278 valid=1 mode=tracking state=TRACKING evaluated=807 execution_us=59395 reason=tracking_pose_accepted
x=3.29995 y=2.05003 yaw=-0.0631599 score=0.981959 valid=1 mode=tracking state=TRACKING evaluated=807 execution_us=59114 reason=tracking_pose_accepted
x=3.29995 y=2.05003 yaw=-0.064094 score=0.979737 valid=1 mode=tracking state=TRACKING evaluated=807 execution_us=59216 reason=tracking_pose_accepted
x=3.29995 y=2.05003 yaw=-0.0650282 score=0.975312 valid=1 mode=tracking state=TRACKING evaluated=807 execution_us=59319 reason=tracking_pose_accepted
x=3.29995 y=2.05003 yaw=-0.0485091 score=0.975312 valid=1 mode=tracking state=TRACKING evaluated=807 execution_us=59239 reason=tracking_pose_accepted
x=3.29995 y=2.05003 yaw=-0.0494433 score=0.977846 valid=1 mode=tracking state=TRACKING evaluated=807 execution_us=60627 reason=tracking_pose_accepted
x=3.29995 y=2.05003 yaw=-0.0503775 score=0.982868 valid=1 mode=tracking state=TRACKING evaluated=807 execution_us=52626 reason=tracking_pose_accepted
x=3.29995 y=2.05003 yaw=-0.0513116 score=0.977846 valid=1 mode=tracking state=TRACKING evaluated=807 execution_us=52303 reason=tracking_pose_accepted
x=3.29995 y=2.05003 yaw=-0.0522458 score=0.977903 valid=1 mode=tracking state=TRACKING evaluated=807 execution_us=53378 reason=tracking_pose_accepted
x=3.29995 y=2.05003 yaw=-0.05318 score=0.978151 valid=1 mode=tracking state=TRACKING evaluated=807 execution_us=52533 reason=tracking_pose_accepted
x=3.29995 y=2.05003 yaw=-0.0541142 score=0.981054 valid=1 mode=tracking state=TRACKING evaluated=807 execution_us=53292 reason=tracking_pose_accepted
x=3.29995 y=2.05003 yaw=-0.0550484 score=0.980392 valid=1 mode=tracking state=TRACKING evaluated=807 execution_us=57272 reason=tracking_pose_accepted
x=3.29995 y=2.05003 yaw=-0.0559826 score=0.98252 valid=1 mode=tracking state=TRACKING evaluated=807 execution_us=56861 reason=tracking_pose_accepted
x=3.29995 y=2.05003 yaw=-0.0569167 score=0.97544 valid=1 mode=tracking state=TRACKING evaluated=807 execution_us=58589 reason=tracking_pose_accepted
x=3.29995 y=2.05003 yaw=-0.0578509 score=0.979737 valid=1 mode=tracking state=TRACKING evaluated=807 execution_us=57805 reason=tracking_pose_accepted
x=3.29995 y=2.05003 yaw=-0.0587851 score=0.95356 valid=1 mode=tracking state=TRACKING evaluated=807 execution_us=57131 reason=tracking_pose_accepted
x=3.29995 y=2.05004 yaw=-0.0597193 score=0.884526 valid=0 mode=tracking state=DEGRADED evaluated=807 execution_us=57824 reason=tracking_score_below_threshold
x=3.29995 y=2.05004 yaw=-0.0597193 score=0.893229 valid=0 mode=tracking state=DEGRADED evaluated=807 execution_us=53968 reason=tracking_score_below_threshold
x=3.29995 y=2.05004 yaw=-0.0597193 score=0.873009 valid=0 mode=tracking state=LOST evaluated=807 execution_us=54592 reason=rejection_limit_reached
x=3.3 y=2.05 yaw=-0.0654502 score=0.865106 valid=0 mode=global state=LOST evaluated=15444 execution_us=894531 reason=global_score_below_threshold
x=4.55 y=3.05 yaw=-1.46171 score=1 valid=1 mode=global state=RECOVERED evaluated=15444 execution_us=398478 reason=global_relocalization_accepted
x=4.1 y=1.75 yaw=-2.05606 score=0.99273 valid=1 mode=tracking state=RECOVERED evaluated=789 execution_us=23201 reason=recovery_confirmation_pending
x=4.05 y=1.2 yaw=-2.6155 score=0.988927 valid=1 mode=tracking state=RECOVERED evaluated=807 execution_us=23142 reason=recovery_confirmation_pending
x=3.35 y=0.0999999 yaw=-2.45935 score=0.972748 valid=1 mode=tracking state=TRACKING evaluated=807 execution_us=35093 reason=recovery_confirmed
x=1.8 y=0.0999998 yaw=-2.42538 score=1 valid=1 mode=tracking state=TRACKING evaluated=789 execution_us=29519 reason=tracking_pose_accepted
x=1.65 y=0.0999998 yaw=-3.01973 score=1 valid=1 mode=tracking state=TRACKING evaluated=831 execution_us=31446 reason=tracking_pose_accepted
x=1.65 y=0.0999998 yaw=-3.33482 score=1 valid=1 mode=tracking state=TRACKING evaluated=831 execution_us=30272 reason=tracking_pose_accepted
x=1.65 y=0.0999998 yaw=-3.23104 score=1 valid=1 mode=tracking state=TRACKING evaluated=831 execution_us=30502 reason=tracking_pose_accepted
x=1.65 y=0.0999998 yaw=-3.26688 score=1 valid=1 mode=tracking state=TRACKING evaluated=831 execution_us=31426 reason=tracking_pose_accepted
x=1.65 y=0.0999998 yaw=-3.44234 score=1 valid=1 mode=tracking state=TRACKING evaluated=831 execution_us=35158 reason=tracking_pose_accepted
x=1.65 y=0.0999998 yaw=-3.33856 score=1 valid=1 mode=tracking state=TRACKING evaluated=831 execution_us=35610 reason=tracking_pose_accepted
x=1.65 y=0.0999998 yaw=-3.23477 score=1 valid=1 mode=tracking state=TRACKING evaluated=831 execution_us=35834 reason=tracking_pose_accepted
x=1.4 y=0.25 yaw=-3.27062 score=1 valid=1 mode=tracking state=TRACKING evaluated=831 execution_us=35720 reason=tracking_pose_accepted
x=1.4 y=0.25 yaw=-3.86496 score=1 valid=1 mode=tracking state=TRACKING evaluated=831 execution_us=25483 reason=tracking_pose_accepted
x=1.75 y=0.15 yaw=-4.45931 score=1 valid=1 mode=tracking state=TRACKING evaluated=831 execution_us=25677 reason=tracking_pose_accepted
x=1.4 y=0.3 yaw=-5.0362 score=0.99435 valid=1 mode=tracking state=TRACKING evaluated=831 execution_us=33472 reason=tracking_pose_accepted
x=1.7 y=0.15 yaw=-5.63055 score=0.99935 valid=1 mode=tracking state=TRACKING evaluated=831 execution_us=33787 reason=tracking_pose_accepted
x=1.7 y=0.15 yaw=-6.22489 score=1 valid=1 mode=tracking state=TRACKING evaluated=807 execution_us=32929 reason=tracking_pose_accepted
x=1.45 y=0.25 yaw=-6.81924 score=1 valid=1 mode=tracking state=TRACKING evaluated=831 execution_us=33078 reason=tracking_pose_accepted
x=1.8 y=0.0999998 yaw=-7.41358 score=1 valid=1 mode=tracking state=TRACKING evaluated=807 execution_us=31520 reason=tracking_pose_accepted
x=1.45 y=0.25 yaw=-8.00793 score=1 valid=1 mode=tracking state=TRACKING evaluated=831 execution_us=33865 reason=tracking_pose_accepted
x=1.8 y=0.0999997 yaw=-8.60228 score=1 valid=1 mode=tracking state=TRACKING evaluated=831 execution_us=26966 reason=tracking_pose_accepted
x=1.65 y=0.0999997 yaw=-9.19662 score=1 valid=1 mode=tracking state=TRACKING evaluated=807 execution_us=26412 reason=tracking_pose_accepted
x=1.65 y=0.0999997 yaw=-9.51172 score=1 valid=1 mode=tracking state=TRACKING evaluated=807 execution_us=26381 reason=tracking_pose_accepted
x=1.65 y=0.0999997 yaw=-9.54756 score=1 valid=1 mode=tracking state=TRACKING evaluated=807 execution_us=27749 reason=tracking_pose_accepted
x=1.65 y=0.0999997 yaw=-9.44377 score=1 valid=1 mode=tracking state=TRACKING evaluated=807 execution_us=26941 reason=tracking_pose_accepted
x=1.65 y=0.0999997 yaw=-9.47961 score=1 valid=1 mode=tracking state=TRACKING evaluated=807 execution_us=33723 reason=tracking_pose_accepted
x=1.65 y=0.0999997 yaw=-9.65508 score=1 valid=1 mode=tracking state=TRACKING evaluated=807 execution_us=32091 reason=tracking_pose_accepted
x=1.65 y=0.0999997 yaw=-9.69092 score=1 valid=1 mode=tracking state=TRACKING evaluated=807 execution_us=34052 reason=tracking_pose_accepted
x=1.65 y=0.0999997 yaw=-9.58713 score=1 valid=1 mode=tracking state=TRACKING evaluated=807 execution_us=32145 reason=tracking_pose_accepted
x=1.65 y=0.0999997 yaw=-9.62297 score=1 valid=1 mode=tracking state=TRACKING evaluated=807 execution_us=33383 reason=tracking_pose_accepted
x=1.65 y=0.0999997 yaw=-9.51918 score=1 valid=1 mode=tracking state=TRACKING evaluated=807 execution_us=34258 reason=tracking_pose_accepted
x=1.4 y=0.25 yaw=-9.55502 score=1 valid=1 mode=tracking state=TRACKING evaluated=807 execution_us=27147 reason=tracking_pose_accepted
x=1.4 y=0.25 yaw=-10.1494 score=1 valid=1 mode=tracking state=TRACKING evaluated=807 execution_us=26349 reason=tracking_pose_accepted
x=1.4 y=0.3 yaw=-10.7437 score=1 valid=1 mode=tracking state=TRACKING evaluated=807 execution_us=26272 reason=tracking_pose_accepted
x=1.75 y=0.15 yaw=-11.3381 score=1 valid=1 mode=tracking state=TRACKING evaluated=807 execution_us=26776 reason=tracking_pose_accepted
x=1.7 y=0.15 yaw=-11.7928 score=0.997848 valid=1 mode=tracking state=TRACKING evaluated=807 execution_us=25918 reason=tracking_pose_accepted
x=1.7 y=0.15 yaw=-12.3871 score=1 valid=1 mode=tracking state=TRACKING evaluated=807 execution_us=34265 reason=tracking_pose_accepted
x=1.5 y=0.2 yaw=-12.9815 score=1 valid=1 mode=tracking state=TRACKING evaluated=807 execution_us=30865 reason=tracking_pose_accepted
x=1.45 y=0.25 yaw=-13.5758 score=1 valid=1 mode=tracking state=TRACKING evaluated=807 execution_us=32572 reason=tracking_pose_accepted
x=1.8 y=0.0999995 yaw=-14.1702 score=1 valid=1 mode=tracking state=TRACKING evaluated=807 execution_us=31293 reason=tracking_pose_accepted
x=1.45 y=0.249999 yaw=-14.7645 score=1 valid=1 mode=tracking state=TRACKING evaluated=807 execution_us=29982 reason=tracking_pose_accepted
x=1.45 y=0.199999 yaw=-15.289 score=0.989916 valid=1 mode=tracking state=TRACKING evaluated=831 execution_us=29995 reason=tracking_pose_accepted
x=1.65 y=0.0999994 yaw=-15.8834 score=1 valid=1 mode=tracking state=TRACKING evaluated=807 execution_us=29123 reason=tracking_pose_accepted
x=1.65 y=0.0999994 yaw=-15.7796 score=1 valid=1 mode=tracking state=TRACKING evaluated=831 execution_us=30362 reason=tracking_pose_accepted
x=1.65 y=0.0999994 yaw=-15.6758 score=1 valid=1 mode=tracking state=TRACKING evaluated=831 execution_us=30009 reason=tracking_pose_accepted
x=1.65 y=0.0999994 yaw=-15.572 score=1 valid=1 mode=tracking state=TRACKING evaluated=831 execution_us=27803 reason=tracking_pose_accepted
x=1.65 y=0.0999994 yaw=-15.4682 score=1 valid=1 mode=tracking state=TRACKING evaluated=831 execution_us=30087 reason=tracking_pose_accepted
x=1.65 y=0.0999994 yaw=-15.7833 score=1 valid=1 mode=tracking state=TRACKING evaluated=831 execution_us=35376 reason=tracking_pose_accepted
x=1.65 y=0.0999994 yaw=-15.8192 score=1 valid=1 mode=tracking state=TRACKING evaluated=831 execution_us=35435 reason=tracking_pose_accepted
x=1.65 y=0.0999994 yaw=-15.7154 score=1 valid=1 mode=tracking state=TRACKING evaluated=831 execution_us=33367 reason=tracking_pose_accepted
x=1.65 y=0.0999994 yaw=-15.7512 score=1 valid=1 mode=tracking state=TRACKING evaluated=831 execution_us=36253 reason=tracking_pose_accepted
x=1.4 y=0.249999 yaw=-15.7871 score=1 valid=1 mode=tracking state=TRACKING evaluated=831 execution_us=38391 reason=tracking_pose_accepted
x=1.4 y=0.249999 yaw=-16.3814 score=1 valid=1 mode=tracking state=TRACKING evaluated=831 execution_us=25883 reason=tracking_pose_accepted
x=1.75 y=0.149999 yaw=-16.9758 score=1 valid=1 mode=tracking state=TRACKING evaluated=831 execution_us=32428 reason=tracking_pose_accepted
x=1.4 y=0.299999 yaw=-17.5701 score=0.994444 valid=1 mode=tracking state=TRACKING evaluated=831 execution_us=32961 reason=tracking_pose_accepted
x=1.45 y=0.249999 yaw=-18.1644 score=1 valid=1 mode=tracking state=TRACKING evaluated=831 execution_us=30411 reason=tracking_pose_accepted
x=1.45 y=0.249999 yaw=-18.7588 score=1 valid=1 mode=tracking state=TRACKING evaluated=807 execution_us=32100 reason=tracking_pose_accepted
x=1.5 y=0.199999 yaw=-19.3531 score=1 valid=1 mode=tracking state=TRACKING evaluated=807 execution_us=31771 reason=tracking_pose_accepted
x=1.45 y=0.249999 yaw=-19.9475 score=1 valid=1 mode=tracking state=TRACKING evaluated=831 execution_us=26218 reason=tracking_pose_accepted
x=1.8 y=0.0999992 yaw=-20.5418 score=1 valid=1 mode=tracking state=TRACKING evaluated=831 execution_us=26703 reason=tracking_pose_accepted
x=1.45 y=0.249999 yaw=-21.0838 score=0.999308 valid=1 mode=tracking state=TRACKING evaluated=807 execution_us=25300 reason=tracking_pose_accepted
x=1.65 y=0.0999992 yaw=-21.6782 score=1 valid=1 mode=tracking state=TRACKING evaluated=807 execution_us=25624 reason=tracking_pose_accepted
x=1.65 y=0.0999991 yaw=-21.5744 score=1 valid=1 mode=tracking state=TRACKING evaluated=831 execution_us=27399 reason=tracking_pose_accepted
x=1.65 y=0.0999991 yaw=-21.4706 score=1 valid=1 mode=tracking state=TRACKING evaluated=831 execution_us=26945 reason=tracking_pose_accepted
x=1.65 y=0.0999991 yaw=-21.3668 score=1 valid=1 mode=tracking state=TRACKING evaluated=831 execution_us=34637 reason=tracking_pose_accepted
x=1.45 y=0.199999 yaw=-21.2107 score=0.997326 valid=1 mode=tracking state=TRACKING evaluated=831 execution_us=34248 reason=tracking_pose_accepted
x=1.4 y=0.249999 yaw=-21.805 score=1 valid=1 mode=tracking state=TRACKING evaluated=807 execution_us=33727 reason=tracking_pose_accepted
x=1.4 y=0.299999 yaw=-22.3994 score=1 valid=1 mode=tracking state=TRACKING evaluated=807 execution_us=33839 reason=tracking_pose_accepted
x=1.75 y=0.149999 yaw=-22.9937 score=0.998663 valid=1 mode=tracking state=TRACKING evaluated=807 execution_us=34083 reason=tracking_pose_accepted
x=1.4 y=0.299999 yaw=-23.588 score=1 valid=1 mode=tracking state=TRACKING evaluated=789 execution_us=28621 reason=tracking_pose_accepted
x=1.75 y=0.149999 yaw=-24.1824 score=0.999361 valid=1 mode=tracking state=TRACKING evaluated=807 execution_us=28238 reason=tracking_pose_accepted
x=1.45 y=0.249999 yaw=-24.3579 score=0.999328 valid=1 mode=tracking state=TRACKING evaluated=807 execution_us=27561 reason=tracking_pose_accepted
x=1.7 y=0.149999 yaw=-24.9522 score=1 valid=1 mode=tracking state=TRACKING evaluated=807 execution_us=28079 reason=tracking_pose_accepted
x=1.45 y=0.249999 yaw=-25.5465 score=1 valid=1 mode=tracking state=TRACKING evaluated=807 execution_us=28439 reason=tracking_pose_accepted
x=1.45 y=0.249999 yaw=-26.1409 score=1 valid=1 mode=tracking state=TRACKING evaluated=831 execution_us=29416 reason=tracking_pose_accepted
x=1.8 y=0.0999989 yaw=-26.7352 score=1 valid=1 mode=tracking state=TRACKING evaluated=831 execution_us=33178 reason=tracking_pose_accepted
x=1.45 y=0.249999 yaw=-27.3296 score=0.999335 valid=1 mode=tracking state=TRACKING evaluated=789 execution_us=32100 reason=tracking_pose_accepted
x=1.65 y=0.0999988 yaw=-27.9239 score=1 valid=1 mode=tracking state=TRACKING evaluated=807 execution_us=33473 reason=tracking_pose_accepted
x=1.65 y=0.0999988 yaw=-28.3786 score=1 valid=1 mode=tracking state=TRACKING evaluated=831 execution_us=34732 reason=tracking_pose_accepted
x=1.4 y=0.249999 yaw=-28.4145 score=1 valid=1 mode=tracking state=TRACKING evaluated=831 execution_us=33685 reason=tracking_pose_accepted
x=1.4 y=0.249999 yaw=-29.0088 score=1 valid=1 mode=tracking state=TRACKING evaluated=831 execution_us=30867 reason=tracking_pose_accepted
x=1.75 y=0.149999 yaw=-29.6032 score=0.999339 valid=1 mode=tracking state=TRACKING evaluated=831 execution_us=29893 reason=tracking_pose_accepted
x=1.4 y=0.299999 yaw=-30.1975 score=1 valid=1 mode=tracking state=TRACKING evaluated=831 execution_us=29700 reason=tracking_pose_accepted
x=1.7 y=0.149999 yaw=-30.7919 score=0.999335 valid=1 mode=tracking state=TRACKING evaluated=831 execution_us=30401 reason=tracking_pose_accepted
x=1.45 y=0.249999 yaw=-31.3862 score=1 valid=1 mode=tracking state=TRACKING evaluated=831 execution_us=30691 reason=tracking_pose_accepted
x=1.45 y=0.249999 yaw=-31.9806 score=1 valid=1 mode=tracking state=TRACKING evaluated=807 execution_us=29654 reason=tracking_pose_accepted
x=1.45 y=0.249999 yaw=-32.5749 score=1 valid=1 mode=tracking state=TRACKING evaluated=807 execution_us=33734 reason=tracking_pose_accepted
x=1.8 y=0.0999987 yaw=-33.1693 score=1 valid=1 mode=tracking state=TRACKING evaluated=807 execution_us=33986 reason=tracking_pose_accepted
x=1.45 y=0.199999 yaw=-33.7112 score=0.999339 valid=1 mode=tracking state=TRACKING evaluated=807 execution_us=34598 reason=tracking_pose_accepted
x=1.65 y=0.0999987 yaw=-34.3056 score=1 valid=1 mode=tracking state=TRACKING evaluated=831 execution_us=34846 reason=tracking_pose_accepted
x=1.65 y=0.0999987 yaw=-34.6207 score=1 valid=1 mode=tracking state=TRACKING evaluated=831 execution_us=36007 reason=tracking_pose_accepted
x=1.4 y=0.249999 yaw=-34.6565 score=1 valid=1 mode=tracking state=TRACKING evaluated=831 execution_us=40439 reason=tracking_pose_accepted
x=1.4 y=0.299999 yaw=-35.2509 score=1 valid=1 mode=tracking state=TRACKING evaluated=831 execution_us=33104 reason=tracking_pose_accepted
x=1.75 y=0.149999 yaw=-35.8452 score=1 valid=1 mode=tracking state=TRACKING evaluated=831 execution_us=31843 reason=tracking_pose_accepted
x=1.4 y=0.299999 yaw=-36.3872 score=1 valid=1 mode=tracking state=TRACKING evaluated=831 execution_us=31520 reason=tracking_pose_accepted
x=1.7 y=0.149999 yaw=-36.9815 score=0.998671 valid=1 mode=tracking state=TRACKING evaluated=831 execution_us=31773 reason=tracking_pose_accepted
x=1.7 y=0.149999 yaw=-37.5759 score=1 valid=1 mode=tracking state=TRACKING evaluated=807 execution_us=32570 reason=tracking_pose_accepted
x=1.45 y=0.249999 yaw=-38.1702 score=1 valid=1 mode=tracking state=TRACKING evaluated=807 execution_us=36472 reason=tracking_pose_accepted
x=1.45 y=0.249998 yaw=-38.7646 score=1 valid=1 mode=tracking state=TRACKING evaluated=831 execution_us=27002 reason=tracking_pose_accepted
x=1.8 y=0.0999985 yaw=-39.3589 score=1 valid=1 mode=tracking state=TRACKING evaluated=831 execution_us=25738 reason=tracking_pose_accepted
x=1.45 y=0.249998 yaw=-39.8835 score=0.999364 valid=1 mode=tracking state=TRACKING evaluated=807 execution_us=36168 reason=tracking_pose_accepted
x=1.65 y=0.0999984 yaw=-40.4778 score=1 valid=1 mode=tracking state=TRACKING evaluated=807 execution_us=25208 reason=tracking_pose_accepted
x=1.4 y=0.249998 yaw=-40.374 score=1 valid=1 mode=tracking state=TRACKING evaluated=831 execution_us=34515 reason=tracking_pose_accepted
x=1.65 y=0.0999984 yaw=-40.9684 score=1 valid=1 mode=tracking state=TRACKING evaluated=831 execution_us=32649 reason=tracking_pose_accepted
x=1.4 y=0.249998 yaw=-40.8646 score=1 valid=1 mode=tracking state=TRACKING evaluated=807 execution_us=33541 reason=tracking_pose_accepted
x=1.75 y=0.0999983 yaw=-41.4589 score=0.999339 valid=1 mode=tracking state=TRACKING evaluated=807 execution_us=33112 reason=tracking_pose_accepted
x=1.7 y=0.149998 yaw=-42.0533 score=0.9747 valid=1 mode=tracking state=TRACKING evaluated=807 execution_us=33956 reason=tracking_pose_accepted
x=1.4 y=0.299998 yaw=-41.9495 score=1 valid=1 mode=tracking state=TRACKING evaluated=807 execution_us=33902 reason=tracking_pose_accepted
x=1.75 y=0.149998 yaw=-42.5438 score=0.999367 valid=1 mode=tracking state=TRACKING evaluated=807 execution_us=27599 reason=tracking_pose_accepted
x=1.7 y=0.149998 yaw=-42.8589 score=0.99316 valid=1 mode=tracking state=TRACKING evaluated=807 execution_us=26252 reason=tracking_pose_accepted
x=1.7 y=0.149998 yaw=-43.4533 score=0.999371 valid=1 mode=tracking state=TRACKING evaluated=831 execution_us=28255 reason=tracking_pose_accepted
x=1.7 y=0.149998 yaw=-44.0476 score=1 valid=1 mode=tracking state=TRACKING evaluated=831 execution_us=27927 reason=tracking_pose_accepted
x=1.45 y=0.249998 yaw=-44.642 score=1 valid=1 mode=tracking state=TRACKING evaluated=831 execution_us=29916 reason=tracking_pose_accepted
x=1.45 y=0.249998 yaw=-45.2363 score=1 valid=1 mode=tracking state=TRACKING evaluated=807 execution_us=36033 reason=tracking_pose_accepted
x=1.8 y=0.0999982 yaw=-45.8307 score=1 valid=1 mode=tracking state=TRACKING evaluated=807 execution_us=35267 reason=tracking_pose_accepted
x=1.45 y=0.199998 yaw=-46.3726 score=0.995896 valid=1 mode=tracking state=TRACKING evaluated=831 execution_us=34761 reason=tracking_pose_accepted
x=1.65 y=0.0999982 yaw=-46.967 score=1 valid=1 mode=tracking state=TRACKING evaluated=831 execution_us=33396 reason=tracking_pose_accepted
x=1.65 y=0.0999982 yaw=-47.2821 score=1 valid=1 mode=tracking state=TRACKING evaluated=831 execution_us=29504 reason=tracking_pose_accepted
x=1.65 y=0.0999982 yaw=-47.1783 score=1 valid=1 mode=tracking state=TRACKING evaluated=831 execution_us=31536 reason=tracking_pose_accepted
x=1.65 y=0.0999982 yaw=-47.3538 score=1 valid=1 mode=tracking state=TRACKING evaluated=831 execution_us=28204 reason=tracking_pose_accepted
x=1.65 y=0.0999982 yaw=-47.25 score=1 valid=1 mode=tracking state=TRACKING evaluated=831 execution_us=26698 reason=tracking_pose_accepted
x=1.65 y=0.0999982 yaw=-47.2858 score=1 valid=1 mode=tracking state=TRACKING evaluated=831 execution_us=28385 reason=tracking_pose_accepted
x=1.65 y=0.0999982 yaw=-47.3217 score=1 valid=1 mode=tracking state=TRACKING evaluated=831 execution_us=27519 reason=tracking_pose_accepted
x=1.65 y=0.0999982 yaw=-47.2179 score=1 valid=1 mode=tracking state=TRACKING evaluated=831 execution_us=28692 reason=tracking_pose_accepted
x=1.65 y=0.0999982 yaw=-47.1141 score=1 valid=1 mode=tracking state=TRACKING evaluated=831 execution_us=35484 reason=tracking_pose_accepted
x=1.65 y=0.0999982 yaw=-47.15 score=1 valid=1 mode=tracking state=TRACKING evaluated=831 execution_us=32226 reason=tracking_pose_accepted
x=1.65 y=0.0999982 yaw=-47.1858 score=1 valid=1 mode=tracking state=TRACKING evaluated=831 execution_us=31576 reason=tracking_pose_accepted
x=1.65 y=0.0999982 yaw=-47.2216 score=1 valid=1 mode=tracking state=TRACKING evaluated=831 execution_us=32454 reason=tracking_pose_accepted
x=1.65 y=0.0999982 yaw=-47.2575 score=1 valid=1 mode=tracking state=TRACKING evaluated=831 execution_us=33535 reason=tracking_pose_accepted
x=1.65 y=0.0999982 yaw=-47.1537 score=1 valid=1 mode=tracking state=TRACKING evaluated=831 execution_us=33173 reason=tracking_pose_accepted
x=1.65 y=0.0999982 yaw=-47.3292 score=1 valid=1 mode=tracking state=TRACKING evaluated=831 execution_us=29718 reason=tracking_pose_accepted
x=1.65 y=0.0999982 yaw=-47.2254 score=1 valid=1 mode=tracking state=TRACKING evaluated=831 execution_us=29997 reason=tracking_pose_accepted
x=1.65 y=0.0999982 yaw=-47.2612 score=1 valid=1 mode=tracking state=TRACKING evaluated=831 execution_us=29212 reason=tracking_pose_accepted
x=1.65 y=0.0999982 yaw=-47.2971 score=1 valid=1 mode=tracking state=TRACKING evaluated=831 execution_us=29923 reason=tracking_pose_accepted
x=1.65 y=0.0999982 yaw=-47.1933 score=1 valid=1 mode=tracking state=TRACKING evaluated=831 execution_us=30082 reason=tracking_pose_accepted
x=1.65 y=0.0999982 yaw=-47.2291 score=1 valid=1 mode=tracking state=TRACKING evaluated=831 execution_us=29956 reason=tracking_pose_accepted
x=1.65 y=0.0999982 yaw=-47.265 score=1 valid=1 mode=tracking state=TRACKING evaluated=831 execution_us=32840 reason=tracking_pose_accepted
x=1.65 y=0.0999982 yaw=-47.3008 score=1 valid=1 mode=tracking state=TRACKING evaluated=831 execution_us=33456 reason=tracking_pose_accepted
x=1.65 y=0.0999982 yaw=-47.3367 score=1 valid=1 mode=tracking state=TRACKING evaluated=831 execution_us=33624 reason=tracking_pose_accepted
x=1.65 y=0.0999982 yaw=-47.2329 score=1 valid=1 mode=tracking state=TRACKING evaluated=831 execution_us=34370 reason=tracking_pose_accepted
x=1.65 y=0.0999982 yaw=-47.2687 score=1 valid=1 mode=tracking state=TRACKING evaluated=831 execution_us=33681 reason=tracking_pose_accepted
x=1.65 y=0.0999982 yaw=-47.3046 score=1 valid=1 mode=tracking state=TRACKING evaluated=831 execution_us=31990 reason=tracking_pose_accepted
x=1.65 y=0.0999982 yaw=-47.2008 score=1 valid=1 mode=tracking state=TRACKING evaluated=831 execution_us=32230 reason=tracking_pose_accepted
x=1.65 y=0.0999982 yaw=-47.3762 score=1 valid=1 mode=tracking state=TRACKING evaluated=831 execution_us=30456 reason=tracking_pose_accepted
x=1.65 y=0.0999982 yaw=-47.2725 score=1 valid=1 mode=tracking state=TRACKING evaluated=831 execution_us=30520 reason=tracking_pose_accepted
x=1.65 y=0.0999982 yaw=-47.1687 score=1 valid=1 mode=tracking state=TRACKING evaluated=831 execution_us=29936 reason=tracking_pose_accepted
x=1.65 y=0.0999982 yaw=-47.2045 score=1 valid=1 mode=tracking state=TRACKING evaluated=831 execution_us=32015 reason=tracking_pose_accepted
x=1.65 y=0.0999982 yaw=-47.2404 score=1 valid=1 mode=tracking state=TRACKING evaluated=831 execution_us=24616 reason=tracking_pose_accepted
x=1.65 y=0.0999982 yaw=-47.2762 score=1 valid=1 mode=tracking state=TRACKING evaluated=831 execution_us=26384 reason=tracking_pose_accepted
x=1.65 y=0.0999982 yaw=-47.3121 score=1 valid=1 mode=tracking state=TRACKING evaluated=831 execution_us=26673 reason=tracking_pose_accepted
x=1.4 y=0.249998 yaw=-47.2083 score=1 valid=1 mode=tracking state=TRACKING evaluated=831 execution_us=26745 reason=tracking_pose_accepted
x=1.4 y=0.249998 yaw=-47.8026 score=1 valid=1 mode=tracking state=TRACKING evaluated=831 execution_us=25448 reason=tracking_pose_accepted
x=1.75 y=0.149998 yaw=-48.397 score=1 valid=1 mode=tracking state=TRACKING evaluated=831 execution_us=34766 reason=tracking_pose_accepted
x=1.4 y=0.299998 yaw=-48.9739 score=1 valid=1 mode=tracking state=TRACKING evaluated=807 execution_us=33000 reason=tracking_pose_accepted
x=1.45 y=0.249998 yaw=-49.5682 score=1 valid=1 mode=tracking state=TRACKING evaluated=831 execution_us=33158 reason=tracking_pose_accepted
x=1.7 y=0.149998 yaw=-50.1625 score=1 valid=1 mode=tracking state=TRACKING evaluated=807 execution_us=31230 reason=tracking_pose_accepted
x=1.45 y=0.249998 yaw=-50.7569 score=1 valid=1 mode=tracking state=TRACKING evaluated=807 execution_us=34054 reason=tracking_pose_accepted
x=1.8 y=0.099998 yaw=-51.3512 score=1 valid=1 mode=tracking state=TRACKING evaluated=831 execution_us=32963 reason=tracking_pose_accepted
x=1.45 y=0.249998 yaw=-51.9456 score=1 valid=1 mode=tracking state=TRACKING evaluated=789 execution_us=26588 reason=tracking_pose_accepted
x=1.8 y=0.099998 yaw=-52.5399 score=1 valid=1 mode=tracking state=TRACKING evaluated=807 execution_us=26453 reason=tracking_pose_accepted
x=1.65 y=0.099998 yaw=-53.1343 score=1 valid=1 mode=tracking state=TRACKING evaluated=807 execution_us=27153 reason=tracking_pose_accepted
x=1.65 y=0.0999979 yaw=-53.589 score=1 valid=1 mode=tracking state=TRACKING evaluated=831 execution_us=29192 reason=tracking_pose_accepted
x=1.65 y=0.0999979 yaw=-53.4852 score=1 valid=1 mode=tracking state=TRACKING evaluated=831 execution_us=26411 reason=tracking_pose_accepted
x=1.65 y=0.0999979 yaw=-53.3814 score=1 valid=1 mode=tracking state=TRACKING evaluated=831 execution_us=34632 reason=tracking_pose_accepted
x=1.65 y=0.0999979 yaw=-53.4173 score=1 valid=1 mode=tracking state=TRACKING evaluated=831 execution_us=31664 reason=tracking_pose_accepted
x=1.65 y=0.0999979 yaw=-53.5927 score=1 valid=1 mode=tracking state=TRACKING evaluated=831 execution_us=32436 reason=tracking_pose_accepted
x=1.65 y=0.0999979 yaw=-53.6286 score=1 valid=1 mode=tracking state=TRACKING evaluated=831 execution_us=32112 reason=tracking_pose_accepted
x=1.65 y=0.0999979 yaw=-53.6644 score=1 valid=1 mode=tracking state=TRACKING evaluated=831 execution_us=22221 reason=tracking_pose_accepted
x=1.65 y=0.0999979 yaw=-53.5606 score=1 valid=1 mode=tracking state=TRACKING evaluated=831 execution_us=27080 reason=tracking_pose_accepted
x=1.4 y=0.249998 yaw=-53.5965 score=1 valid=1 mode=tracking state=TRACKING evaluated=831 execution_us=30982 reason=tracking_pose_accepted
x=1.4 y=0.249998 yaw=-54.1908 score=1 valid=1 mode=tracking state=TRACKING evaluated=831 execution_us=29365 reason=tracking_pose_accepted
x=1.75 y=0.149998 yaw=-54.7852 score=1 valid=1 mode=tracking state=TRACKING evaluated=831 execution_us=26827 reason=tracking_pose_accepted
x=1.7 y=0.149998 yaw=-55.3795 score=0.992236 valid=1 mode=tracking state=TRACKING evaluated=807 execution_us=32197 reason=tracking_pose_accepted
x=1.7 y=0.149998 yaw=-55.9739 score=1 valid=1 mode=tracking state=TRACKING evaluated=831 execution_us=33866 reason=tracking_pose_accepted
x=1.7 y=0.149998 yaw=-56.5682 score=1 valid=1 mode=tracking state=TRACKING evaluated=831 execution_us=39085 reason=tracking_pose_accepted
x=1.4 y=1.15 yaw=-56.3946 score=0.472045 valid=0 mode=tracking state=DEGRADED evaluated=831 execution_us=59569 reason=tracking_score_below_threshold
x=2.1 y=1.05 yaw=-56.604 score=0.347287 valid=0 mode=tracking state=DEGRADED evaluated=831 execution_us=59999 reason=tracking_score_below_threshold
x=2 y=1.15 yaw=-56.4819 score=0.382374 valid=0 mode=tracking state=LOST evaluated=831 execution_us=59661 reason=rejection_limit_reached
x=2.1 y=2.05 yaw=-0.0872669 score=0.926668 valid=1 mode=global state=RECOVERED evaluated=15444 execution_us=882308 reason=global_relocalization_accepted
x=2.1 y=2.05 yaw=-0.0707477 score=0.976286 valid=1 mode=tracking state=RECOVERED evaluated=807 execution_us=48719 reason=recovery_confirmation_pending
x=2.1 y=2.05 yaw=-0.0716819 score=0.978426 valid=1 mode=tracking state=RECOVERED evaluated=807 execution_us=47325 reason=recovery_confirmation_pending
x=2.1 y=2.05 yaw=-0.0726161 score=0.976283 valid=1 mode=tracking state=TRACKING evaluated=807 execution_us=46239 reason=recovery_confirmed
x=2.1 y=2.05 yaw=-0.0560969 score=0.976832 valid=1 mode=tracking state=TRACKING evaluated=807 execution_us=50626 reason=tracking_pose_accepted
x=2.1 y=2.05 yaw=-0.0744844 score=0.978936 valid=1 mode=tracking state=TRACKING evaluated=807 execution_us=50231 reason=tracking_pose_accepted
x=2.1 y=2.05 yaw=-0.0754185 score=0.975347 valid=1 mode=tracking state=TRACKING evaluated=807 execution_us=50966 reason=tracking_pose_accepted
x=2.1 y=2.05 yaw=-0.0588994 score=0.975398 valid=1 mode=tracking state=TRACKING evaluated=807 execution_us=50118 reason=tracking_pose_accepted
x=2.1 y=2.05 yaw=-0.0772869 score=0.975971 valid=1 mode=tracking state=TRACKING evaluated=807 execution_us=50970 reason=tracking_pose_accepted
x=2.1 y=2.05 yaw=-0.0607677 score=0.981473 valid=1 mode=tracking state=TRACKING evaluated=807 execution_us=58332 reason=tracking_pose_accepted
x=2.1 y=2.05 yaw=-0.0791552 score=0.978369 valid=1 mode=tracking state=TRACKING evaluated=807 execution_us=58126 reason=tracking_pose_accepted
x=2.1 y=2.05 yaw=-0.0626361 score=0.978737 valid=1 mode=tracking state=TRACKING evaluated=807 execution_us=59014 reason=tracking_pose_accepted
x=2.1 y=2.05 yaw=-0.0635702 score=0.976408 valid=1 mode=tracking state=TRACKING evaluated=807 execution_us=58668 reason=tracking_pose_accepted
x=2.1 y=2.05 yaw=-0.0645044 score=0.976161 valid=1 mode=tracking state=TRACKING evaluated=807 execution_us=58487 reason=tracking_pose_accepted
x=2.1 y=2.05 yaw=-0.0654386 score=0.974255 valid=1 mode=tracking state=TRACKING evaluated=807 execution_us=79689 reason=tracking_pose_accepted
x=2.1 y=2.05 yaw=-0.0663728 score=0.981686 valid=1 mode=tracking state=TRACKING evaluated=807 execution_us=95099 reason=tracking_pose_accepted
x=2.1 y=2.05 yaw=-0.067307 score=0.976471 valid=1 mode=tracking state=TRACKING evaluated=807 execution_us=49511 reason=tracking_pose_accepted
x=2.1 y=2.05 yaw=-0.0682411 score=0.975907 valid=1 mode=tracking state=TRACKING evaluated=807 execution_us=52222 reason=tracking_pose_accepted
x=2.1 y=2.05 yaw=-0.0691753 score=0.978936 valid=1 mode=tracking state=TRACKING evaluated=807 execution_us=58912 reason=tracking_pose_accepted
x=2.1 y=2.05 yaw=-0.0701095 score=0.976161 valid=1 mode=tracking state=TRACKING evaluated=807 execution_us=59600 reason=tracking_pose_accepted
x=2.1 y=2.05 yaw=-0.0710437 score=0.980392 valid=1 mode=tracking state=TRACKING evaluated=807 execution_us=59251 reason=tracking_pose_accepted
x=2.1 y=2.05 yaw=-0.0719779 score=0.982571 valid=1 mode=tracking state=TRACKING evaluated=807 execution_us=59952 reason=tracking_pose_accepted
x=2.1 y=2.05001 yaw=-0.0729121 score=0.980703 valid=1 mode=tracking state=TRACKING evaluated=807 execution_us=56890 reason=tracking_pose_accepted
x=2.1 y=2.05001 yaw=-0.0738462 score=0.979573 valid=1 mode=tracking state=TRACKING evaluated=807 execution_us=53801 reason=tracking_pose_accepted
x=2.1 y=2.05001 yaw=-0.0573271 score=0.976408 valid=1 mode=tracking state=TRACKING evaluated=807 execution_us=53265 reason=tracking_pose_accepted
x=2.1 y=2.05001 yaw=-0.0757146 score=0.978426 valid=1 mode=tracking state=TRACKING evaluated=807 execution_us=54355 reason=tracking_pose_accepted
x=2.1 y=2.05001 yaw=-0.0766487 score=0.975595 valid=1 mode=tracking state=TRACKING evaluated=807 execution_us=53032 reason=tracking_pose_accepted
x=2.1 y=2.05001 yaw=-0.0775829 score=0.980855 valid=1 mode=tracking state=TRACKING evaluated=807 execution_us=54608 reason=tracking_pose_accepted
x=2.1 y=2.05001 yaw=-0.0610638 score=0.979248 valid=1 mode=tracking state=TRACKING evaluated=807 execution_us=53892 reason=tracking_pose_accepted
x=2.1 y=2.05001 yaw=-0.061998 score=0.978483 valid=1 mode=tracking state=TRACKING evaluated=807 execution_us=57420 reason=tracking_pose_accepted
x=2.1 y=2.05001 yaw=-0.0629321 score=0.978539 valid=1 mode=tracking state=TRACKING evaluated=807 execution_us=58499 reason=tracking_pose_accepted
x=2.1 y=2.05001 yaw=-0.0813196 score=0.974236 valid=1 mode=tracking state=TRACKING evaluated=807 execution_us=57620 reason=tracking_pose_accepted
x=2.1 y=2.05001 yaw=-0.0648005 score=0.981276 valid=1 mode=tracking state=TRACKING evaluated=807 execution_us=57901 reason=tracking_pose_accepted
x=2.1 y=2.05001 yaw=-0.0657346 score=0.979357 valid=1 mode=tracking state=TRACKING evaluated=807 execution_us=58947 reason=tracking_pose_accepted
x=2.1 y=2.05001 yaw=-0.0666688 score=0.973908 valid=1 mode=tracking state=TRACKING evaluated=807 execution_us=59606 reason=tracking_pose_accepted
x=2.1 y=2.05001 yaw=-0.067603 score=0.97888 valid=1 mode=tracking state=TRACKING evaluated=807 execution_us=54801 reason=tracking_pose_accepted
x=2.1 y=2.05001 yaw=-0.0685372 score=0.976719 valid=1 mode=tracking state=TRACKING evaluated=807 execution_us=55495 reason=tracking_pose_accepted
x=2.1 y=2.05001 yaw=-0.0694714 score=0.976283 valid=1 mode=tracking state=TRACKING evaluated=807 execution_us=54856 reason=tracking_pose_accepted
x=2.1 y=2.05001 yaw=-0.0704056 score=0.980652 valid=1 mode=tracking state=TRACKING evaluated=807 execution_us=55803 reason=tracking_pose_accepted
x=2.1 y=2.05001 yaw=-0.0713397 score=0.978793 valid=1 mode=tracking state=TRACKING evaluated=807 execution_us=56818 reason=tracking_pose_accepted
x=2.1 y=2.05001 yaw=-0.0722739 score=0.978369 valid=1 mode=tracking state=TRACKING evaluated=807 execution_us=55119 reason=tracking_pose_accepted
x=2.1 y=2.05001 yaw=-0.0732081 score=0.977495 valid=1 mode=tracking state=TRACKING evaluated=807 execution_us=60108 reason=tracking_pose_accepted
x=2.1 y=2.05001 yaw=-0.0741423 score=0.976408 valid=1 mode=tracking state=TRACKING evaluated=807 execution_us=59743 reason=tracking_pose_accepted
x=2.1 y=2.05001 yaw=-0.0576232 score=0.981572 valid=1 mode=tracking state=TRACKING evaluated=807 execution_us=60316 reason=tracking_pose_accepted
x=2.1 y=2.05001 yaw=-0.0760106 score=0.978254 valid=1 mode=tracking state=TRACKING evaluated=807 execution_us=60427 reason=tracking_pose_accepted
x=2.1 y=2.05001 yaw=-0.0769448 score=0.976595 valid=1 mode=tracking state=TRACKING evaluated=807 execution_us=50000 reason=tracking_pose_accepted
x=2.1 y=2.05001 yaw=-0.077879 score=0.980754 valid=1 mode=tracking state=TRACKING evaluated=807 execution_us=61143 reason=tracking_pose_accepted
x=2.1 y=2.05001 yaw=-0.0788132 score=0.976808 valid=1 mode=tracking state=TRACKING evaluated=807 execution_us=57539 reason=tracking_pose_accepted
x=2.1 y=2.05001 yaw=-0.0797473 score=0.978426 valid=1 mode=tracking state=TRACKING evaluated=807 execution_us=57048 reason=tracking_pose_accepted
x=2.1 y=2.05001 yaw=-0.0632282 score=0.978312 valid=1 mode=tracking state=TRACKING evaluated=807 execution_us=58030 reason=tracking_pose_accepted
x=2.1 y=2.05001 yaw=-0.0641624 score=0.978483 valid=1 mode=tracking state=TRACKING evaluated=807 execution_us=57650 reason=tracking_pose_accepted
x=2.1 y=2.05001 yaw=-0.0650966 score=0.979047 valid=1 mode=tracking state=TRACKING evaluated=807 execution_us=57913 reason=tracking_pose_accepted
x=2.1 y=2.05001 yaw=-0.0660308 score=0.979357 valid=1 mode=tracking state=TRACKING evaluated=807 execution_us=58440 reason=tracking_pose_accepted
x=2.1 y=2.05001 yaw=-0.0669649 score=0.978992 valid=1 mode=tracking state=TRACKING evaluated=807 execution_us=51146 reason=tracking_pose_accepted
x=2.1 y=2.05001 yaw=-0.0678991 score=0.976408 valid=1 mode=tracking state=TRACKING evaluated=807 execution_us=51686 reason=tracking_pose_accepted
x=2.1 y=2.05001 yaw=-0.0688333 score=0.978992 valid=1 mode=tracking state=TRACKING evaluated=807 execution_us=51501 reason=tracking_pose_accepted
x=2.1 y=2.05001 yaw=-0.0697675 score=0.983971 valid=1 mode=tracking state=TRACKING evaluated=807 execution_us=51617 reason=tracking_pose_accepted
x=2.1 y=2.05001 yaw=-0.0707017 score=0.978737 valid=1 mode=tracking state=TRACKING evaluated=807 execution_us=52437 reason=tracking_pose_accepted
x=2.1 y=2.05001 yaw=-0.0716359 score=0.980914 valid=1 mode=tracking state=TRACKING evaluated=807 execution_us=51696 reason=tracking_pose_accepted
x=2.1 y=2.05001 yaw=-0.07257 score=0.975851 valid=1 mode=tracking state=TRACKING evaluated=807 execution_us=58718 reason=tracking_pose_accepted
x=2.1 y=2.05001 yaw=-0.0735042 score=0.977941 valid=1 mode=tracking state=TRACKING evaluated=807 execution_us=59888 reason=tracking_pose_accepted
x=2.1 y=2.05001 yaw=-0.0744384 score=0.977029 valid=1 mode=tracking state=TRACKING evaluated=807 execution_us=58768 reason=tracking_pose_accepted
x=2.1 y=2.05001 yaw=-0.0579193 score=0.980703 valid=1 mode=tracking state=TRACKING evaluated=807 execution_us=58900 reason=tracking_pose_accepted
mission_command=STOP
x=2.1 y=2.05001 yaw=-0.0763068 score=0.981424 valid=1 mode=tracking state=TRACKING evaluated=807 execution_us=59208 reason=tracking_pose_accepted
[YDLIDAR] Now lidar scanning has stopped!
lidar_state=STOPPED
signal_handler(15)
